../Drivers/CMSIS/Include/core_cm4.h:2059:26:ITM_SendChar	16	static,ignoring_inline_asm
../Core/Src/main.c:132:5:main	8	static
../Core/Src/main.c:233:6:SystemClock_Config	96	static
../Core/Src/main.c:296:13:MX_DFSDM1_Init	8	static
../Core/Src/main.c:334:13:MX_I2C2_Init	8	static
../Core/Src/main.c:382:13:MX_QUADSPI_Init	8	static
../Core/Src/main.c:415:13:MX_RTC_Init	32	static
../Core/Src/main.c:479:13:MX_SPI3_Init	8	static
../Core/Src/main.c:519:13:MX_USART1_UART_Init	8	static
../Core/Src/main.c:554:13:MX_USART3_UART_Init	8	static
../Core/Src/main.c:589:13:MX_USB_OTG_FS_PCD_Init	8	static
../Core/Src/main.c:624:13:MX_GPIO_Init	48	static
../Core/Src/main.c:798:5:_write	32	static
../Core/Src/main.c:809:9:extraerNumero	24	static
../Core/Src/main.c:841:6:HAL_UART_RxCpltCallback	24	static
../Core/Src/main.c:898:6:temp_task_function	152	static
../Core/Src/main.c:938:6:print_task_func	152	static
../Core/Src/main.c:972:6:RTC_set_func	440	static
../Core/Src/main.c:1095:6:HAL_TIM_PeriodElapsedCallback	16	static
../Core/Src/main.c:1112:6:Error_Handler	4	static,ignoring_inline_asm
