../Drivers/CMSIS/Include/core_cm4.h:2059:26:ITM_SendChar	16	static,ignoring_inline_asm
../Core/Src/main.c:131:5:main	8	static
../Core/Src/main.c:232:6:SystemClock_Config	96	static
../Core/Src/main.c:295:13:MX_DFSDM1_Init	8	static
../Core/Src/main.c:333:13:MX_I2C2_Init	8	static
../Core/Src/main.c:381:13:MX_QUADSPI_Init	8	static
../Core/Src/main.c:414:13:MX_RTC_Init	32	static
../Core/Src/main.c:478:13:MX_SPI3_Init	8	static
../Core/Src/main.c:518:13:MX_USART1_UART_Init	8	static
../Core/Src/main.c:553:13:MX_USART3_UART_Init	8	static
../Core/Src/main.c:588:13:MX_USB_OTG_FS_PCD_Init	8	static
../Core/Src/main.c:623:13:MX_GPIO_Init	48	static
../Core/Src/main.c:797:5:_write	32	static
../Core/Src/main.c:808:9:extraerNumero	24	static
../Core/Src/main.c:840:6:HAL_UART_RxCpltCallback	24	static
../Core/Src/main.c:897:6:temp_task_function	152	static
../Core/Src/main.c:937:6:print_task_func	152	static
../Core/Src/main.c:971:6:RTC_set_func	440	static
../Core/Src/main.c:1094:6:HAL_TIM_PeriodElapsedCallback	16	static
../Core/Src/main.c:1111:6:Error_Handler	4	static,ignoring_inline_asm
