Archive member included to satisfy reference by file (symbol)

c:/st/stm32cubeide_1.11.0/stm32cubeide/plugins/com.st.stm32cube.ide.mcu.externaltools.gnu-tools-for-stm32.10.3-2021.10.win32_1.0.100.202210260954/tools/bin/../lib/gcc/arm-none-eabi/10.3.1/../../../../arm-none-eabi/lib/thumb/v7e-m+fp/hard\libc_nano.a(lib_a-errno.o)
                              ./Core/Src/syscalls.o (__errno)
c:/st/stm32cubeide_1.11.0/stm32cubeide/plugins/com.st.stm32cube.ide.mcu.externaltools.gnu-tools-for-stm32.10.3-2021.10.win32_1.0.100.202210260954/tools/bin/../lib/gcc/arm-none-eabi/10.3.1/../../../../arm-none-eabi/lib/thumb/v7e-m+fp/hard\libc_nano.a(lib_a-exit.o)
                              c:/st/stm32cubeide_1.11.0/stm32cubeide/plugins/com.st.stm32cube.ide.mcu.externaltools.gnu-tools-for-stm32.10.3-2021.10.win32_1.0.100.202210260954/tools/bin/../lib/gcc/arm-none-eabi/10.3.1/../../../../arm-none-eabi/lib/thumb/v7e-m+fp/hard/crt0.o (exit)
c:/st/stm32cubeide_1.11.0/stm32cubeide/plugins/com.st.stm32cube.ide.mcu.externaltools.gnu-tools-for-stm32.10.3-2021.10.win32_1.0.100.202210260954/tools/bin/../lib/gcc/arm-none-eabi/10.3.1/../../../../arm-none-eabi/lib/thumb/v7e-m+fp/hard\libc_nano.a(lib_a-impure.o)
                              c:/st/stm32cubeide_1.11.0/stm32cubeide/plugins/com.st.stm32cube.ide.mcu.externaltools.gnu-tools-for-stm32.10.3-2021.10.win32_1.0.100.202210260954/tools/bin/../lib/gcc/arm-none-eabi/10.3.1/../../../../arm-none-eabi/lib/thumb/v7e-m+fp/hard\libc_nano.a(lib_a-exit.o) (_global_impure_ptr)
c:/st/stm32cubeide_1.11.0/stm32cubeide/plugins/com.st.stm32cube.ide.mcu.externaltools.gnu-tools-for-stm32.10.3-2021.10.win32_1.0.100.202210260954/tools/bin/../lib/gcc/arm-none-eabi/10.3.1/../../../../arm-none-eabi/lib/thumb/v7e-m+fp/hard\libc_nano.a(lib_a-init.o)
                              c:/st/stm32cubeide_1.11.0/stm32cubeide/plugins/com.st.stm32cube.ide.mcu.externaltools.gnu-tools-for-stm32.10.3-2021.10.win32_1.0.100.202210260954/tools/bin/../lib/gcc/arm-none-eabi/10.3.1/../../../../arm-none-eabi/lib/thumb/v7e-m+fp/hard/crt0.o (__libc_init_array)
c:/st/stm32cubeide_1.11.0/stm32cubeide/plugins/com.st.stm32cube.ide.mcu.externaltools.gnu-tools-for-stm32.10.3-2021.10.win32_1.0.100.202210260954/tools/bin/../lib/gcc/arm-none-eabi/10.3.1/../../../../arm-none-eabi/lib/thumb/v7e-m+fp/hard\libc_nano.a(lib_a-memcpy-stub.o)
                              ./Core/Src/main.o (memcpy)
c:/st/stm32cubeide_1.11.0/stm32cubeide/plugins/com.st.stm32cube.ide.mcu.externaltools.gnu-tools-for-stm32.10.3-2021.10.win32_1.0.100.202210260954/tools/bin/../lib/gcc/arm-none-eabi/10.3.1/../../../../arm-none-eabi/lib/thumb/v7e-m+fp/hard\libc_nano.a(lib_a-memset.o)
                              c:/st/stm32cubeide_1.11.0/stm32cubeide/plugins/com.st.stm32cube.ide.mcu.externaltools.gnu-tools-for-stm32.10.3-2021.10.win32_1.0.100.202210260954/tools/bin/../lib/gcc/arm-none-eabi/10.3.1/../../../../arm-none-eabi/lib/thumb/v7e-m+fp/hard/crt0.o (memset)
c:/st/stm32cubeide_1.11.0/stm32cubeide/plugins/com.st.stm32cube.ide.mcu.externaltools.gnu-tools-for-stm32.10.3-2021.10.win32_1.0.100.202210260954/tools/bin/../lib/gcc/arm-none-eabi/10.3.1/../../../../arm-none-eabi/lib/thumb/v7e-m+fp/hard\libc_nano.a(lib_a-printf.o)
                              ./Core/Src/main.o (printf)
c:/st/stm32cubeide_1.11.0/stm32cubeide/plugins/com.st.stm32cube.ide.mcu.externaltools.gnu-tools-for-stm32.10.3-2021.10.win32_1.0.100.202210260954/tools/bin/../lib/gcc/arm-none-eabi/10.3.1/../../../../arm-none-eabi/lib/thumb/v7e-m+fp/hard\libc_nano.a(lib_a-puts.o)
                              ./Core/Src/main.o (puts)
c:/st/stm32cubeide_1.11.0/stm32cubeide/plugins/com.st.stm32cube.ide.mcu.externaltools.gnu-tools-for-stm32.10.3-2021.10.win32_1.0.100.202210260954/tools/bin/../lib/gcc/arm-none-eabi/10.3.1/../../../../arm-none-eabi/lib/thumb/v7e-m+fp/hard\libc_nano.a(lib_a-snprintf.o)
                              ./Core/Src/main.o (snprintf)
c:/st/stm32cubeide_1.11.0/stm32cubeide/plugins/com.st.stm32cube.ide.mcu.externaltools.gnu-tools-for-stm32.10.3-2021.10.win32_1.0.100.202210260954/tools/bin/../lib/gcc/arm-none-eabi/10.3.1/../../../../arm-none-eabi/lib/thumb/v7e-m+fp/hard\libc_nano.a(lib_a-strlen.o)
                              ./Core/Src/main.o (strlen)
c:/st/stm32cubeide_1.11.0/stm32cubeide/plugins/com.st.stm32cube.ide.mcu.externaltools.gnu-tools-for-stm32.10.3-2021.10.win32_1.0.100.202210260954/tools/bin/../lib/gcc/arm-none-eabi/10.3.1/../../../../arm-none-eabi/lib/thumb/v7e-m+fp/hard\libc_nano.a(lib_a-wbuf.o)
                              c:/st/stm32cubeide_1.11.0/stm32cubeide/plugins/com.st.stm32cube.ide.mcu.externaltools.gnu-tools-for-stm32.10.3-2021.10.win32_1.0.100.202210260954/tools/bin/../lib/gcc/arm-none-eabi/10.3.1/../../../../arm-none-eabi/lib/thumb/v7e-m+fp/hard\libc_nano.a(lib_a-puts.o) (__swbuf_r)
[...]
Memory Configuration

Name             Origin             Length             Attributes
RAM              0x0000000020000000 0x0000000000018000 xrw
RAM2             0x0000000010000000 0x0000000000008000 xrw
FLASH            0x0000000008000000 0x0000000000100000 xr
*default*        0x0000000000000000 0xffffffffffffffff

Linker script and memory map

LOAD c:/st/stm32cubeide_1.11.0/stm32cubeide/plugins/com.st.stm32cube.ide.mcu.externaltools.gnu-tools-for-stm32.10.3-2021.10.win32_1.0.100.202210260954/tools/bin/../lib/gcc/arm-none-eabi/10.3.1/thumb/v7e-m+fp/hard/crti.o
LOAD c:/st/stm32cubeide_1.11.0/stm32cubeide/plugins/com.st.stm32cube.ide.mcu.externaltools.gnu-tools-for-stm32.10.3-2021.10.win32_1.0.100.202210260954/tools/bin/../lib/gcc/arm-none-eabi/10.3.1/thumb/v7e-m+fp/hard/crtbegin.o
LOAD c:/st/stm32cubeide_1.11.0/stm32cubeide/plugins/com.st.stm32cube.ide.mcu.externaltools.gnu-tools-for-stm32.10.3-2021.10.win32_1.0.100.202210260954/tools/bin/../lib/gcc/arm-none-eabi/10.3.1/../../../../arm-none-eabi/lib/thumb/v7e-m+fp/hard/crt0.o
LOAD ./Core/Src/freertos.o
LOAD ./Core/Src/main.o
LOAD ./Core/Src/stm32l4xx_hal_msp.o
LOAD ./Core/Src/stm32l4xx_hal_timebase_tim.o
LOAD ./Core/Src/stm32l4xx_it.o
LOAD ./Core/Src/syscalls.o
LOAD ./Core/Src/sysmem.o
LOAD ./Core/Src/system_stm32l4xx.o
LOAD ./Core/Startup/startup_stm32l475vgtx.o
LOAD ./Drivers/STM32L4xx_HAL_Driver/Src/stm32l4xx_hal.o
LOAD ./Drivers/STM32L4xx_HAL_Driver/Src/stm32l4xx_hal_cortex.o
LOAD ./Drivers/STM32L4xx_HAL_Driver/Src/stm32l4xx_hal_dfsdm.o
LOAD ./Drivers/STM32L4xx_HAL_Driver/Src/stm32l4xx_hal_dma.o
LOAD ./Drivers/STM32L4xx_HAL_Driver/Src/stm32l4xx_hal_dma_ex.o
LOAD ./Drivers/STM32L4xx_HAL_Driver/Src/stm32l4xx_hal_exti.o
LOAD ./Drivers/STM32L4xx_HAL_Driver/Src/stm32l4xx_hal_flash.o
LOAD ./Drivers/STM32L4xx_HAL_Driver/Src/stm32l4xx_hal_flash_ex.o
LOAD ./Drivers/STM32L4xx_HAL_Driver/Src/stm32l4xx_hal_flash_ramfunc.o
LOAD ./Drivers/STM32L4xx_HAL_Driver/Src/stm32l4xx_hal_gpio.o
LOAD ./Drivers/STM32L4xx_HAL_Driver/Src/stm32l4xx_hal_i2c.o
LOAD ./Drivers/STM32L4xx_HAL_Driver/Src/stm32l4xx_hal_i2c_ex.o
LOAD ./Drivers/STM32L4xx_HAL_Driver/Src/stm32l4xx_hal_pcd.o
LOAD ./Drivers/STM32L4xx_HAL_Driver/Src/stm32l4xx_hal_pcd_ex.o
LOAD ./Drivers/STM32L4xx_HAL_Driver/Src/stm32l4xx_hal_pwr.o
LOAD ./Drivers/STM32L4xx_HAL_Driver/Src/stm32l4xx_hal_pwr_ex.o
LOAD ./Drivers/STM32L4xx_HAL_Driver/Src/stm32l4xx_hal_qspi.o
LOAD ./Drivers/STM32L4xx_HAL_Driver/Src/stm32l4xx_hal_rcc.o
LOAD ./Drivers/STM32L4xx_HAL_Driver/Src/stm32l4xx_hal_rcc_ex.o
LOAD ./Drivers/STM32L4xx_HAL_Driver/Src/stm32l4xx_hal_rtc.o
LOAD ./Drivers/STM32L4xx_HAL_Driver/Src/stm32l4xx_hal_rtc_ex.o
LOAD ./Drivers/STM32L4xx_HAL_Driver/Src/stm32l4xx_hal_spi.o
LOAD ./Drivers/STM32L4xx_HAL_Driver/Src/stm32l4xx_hal_spi_ex.o
LOAD ./Drivers/STM32L4xx_HAL_Driver/Src/stm32l4xx_hal_tim.o
LOAD ./Drivers/STM32L4xx_HAL_Driver/Src/stm32l4xx_hal_tim_ex.o
LOAD ./Drivers/STM32L4xx_HAL_Driver/Src/stm32l4xx_hal_uart.o
LOAD ./Drivers/STM32L4xx_HAL_Driver/Src/stm32l4xx_hal_uart_ex.o
LOAD ./Drivers/STM32L4xx_HAL_Driver/Src/stm32l4xx_ll_usb.o
LOAD ./L4_IOT_Sensors/Drivers/BSP/B-L475E-IOT01/stm32l475e_iot01.o
LOAD ./L4_IOT_Sensors/Drivers/BSP/B-L475E-IOT01/stm32l475e_iot01_hsensor.o
LOAD ./L4_IOT_Sensors/Drivers/BSP/B-L475E-IOT01/stm32l475e_iot01_tsensor.o
LOAD ./L4_IOT_Sensors/Drivers/BSP/Components/hts221/hts221.o
LOAD ./Middlewares/Third_Party/FreeRTOS/Source/CMSIS_RTOS_V2/cmsis_os2.o
LOAD ./Middlewares/Third_Party/FreeRTOS/Source/croutine.o
LOAD ./Middlewares/Third_Party/FreeRTOS/Source/event_groups.o
LOAD ./Middlewares/Third_Party/FreeRTOS/Source/list.o
LOAD ./Middlewares/Third_Party/FreeRTOS/Source/queue.o
LOAD ./Middlewares/Third_Party/FreeRTOS/Source/stream_buffer.o
LOAD ./Middlewares/Third_Party/FreeRTOS/Source/tasks.o
LOAD ./Middlewares/Third_Party/FreeRTOS/Source/timers.o
LOAD ./Middlewares/Third_Party/FreeRTOS/Source/portable/GCC/ARM_CM4F/port.o
LOAD ./Middlewares/Third_Party/FreeRTOS/Source/portable/MemMang/heap_4.o
START GROUP
LOAD c:/st/stm32cubeide_1.11.0/stm32cubeide/plugins/com.st.stm32cube.ide.mcu.externaltools.gnu-tools-for-stm32.10.3-2021.10.win32_1.0.100.202210260954/tools/bin/../lib/gcc/arm-none-eabi/10.3.1/../../../../arm-none-eabi/lib/thumb/v7e-m+fp/hard\libc_nano.a
LOAD c:/st/stm32cubeide_1.11.0/stm32cubeide/plugins/com.st.stm32cube.ide.mcu.externaltools.gnu-tools-for-stm32.10.3-2021.10.win32_1.0.100.202210260954/tools/bin/../lib/gcc/arm-none-eabi/10.3.1/../../../../arm-none-eabi/lib/thumb/v7e-m+fp/hard\libm.a
END GROUP
START GROUP
LOAD c:/st/stm32cubeide_1.11.0/stm32cubeide/plugins/com.st.stm32cube.ide.mcu.externaltools.gnu-tools-for-stm32.10.3-2021.10.win32_1.0.100.202210260954/tools/bin/../lib/gcc/arm-none-eabi/10.3.1/thumb/v7e-m+fp/hard\libgcc.a
LOAD c:/st/stm32cubeide_1.11.0/stm32cubeide/plugins/com.st.stm32cube.ide.mcu.externaltools.gnu-tools-for-stm32.10.3-2021.10.win32_1.0.100.202210260954/tools/bin/../lib/gcc/arm-none-eabi/10.3.1/../../../../arm-none-eabi/lib/thumb/v7e-m+fp/hard\libc_nano.a
END GROUP
START GROUP
LOAD c:/st/stm32cubeide_1.11.0/stm32cubeide/plugins/com.st.stm32cube.ide.mcu.externaltools.gnu-tools-for-stm32.10.3-2021.10.win32_1.0.100.202210260954/tools/bin/../lib/gcc/arm-none-eabi/10.3.1/thumb/v7e-m+fp/hard\libgcc.a
LOAD c:/st/stm32cubeide_1.11.0/stm32cubeide/plugins/com.st.stm32cube.ide.mcu.externaltools.gnu-tools-for-stm32.10.3-2021.10.win32_1.0.100.202210260954/tools/bin/../lib/gcc/arm-none-eabi/10.3.1/../../../../arm-none-eabi/lib/thumb/v7e-m+fp/hard\libc_nano.a
LOAD c:/st/stm32cubeide_1.11.0/stm32cubeide/plugins/com.st.stm32cube.ide.mcu.externaltools.gnu-tools-for-stm32.10.3-2021.10.win32_1.0.100.202210260954/tools/bin/../lib/gcc/arm-none-eabi/10.3.1/../../../../arm-none-eabi/lib/thumb/v7e-m+fp/hard\libnosys.a
END GROUP
START GROUP
LOAD c:/st/stm32cubeide_1.11.0/stm32cubeide/plugins/com.st.stm32cube.ide.mcu.externaltools.gnu-tools-for-stm32.10.3-2021.10.win32_1.0.100.202210260954/tools/bin/../lib/gcc/arm-none-eabi/10.3.1/thumb/v7e-m+fp/hard\libgcc.a
LOAD c:/st/stm32cubeide_1.11.0/stm32cubeide/plugins/com.st.stm32cube.ide.mcu.externaltools.gnu-tools-for-stm32.10.3-2021.10.win32_1.0.100.202210260954/tools/bin/../lib/gcc/arm-none-eabi/10.3.1/../../../../arm-none-eabi/lib/thumb/v7e-m+fp/hard\libc_nano.a
LOAD c:/st/stm32cubeide_1.11.0/stm32cubeide/plugins/com.st.stm32cube.ide.mcu.externaltools.gnu-tools-for-stm32.10.3-2021.10.win32_1.0.100.202210260954/tools/bin/../lib/gcc/arm-none-eabi/10.3.1/../../../../arm-none-eabi/lib/thumb/v7e-m+fp/hard\libnosys.a
END GROUP
LOAD c:/st/stm32cubeide_1.11.0/stm32cubeide/plugins/com.st.stm32cube.ide.mcu.externaltools.gnu-tools-for-stm32.10.3-2021.10.win32_1.0.100.202210260954/tools/bin/../lib/gcc/arm-none-eabi/10.3.1/thumb/v7e-m+fp/hard/crtend.o
LOAD c:/st/stm32cubeide_1.11.0/stm32cubeide/plugins/com.st.stm32cube.ide.mcu.externaltools.gnu-tools-for-stm32.10.3-2021.10.win32_1.0.100.202210260954/tools/bin/../lib/gcc/arm-none-eabi/10.3.1/thumb/v7e-m+fp/hard/crtn.o
                0x0000000020018000                _estack = (ORIGIN (RAM) + LENGTH (RAM))
                0x0000000000000200                _Min_Heap_Size = 0x200
                0x0000000000000400                _Min_Stack_Size = 0x400

.isr_vector     0x0000000008000000      0x188
                0x0000000008000000                . = ALIGN (0x4)
 *(.isr_vector)
 .isr_vector    0x0000000008000000      0x188 ./Core/Startup/startup_stm32l475vgtx.o
                0x0000000008000000                g_pfnVectors
                0x0000000008000188                . = ALIGN (0x4)

.text           0x0000000008000190     0xcce4
                0x0000000008000190                . = ALIGN (0x4)
 *(.text)
 .text          0x0000000008000190       0x40 c:/st/stm32cubeide_1.11.0/stm32cubeide/plugins/com.st.stm32cube.ide.mcu.externaltools.gnu-tools-for-stm32.10.3-2021.10.win32_1.0.100.202210260954/tools/bin/../lib/gcc/arm-none-eabi/10.3.1/thumb/v7e-m+fp/hard/crtbegin.o
 .text          0x00000000080001d0       0x10 c:/st/stm32cubeide_1.11.0/stm32cubeide/plugins/com.st.stm32cube.ide.mcu.externaltools.gnu-tools-for-stm32.10.3-2021.10.win32_1.0.100.202210260954/tools/bin/../lib/gcc/arm-none-eabi/10.3.1/../../../../arm-none-eabi/lib/thumb/v7e-m+fp/hard\libc_nano.a(lib_a-strlen.o)
                0x00000000080001d0                strlen
 .text          0x00000000080001e0       0xa0 c:/st/stm32cubeide_1.11.0/stm32cubeide/plugins/com.st.stm32cube.ide.mcu.externaltools.gnu-tools-for-stm32.10.3-2021.10.win32_1.0.100.202210260954/tools/bin/../lib/gcc/arm-none-eabi/10.3.1/../../../../arm-none-eabi/lib/thumb/v7e-m+fp/hard\libc_nano.a(lib_a-memchr.o)
                0x00000000080001e0                memchr
 .text          0x0000000008000280      0x378 c:/st/stm32cubeide_1.11.0/stm32cubeide/plugins/com.st.stm32cube.ide.mcu.externaltools.gnu-tools-for-stm32.10.3-2021.10.win32_1.0.100.202210260954/tools/bin/../lib/gcc/arm-none-eabi/10.3.1/thumb/v7e-m+fp/hard\libgcc.a(_arm_addsubdf3.o)
                0x0000000008000280                __aeabi_drsub
                0x0000000008000288                __aeabi_dsub
                0x0000000008000288                __subdf3
                0x000000000800028c                __aeabi_dadd
                0x000000000800028c                __adddf3
                0x0000000008000504                __floatunsidf
                0x0000000008000504                __aeabi_ui2d
                0x0000000008000524                __floatsidf
                0x0000000008000524                __aeabi_i2d
                0x0000000008000548                __aeabi_f2d
                0x0000000008000548                __extendsfdf2
                0x000000000800058c                __floatundidf
                0x000000000800058c                __aeabi_ul2d
                0x000000000800059c                __floatdidf
                0x000000000800059c                __aeabi_l2d
 .text          0x00000000080005f8       0x50 c:/st/stm32cubeide_1.11.0/stm32cubeide/plugins/com.st.stm32cube.ide.mcu.externaltools.gnu-tools-for-stm32.10.3-2021.10.win32_1.0.100.202210260954/tools/bin/../lib/gcc/arm-none-eabi/10.3.1/thumb/v7e-m+fp/hard\libgcc.a(_arm_fixdfsi.o)
                0x00000000080005f8                __aeabi_d2iz
                0x00000000080005f8                __fixdfsi
 .text          0x0000000008000648       0x30 c:/st/stm32cubeide_1.11.0/stm32cubeide/plugins/com.st.stm32cube.ide.mcu.externaltools.gnu-tools-for-stm32.10.3-2021.10.win32_1.0.100.202210260954/tools/bin/../lib/gcc/arm-none-eabi/10.3.1/thumb/v7e-m+fp/hard\libgcc.a(_aeabi_uldivmod.o)
                0x0000000008000648                __aeabi_uldivmod
 .text          0x0000000008000678      0x2d0 c:/st/stm32cubeide_1.11.0/stm32cubeide/plugins/com.st.stm32cube.ide.mcu.externaltools.gnu-tools-for-stm32.10.3-2021.10.win32_1.0.100.202210260954/tools/bin/../lib/gcc/arm-none-eabi/10.3.1/thumb/v7e-m+fp/hard\libgcc.a(_udivmoddi4.o)
                0x0000000008000678                __udivmoddi4
 .text          0x0000000008000948        0x4 c:/st/stm32cubeide_1.11.0/stm32cubeide/plugins/com.st.stm32cube.ide.mcu.externaltools.gnu-tools-for-stm32.10.3-2021.10.win32_1.0.100.202210260954/tools/bin/../lib/gcc/arm-none-eabi/10.3.1/thumb/v7e-m+fp/hard\libgcc.a(_dvmd_tls.o)
                0x0000000008000948                __aeabi_idiv0
                0x0000000008000948                __aeabi_ldiv0
 *(.text*)
 .text.ITM_SendChar
                0x000000000800094c       0x4e ./Core/Src/main.o
 *fill*         0x000000000800099a        0x2 
 .text.main     0x000000000800099c       0xd0 ./Core/Src/main.o
                0x000000000800099c                main
 .text.SystemClock_Config
                0x0000000008000a6c       0xc8 ./Core/Src/main.o
                0x0000000008000a6c                SystemClock_Config
 .text.MX_DFSDM1_Init
                0x0000000008000b34       0x70 ./Core/Src/main.o
 .text.MX_I2C2_Init
                0x0000000008000ba4       0x7c ./Core/Src/main.o
 .text.MX_QUADSPI_Init
                0x0000000008000c20       0x4c ./Core/Src/main.o
 .text.MX_RTC_Init
                0x0000000008000c6c       0xb8 ./Core/Src/main.o
 .text.MX_SPI3_Init
                0x0000000008000d24       0x7c ./Core/Src/main.o
 .text.MX_USART1_UART_Init
                0x0000000008000da0       0x60 ./Core/Src/main.o
 .text.MX_USART3_UART_Init
                0x0000000008000e00       0x60 ./Core/Src/main.o
 .text.MX_USB_OTG_FS_PCD_Init
                0x0000000008000e60       0x5c ./Core/Src/main.o
 .text.MX_GPIO_Init
                0x0000000008000ebc      0x338 ./Core/Src/main.o
 .text._write   0x00000000080011f4       0x38 ./Core/Src/main.o
                0x00000000080011f4                _write
 .text.extraerNumero
                0x000000000800122c       0x68 ./Core/Src/main.o
                0x000000000800122c                extraerNumero
 .text.HAL_UART_RxCpltCallback
                0x0000000008001294      0x120 ./Core/Src/main.o
                0x0000000008001294                HAL_UART_RxCpltCallback
 .text.temp_task_function
                0x00000000080013b4       0xd8 ./Core/Src/main.o
                0x00000000080013b4                temp_task_function
 .text.print_task_func
                0x000000000800148c      0x10c ./Core/Src/main.o
                0x000000000800148c                print_task_func
 .text.RTC_set_func
                0x0000000008001598      0x50c ./Core/Src/main.o
                0x0000000008001598                RTC_set_func
 .text.HAL_TIM_PeriodElapsedCallback
                0x0000000008001aa4       0x24 ./Core/Src/main.o
                0x0000000008001aa4                HAL_TIM_PeriodElapsedCallback
 .text.Error_Handler
                0x0000000008001ac8        0xa ./Core/Src/main.o
                0x0000000008001ac8                Error_Handler
 *fill*         0x0000000008001ad2        0x2 
 .text.HAL_MspInit
                0x0000000008001ad4       0x50 ./Core/Src/stm32l4xx_hal_msp.o
                0x0000000008001ad4                HAL_MspInit
 .text.HAL_DFSDM_ChannelMspInit
                0x0000000008001b24       0xc8 ./Core/Src/stm32l4xx_hal_msp.o
                0x0000000008001b24                HAL_DFSDM_ChannelMspInit
 .text.HAL_I2C_MspInit
                0x0000000008001bec       0xbc ./Core/Src/stm32l4xx_hal_msp.o
                0x0000000008001bec                HAL_I2C_MspInit
 .text.HAL_I2C_MspDeInit
                0x0000000008001ca8       0x48 ./Core/Src/stm32l4xx_hal_msp.o
                0x0000000008001ca8                HAL_I2C_MspDeInit
 .text.HAL_QSPI_MspInit
                0x0000000008001cf0       0x88 ./Core/Src/stm32l4xx_hal_msp.o
                0x0000000008001cf0                HAL_QSPI_MspInit
 .text.HAL_RTC_MspInit
                0x0000000008001d78       0x64 ./Core/Src/stm32l4xx_hal_msp.o
                0x0000000008001d78                HAL_RTC_MspInit
 .text.HAL_SPI_MspInit
                0x0000000008001ddc       0x88 ./Core/Src/stm32l4xx_hal_msp.o
                0x0000000008001ddc                HAL_SPI_MspInit
 .text.HAL_UART_MspInit
                0x0000000008001e64      0x158 ./Core/Src/stm32l4xx_hal_msp.o
                0x0000000008001e64                HAL_UART_MspInit
 .text.HAL_PCD_MspInit
                0x0000000008001fbc      0x138 ./Core/Src/stm32l4xx_hal_msp.o
                0x0000000008001fbc                HAL_PCD_MspInit
 .text.HAL_InitTick
                0x00000000080020f4       0xf4 ./Core/Src/stm32l4xx_hal_timebase_tim.o
                0x00000000080020f4                HAL_InitTick
 .text.NMI_Handler
                0x00000000080021e8        0x6 ./Core/Src/stm32l4xx_it.o
                0x00000000080021e8                NMI_Handler
 .text.HardFault_Handler
                0x00000000080021ee        0x6 ./Core/Src/stm32l4xx_it.o
                0x00000000080021ee                HardFault_Handler
 .text.MemManage_Handler
                0x00000000080021f4        0x6 ./Core/Src/stm32l4xx_it.o
                0x00000000080021f4                MemManage_Handler
 .text.BusFault_Handler
                0x00000000080021fa        0x6 ./Core/Src/stm32l4xx_it.o
                0x00000000080021fa                BusFault_Handler
 .text.UsageFault_Handler
                0x0000000008002200        0x6 ./Core/Src/stm32l4xx_it.o
                0x0000000008002200                UsageFault_Handler
 .text.DebugMon_Handler
                0x0000000008002206        0xe ./Core/Src/stm32l4xx_it.o
                0x0000000008002206                DebugMon_Handler
 .text.EXTI9_5_IRQHandler
                0x0000000008002214       0x22 ./Core/Src/stm32l4xx_it.o
                0x0000000008002214                EXTI9_5_IRQHandler
 *fill*         0x0000000008002236        0x2 
 .text.USART1_IRQHandler
                0x0000000008002238       0x14 ./Core/Src/stm32l4xx_it.o
                0x0000000008002238                USART1_IRQHandler
 .text.EXTI15_10_IRQHandler
                0x000000000800224c       0x30 ./Core/Src/stm32l4xx_it.o
                0x000000000800224c                EXTI15_10_IRQHandler
 .text.TIM6_DAC_IRQHandler
                0x000000000800227c       0x14 ./Core/Src/stm32l4xx_it.o
                0x000000000800227c                TIM6_DAC_IRQHandler
 .text._read    0x0000000008002290       0x3a ./Core/Src/syscalls.o
                0x0000000008002290                _read
 .text._close   0x00000000080022ca       0x18 ./Core/Src/syscalls.o
                0x00000000080022ca                _close
 .text._fstat   0x00000000080022e2       0x20 ./Core/Src/syscalls.o
                0x00000000080022e2                _fstat
 .text._isatty  0x0000000008002302       0x16 ./Core/Src/syscalls.o
                0x0000000008002302                _isatty
 .text._lseek   0x0000000008002318       0x1a ./Core/Src/syscalls.o
                0x0000000008002318                _lseek
 *fill*         0x0000000008002332        0x2 
 .text._sbrk    0x0000000008002334       0x6c ./Core/Src/sysmem.o
                0x0000000008002334                _sbrk
 .text.SystemInit
                0x00000000080023a0       0x24 ./Core/Src/system_stm32l4xx.o
                0x00000000080023a0                SystemInit
 .text.Reset_Handler
                0x00000000080023c4       0x50 ./Core/Startup/startup_stm32l475vgtx.o
                0x00000000080023c4                Reset_Handler
 .text.Default_Handler
                0x0000000008002414        0x2 ./Core/Startup/startup_stm32l475vgtx.o
                0x0000000008002414                RTC_Alarm_IRQHandler
                0x0000000008002414                EXTI2_IRQHandler
                0x0000000008002414                TIM8_TRG_COM_IRQHandler
                0x0000000008002414                TIM8_CC_IRQHandler
                0x0000000008002414                TIM1_CC_IRQHandler
                0x0000000008002414                TSC_IRQHandler
                0x0000000008002414                TAMP_STAMP_IRQHandler
                0x0000000008002414                EXTI3_IRQHandler
                0x0000000008002414                LPTIM2_IRQHandler
                0x0000000008002414                DFSDM1_FLT1_IRQHandler
                0x0000000008002414                I2C3_ER_IRQHandler
                0x0000000008002414                DFSDM1_FLT2_IRQHandler
                0x0000000008002414                EXTI0_IRQHandler
                0x0000000008002414                I2C2_EV_IRQHandler
                0x0000000008002414                CAN1_RX0_IRQHandler
                0x0000000008002414                FPU_IRQHandler
                0x0000000008002414                TIM1_UP_TIM16_IRQHandler
                0x0000000008002414                ADC1_2_IRQHandler
                0x0000000008002414                SPI1_IRQHandler
                0x0000000008002414                TIM8_UP_IRQHandler
                0x0000000008002414                DMA2_Channel2_IRQHandler
                0x0000000008002414                DMA1_Channel4_IRQHandler
                0x0000000008002414                SAI2_IRQHandler
                0x0000000008002414                DFSDM1_FLT3_IRQHandler
                0x0000000008002414                USART3_IRQHandler
                0x0000000008002414                DMA1_Channel7_IRQHandler
                0x0000000008002414                CAN1_RX1_IRQHandler
                0x0000000008002414                UART5_IRQHandler
                0x0000000008002414                ADC3_IRQHandler
                0x0000000008002414                TIM4_IRQHandler
                0x0000000008002414                DMA2_Channel1_IRQHandler
                0x0000000008002414                QUADSPI_IRQHandler
                0x0000000008002414                I2C1_EV_IRQHandler
                0x0000000008002414                DMA1_Channel6_IRQHandler
                0x0000000008002414                UART4_IRQHandler
                0x0000000008002414                DMA2_Channel4_IRQHandler
                0x0000000008002414                TIM3_IRQHandler
                0x0000000008002414                RCC_IRQHandler
                0x0000000008002414                DMA1_Channel1_IRQHandler
                0x0000000008002414                Default_Handler
                0x0000000008002414                DMA2_Channel7_IRQHandler
                0x0000000008002414                TIM7_IRQHandler
                0x0000000008002414                SDMMC1_IRQHandler
                0x0000000008002414                TIM5_IRQHandler
                0x0000000008002414                I2C3_EV_IRQHandler
                0x0000000008002414                RTC_WKUP_IRQHandler
                0x0000000008002414                PVD_PVM_IRQHandler
                0x0000000008002414                SPI2_IRQHandler
                0x0000000008002414                CAN1_TX_IRQHandler
                0x0000000008002414                DMA2_Channel5_IRQHandler
                0x0000000008002414                DMA1_Channel5_IRQHandler
                0x0000000008002414                EXTI4_IRQHandler
                0x0000000008002414                RNG_IRQHandler
                0x0000000008002414                TIM1_TRG_COM_TIM17_IRQHandler
                0x0000000008002414                DMA1_Channel3_IRQHandler
                0x0000000008002414                COMP_IRQHandler
                0x0000000008002414                WWDG_IRQHandler
                0x0000000008002414                LPUART1_IRQHandler
                0x0000000008002414                DMA2_Channel6_IRQHandler
                0x0000000008002414                TIM2_IRQHandler
                0x0000000008002414                EXTI1_IRQHandler
                0x0000000008002414                USART2_IRQHandler
                0x0000000008002414                DFSDM1_FLT0_IRQHandler
                0x0000000008002414                I2C2_ER_IRQHandler
                0x0000000008002414                DMA1_Channel2_IRQHandler
                0x0000000008002414                TIM8_BRK_IRQHandler
                0x0000000008002414                CAN1_SCE_IRQHandler
                0x0000000008002414                FLASH_IRQHandler
                0x0000000008002414                OTG_FS_IRQHandler
                0x0000000008002414                SPI3_IRQHandler
                0x0000000008002414                I2C1_ER_IRQHandler
                0x0000000008002414                FMC_IRQHandler
                0x0000000008002414                SWPMI1_IRQHandler
                0x0000000008002414                LPTIM1_IRQHandler
                0x0000000008002414                SAI1_IRQHandler
                0x0000000008002414                DMA2_Channel3_IRQHandler
                0x0000000008002414                TIM1_BRK_TIM15_IRQHandler
 .text.HAL_Init
                0x0000000008002416       0x30 ./Drivers/STM32L4xx_HAL_Driver/Src/stm32l4xx_hal.o
                0x0000000008002416                HAL_Init
 *fill*         0x0000000008002446        0x2 
 .text.HAL_IncTick
                0x0000000008002448       0x28 ./Drivers/STM32L4xx_HAL_Driver/Src/stm32l4xx_hal.o
                0x0000000008002448                HAL_IncTick
 .text.HAL_GetTick
                0x0000000008002470       0x18 ./Drivers/STM32L4xx_HAL_Driver/Src/stm32l4xx_hal.o
                0x0000000008002470                HAL_GetTick
 .text.HAL_Delay
                0x0000000008002488       0x48 ./Drivers/STM32L4xx_HAL_Driver/Src/stm32l4xx_hal.o
                0x0000000008002488                HAL_Delay
 .text.__NVIC_SetPriorityGrouping
                0x00000000080024d0       0x48 ./Drivers/STM32L4xx_HAL_Driver/Src/stm32l4xx_hal_cortex.o
 .text.__NVIC_GetPriorityGrouping
                0x0000000008002518       0x1c ./Drivers/STM32L4xx_HAL_Driver/Src/stm32l4xx_hal_cortex.o
 .text.__NVIC_EnableIRQ
                0x0000000008002534       0x3c ./Drivers/STM32L4xx_HAL_Driver/Src/stm32l4xx_hal_cortex.o
 .text.__NVIC_SetPriority
                0x0000000008002570       0x54 ./Drivers/STM32L4xx_HAL_Driver/Src/stm32l4xx_hal_cortex.o
 .text.NVIC_EncodePriority
                0x00000000080025c4       0x66 ./Drivers/STM32L4xx_HAL_Driver/Src/stm32l4xx_hal_cortex.o
 .text.HAL_NVIC_SetPriorityGrouping
                0x000000000800262a       0x16 ./Drivers/STM32L4xx_HAL_Driver/Src/stm32l4xx_hal_cortex.o
                0x000000000800262a                HAL_NVIC_SetPriorityGrouping
 .text.HAL_NVIC_SetPriority
                0x0000000008002640       0x38 ./Drivers/STM32L4xx_HAL_Driver/Src/stm32l4xx_hal_cortex.o
                0x0000000008002640                HAL_NVIC_SetPriority
 .text.HAL_NVIC_EnableIRQ
                0x0000000008002678       0x1c ./Drivers/STM32L4xx_HAL_Driver/Src/stm32l4xx_hal_cortex.o
                0x0000000008002678                HAL_NVIC_EnableIRQ
 .text.HAL_DFSDM_ChannelInit
                0x0000000008002694      0x180 ./Drivers/STM32L4xx_HAL_Driver/Src/stm32l4xx_hal_dfsdm.o
                0x0000000008002694                HAL_DFSDM_ChannelInit
 .text.DFSDM_GetChannelFromInstance
                0x0000000008002814       0x98 ./Drivers/STM32L4xx_HAL_Driver/Src/stm32l4xx_hal_dfsdm.o
 .text.HAL_DMA_Abort
                0x00000000080028ac       0x7c ./Drivers/STM32L4xx_HAL_Driver/Src/stm32l4xx_hal_dma.o
                0x00000000080028ac                HAL_DMA_Abort
 .text.HAL_DMA_Abort_IT
                0x0000000008002928       0x82 ./Drivers/STM32L4xx_HAL_Driver/Src/stm32l4xx_hal_dma.o
                0x0000000008002928                HAL_DMA_Abort_IT
 *fill*         0x00000000080029aa        0x2 
 .text.HAL_GPIO_Init
                0x00000000080029ac      0x354 ./Drivers/STM32L4xx_HAL_Driver/Src/stm32l4xx_hal_gpio.o
                0x00000000080029ac                HAL_GPIO_Init
 .text.HAL_GPIO_DeInit
                0x0000000008002d00      0x1e8 ./Drivers/STM32L4xx_HAL_Driver/Src/stm32l4xx_hal_gpio.o
                0x0000000008002d00                HAL_GPIO_DeInit
 .text.HAL_GPIO_WritePin
                0x0000000008002ee8       0x30 ./Drivers/STM32L4xx_HAL_Driver/Src/stm32l4xx_hal_gpio.o
                0x0000000008002ee8                HAL_GPIO_WritePin
 .text.HAL_GPIO_EXTI_IRQHandler
                0x0000000008002f18       0x30 ./Drivers/STM32L4xx_HAL_Driver/Src/stm32l4xx_hal_gpio.o
                0x0000000008002f18                HAL_GPIO_EXTI_IRQHandler
 .text.HAL_GPIO_EXTI_Callback
                0x0000000008002f48       0x16 ./Drivers/STM32L4xx_HAL_Driver/Src/stm32l4xx_hal_gpio.o
                0x0000000008002f48                HAL_GPIO_EXTI_Callback
 .text.HAL_I2C_Init
                0x0000000008002f5e      0x11e ./Drivers/STM32L4xx_HAL_Driver/Src/stm32l4xx_hal_i2c.o
                0x0000000008002f5e                HAL_I2C_Init
 .text.HAL_I2C_DeInit
                0x000000000800307c       0x5e ./Drivers/STM32L4xx_HAL_Driver/Src/stm32l4xx_hal_i2c.o
                0x000000000800307c                HAL_I2C_DeInit
 *fill*         0x00000000080030da        0x2 
 .text.HAL_I2C_Mem_Write
                0x00000000080030dc      0x228 ./Drivers/STM32L4xx_HAL_Driver/Src/stm32l4xx_hal_i2c.o
                0x00000000080030dc                HAL_I2C_Mem_Write
 .text.HAL_I2C_Mem_Read
                0x0000000008003304      0x234 ./Drivers/STM32L4xx_HAL_Driver/Src/stm32l4xx_hal_i2c.o
                0x0000000008003304                HAL_I2C_Mem_Read
 .text.I2C_RequestMemoryWrite
                0x0000000008003538       0xa8 ./Drivers/STM32L4xx_HAL_Driver/Src/stm32l4xx_hal_i2c.o
 .text.I2C_RequestMemoryRead
                0x00000000080035e0       0xa8 ./Drivers/STM32L4xx_HAL_Driver/Src/stm32l4xx_hal_i2c.o
 .text.I2C_Flush_TXDR
                0x0000000008003688       0x48 ./Drivers/STM32L4xx_HAL_Driver/Src/stm32l4xx_hal_i2c.o
 .text.I2C_WaitOnFlagUntilTimeout
                0x00000000080036d0       0x80 ./Drivers/STM32L4xx_HAL_Driver/Src/stm32l4xx_hal_i2c.o
 .text.I2C_WaitOnTXISFlagUntilTimeout
                0x0000000008003750       0x80 ./Drivers/STM32L4xx_HAL_Driver/Src/stm32l4xx_hal_i2c.o
 .text.I2C_WaitOnSTOPFlagUntilTimeout
                0x00000000080037d0       0x78 ./Drivers/STM32L4xx_HAL_Driver/Src/stm32l4xx_hal_i2c.o
 .text.I2C_IsErrorOccurred
                0x0000000008003848      0x1d8 ./Drivers/STM32L4xx_HAL_Driver/Src/stm32l4xx_hal_i2c.o
 .text.I2C_TransferConfig
                0x0000000008003a20       0x64 ./Drivers/STM32L4xx_HAL_Driver/Src/stm32l4xx_hal_i2c.o
 .text.HAL_I2CEx_ConfigAnalogFilter
                0x0000000008003a84       0x96 ./Drivers/STM32L4xx_HAL_Driver/Src/stm32l4xx_hal_i2c_ex.o
                0x0000000008003a84                HAL_I2CEx_ConfigAnalogFilter
 .text.HAL_I2CEx_ConfigDigitalFilter
                0x0000000008003b1a       0x98 ./Drivers/STM32L4xx_HAL_Driver/Src/stm32l4xx_hal_i2c_ex.o
                0x0000000008003b1a                HAL_I2CEx_ConfigDigitalFilter
 .text.HAL_PCD_Init
                0x0000000008003bb2      0x248 ./Drivers/STM32L4xx_HAL_Driver/Src/stm32l4xx_hal_pcd.o
                0x0000000008003bb2                HAL_PCD_Init
 .text.HAL_PCDEx_ActivateLPM
                0x0000000008003dfa       0x48 ./Drivers/STM32L4xx_HAL_Driver/Src/stm32l4xx_hal_pcd_ex.o
                0x0000000008003dfa                HAL_PCDEx_ActivateLPM
 *fill*         0x0000000008003e42        0x2 
 .text.HAL_PWR_EnableBkUpAccess
                0x0000000008003e44       0x20 ./Drivers/STM32L4xx_HAL_Driver/Src/stm32l4xx_hal_pwr.o
                0x0000000008003e44                HAL_PWR_EnableBkUpAccess
 .text.HAL_PWREx_GetVoltageRange
                0x0000000008003e64       0x1c ./Drivers/STM32L4xx_HAL_Driver/Src/stm32l4xx_hal_pwr_ex.o
                0x0000000008003e64                HAL_PWREx_GetVoltageRange
 .text.HAL_PWREx_ControlVoltageScaling
                0x0000000008003e80       0xac ./Drivers/STM32L4xx_HAL_Driver/Src/stm32l4xx_hal_pwr_ex.o
                0x0000000008003e80                HAL_PWREx_ControlVoltageScaling
 .text.HAL_PWREx_EnableVddUSB
                0x0000000008003f2c       0x20 ./Drivers/STM32L4xx_HAL_Driver/Src/stm32l4xx_hal_pwr_ex.o
                0x0000000008003f2c                HAL_PWREx_EnableVddUSB
 .text.HAL_QSPI_Init
                0x0000000008003f4c       0xec ./Drivers/STM32L4xx_HAL_Driver/Src/stm32l4xx_hal_qspi.o
                0x0000000008003f4c                HAL_QSPI_Init
 .text.HAL_QSPI_SetTimeout
                0x0000000008004038       0x1c ./Drivers/STM32L4xx_HAL_Driver/Src/stm32l4xx_hal_qspi.o
                0x0000000008004038                HAL_QSPI_SetTimeout
 .text.QSPI_WaitFlagStateUntilTimeout
                0x0000000008004054       0x6e ./Drivers/STM32L4xx_HAL_Driver/Src/stm32l4xx_hal_qspi.o
 *fill*         0x00000000080040c2        0x2 
 .text.HAL_RCC_OscConfig
                0x00000000080040c4      0x7b8 ./Drivers/STM32L4xx_HAL_Driver/Src/stm32l4xx_hal_rcc.o
                0x00000000080040c4                HAL_RCC_OscConfig
 .text.HAL_RCC_ClockConfig
                0x000000000800487c      0x200 ./Drivers/STM32L4xx_HAL_Driver/Src/stm32l4xx_hal_rcc.o
                0x000000000800487c                HAL_RCC_ClockConfig
 .text.HAL_RCC_GetSysClockFreq
                0x0000000008004a7c      0x118 ./Drivers/STM32L4xx_HAL_Driver/Src/stm32l4xx_hal_rcc.o
                0x0000000008004a7c                HAL_RCC_GetSysClockFreq
 .text.HAL_RCC_GetHCLKFreq
                0x0000000008004b94       0x18 ./Drivers/STM32L4xx_HAL_Driver/Src/stm32l4xx_hal_rcc.o
                0x0000000008004b94                HAL_RCC_GetHCLKFreq
 .text.HAL_RCC_GetPCLK1Freq
                0x0000000008004bac       0x2c ./Drivers/STM32L4xx_HAL_Driver/Src/stm32l4xx_hal_rcc.o
                0x0000000008004bac                HAL_RCC_GetPCLK1Freq
 .text.HAL_RCC_GetPCLK2Freq
                0x0000000008004bd8       0x2c ./Drivers/STM32L4xx_HAL_Driver/Src/stm32l4xx_hal_rcc.o
                0x0000000008004bd8                HAL_RCC_GetPCLK2Freq
 .text.HAL_RCC_GetClockConfig
                0x0000000008004c04       0x64 ./Drivers/STM32L4xx_HAL_Driver/Src/stm32l4xx_hal_rcc.o
                0x0000000008004c04                HAL_RCC_GetClockConfig
 .text.RCC_SetFlashLatencyFromMSIRange
                0x0000000008004c68       0xc0 ./Drivers/STM32L4xx_HAL_Driver/Src/stm32l4xx_hal_rcc.o
 .text.HAL_RCCEx_PeriphCLKConfig
                0x0000000008004d28      0x5d4 ./Drivers/STM32L4xx_HAL_Driver/Src/stm32l4xx_hal_rcc_ex.o
                0x0000000008004d28                HAL_RCCEx_PeriphCLKConfig
 .text.HAL_RCCEx_EnableMSIPLLMode
                0x00000000080052fc       0x20 ./Drivers/STM32L4xx_HAL_Driver/Src/stm32l4xx_hal_rcc_ex.o
                0x00000000080052fc                HAL_RCCEx_EnableMSIPLLMode
 .text.RCCEx_PLLSAI1_Config
                0x000000000800531c      0x1e8 ./Drivers/STM32L4xx_HAL_Driver/Src/stm32l4xx_hal_rcc_ex.o
 .text.RCCEx_PLLSAI2_Config
                0x0000000008005504      0x1bc ./Drivers/STM32L4xx_HAL_Driver/Src/stm32l4xx_hal_rcc_ex.o
 .text.HAL_RTC_Init
                0x00000000080056c0       0xf6 ./Drivers/STM32L4xx_HAL_Driver/Src/stm32l4xx_hal_rtc.o
                0x00000000080056c0                HAL_RTC_Init
 .text.HAL_RTC_SetTime
                0x00000000080057b6      0x13a ./Drivers/STM32L4xx_HAL_Driver/Src/stm32l4xx_hal_rtc.o
                0x00000000080057b6                HAL_RTC_SetTime
 .text.HAL_RTC_GetTime
                0x00000000080058f0       0xb8 ./Drivers/STM32L4xx_HAL_Driver/Src/stm32l4xx_hal_rtc.o
                0x00000000080058f0                HAL_RTC_GetTime
 .text.HAL_RTC_SetDate
                0x00000000080059a8      0x10e ./Drivers/STM32L4xx_HAL_Driver/Src/stm32l4xx_hal_rtc.o
                0x00000000080059a8                HAL_RTC_SetDate
 .text.HAL_RTC_GetDate
                0x0000000008005ab6       0x9a ./Drivers/STM32L4xx_HAL_Driver/Src/stm32l4xx_hal_rtc.o
                0x0000000008005ab6                HAL_RTC_GetDate
 .text.HAL_RTC_WaitForSynchro
                0x0000000008005b50       0x4c ./Drivers/STM32L4xx_HAL_Driver/Src/stm32l4xx_hal_rtc.o
                0x0000000008005b50                HAL_RTC_WaitForSynchro
 .text.RTC_EnterInitMode
                0x0000000008005b9c       0x66 ./Drivers/STM32L4xx_HAL_Driver/Src/stm32l4xx_hal_rtc.o
                0x0000000008005b9c                RTC_EnterInitMode
 *fill*         0x0000000008005c02        0x2 
 .text.RTC_ExitInitMode
                0x0000000008005c04       0x7c ./Drivers/STM32L4xx_HAL_Driver/Src/stm32l4xx_hal_rtc.o
                0x0000000008005c04                RTC_ExitInitMode
 .text.RTC_ByteToBcd2
                0x0000000008005c80       0x40 ./Drivers/STM32L4xx_HAL_Driver/Src/stm32l4xx_hal_rtc.o
                0x0000000008005c80                RTC_ByteToBcd2
 .text.RTC_Bcd2ToByte
                0x0000000008005cc0       0x34 ./Drivers/STM32L4xx_HAL_Driver/Src/stm32l4xx_hal_rtc.o
                0x0000000008005cc0                RTC_Bcd2ToByte
 .text.HAL_SPI_Init
                0x0000000008005cf4      0x146 ./Drivers/STM32L4xx_HAL_Driver/Src/stm32l4xx_hal_spi.o
                0x0000000008005cf4                HAL_SPI_Init
 .text.HAL_TIM_Base_Init
                0x0000000008005e3a       0xae ./Drivers/STM32L4xx_HAL_Driver/Src/stm32l4xx_hal_tim.o
                0x0000000008005e3a                HAL_TIM_Base_Init
 .text.HAL_TIM_Base_MspInit
                0x0000000008005ee8       0x14 ./Drivers/STM32L4xx_HAL_Driver/Src/stm32l4xx_hal_tim.o
                0x0000000008005ee8                HAL_TIM_Base_MspInit
 .text.HAL_TIM_Base_Start_IT
                0x0000000008005efc       0xe0 ./Drivers/STM32L4xx_HAL_Driver/Src/stm32l4xx_hal_tim.o
                0x0000000008005efc                HAL_TIM_Base_Start_IT
 .text.HAL_TIM_IRQHandler
                0x0000000008005fdc      0x23e ./Drivers/STM32L4xx_HAL_Driver/Src/stm32l4xx_hal_tim.o
                0x0000000008005fdc                HAL_TIM_IRQHandler
 .text.HAL_TIM_OC_DelayElapsedCallback
                0x000000000800621a       0x14 ./Drivers/STM32L4xx_HAL_Driver/Src/stm32l4xx_hal_tim.o
                0x000000000800621a                HAL_TIM_OC_DelayElapsedCallback
 .text.HAL_TIM_IC_CaptureCallback
                0x000000000800622e       0x14 ./Drivers/STM32L4xx_HAL_Driver/Src/stm32l4xx_hal_tim.o
                0x000000000800622e                HAL_TIM_IC_CaptureCallback
 .text.HAL_TIM_PWM_PulseFinishedCallback
                0x0000000008006242       0x14 ./Drivers/STM32L4xx_HAL_Driver/Src/stm32l4xx_hal_tim.o
                0x0000000008006242                HAL_TIM_PWM_PulseFinishedCallback
 .text.HAL_TIM_TriggerCallback
                0x0000000008006256       0x14 ./Drivers/STM32L4xx_HAL_Driver/Src/stm32l4xx_hal_tim.o
                0x0000000008006256                HAL_TIM_TriggerCallback
 *fill*         0x000000000800626a        0x2 
 .text.TIM_Base_SetConfig
                0x000000000800626c      0x134 ./Drivers/STM32L4xx_HAL_Driver/Src/stm32l4xx_hal_tim.o
                0x000000000800626c                TIM_Base_SetConfig
 .text.HAL_TIMEx_CommutCallback
                0x00000000080063a0       0x14 ./Drivers/STM32L4xx_HAL_Driver/Src/stm32l4xx_hal_tim_ex.o
                0x00000000080063a0                HAL_TIMEx_CommutCallback
 .text.HAL_TIMEx_BreakCallback
                0x00000000080063b4       0x14 ./Drivers/STM32L4xx_HAL_Driver/Src/stm32l4xx_hal_tim_ex.o
                0x00000000080063b4                HAL_TIMEx_BreakCallback
 .text.HAL_TIMEx_Break2Callback
                0x00000000080063c8       0x14 ./Drivers/STM32L4xx_HAL_Driver/Src/stm32l4xx_hal_tim_ex.o
                0x00000000080063c8                HAL_TIMEx_Break2Callback
 .text.HAL_UART_Init
                0x00000000080063dc       0x9c ./Drivers/STM32L4xx_HAL_Driver/Src/stm32l4xx_hal_uart.o
                0x00000000080063dc                HAL_UART_Init
 .text.HAL_UART_Transmit
                0x0000000008006478      0x128 ./Drivers/STM32L4xx_HAL_Driver/Src/stm32l4xx_hal_uart.o
                0x0000000008006478                HAL_UART_Transmit
 .text.HAL_UART_Receive_IT
                0x00000000080065a0       0xac ./Drivers/STM32L4xx_HAL_Driver/Src/stm32l4xx_hal_uart.o
                0x00000000080065a0                HAL_UART_Receive_IT
 .text.HAL_UART_IRQHandler
                0x000000000800664c      0x5c4 ./Drivers/STM32L4xx_HAL_Driver/Src/stm32l4xx_hal_uart.o
                0x000000000800664c                HAL_UART_IRQHandler
 .text.HAL_UART_TxCpltCallback
                0x0000000008006c10       0x14 ./Drivers/STM32L4xx_HAL_Driver/Src/stm32l4xx_hal_uart.o
                0x0000000008006c10                HAL_UART_TxCpltCallback
 .text.HAL_UART_ErrorCallback
                0x0000000008006c24       0x14 ./Drivers/STM32L4xx_HAL_Driver/Src/stm32l4xx_hal_uart.o
                0x0000000008006c24                HAL_UART_ErrorCallback
 .text.HAL_UARTEx_RxEventCallback
                0x0000000008006c38       0x18 ./Drivers/STM32L4xx_HAL_Driver/Src/stm32l4xx_hal_uart.o
                0x0000000008006c38                HAL_UARTEx_RxEventCallback
 .text.UART_SetConfig
                0x0000000008006c50      0x570 ./Drivers/STM32L4xx_HAL_Driver/Src/stm32l4xx_hal_uart.o
                0x0000000008006c50                UART_SetConfig
 .text.UART_AdvFeatureConfig
                0x00000000080071c0      0x144 ./Drivers/STM32L4xx_HAL_Driver/Src/stm32l4xx_hal_uart.o
                0x00000000080071c0                UART_AdvFeatureConfig
 .text.UART_CheckIdleState
                0x0000000008007304       0x92 ./Drivers/STM32L4xx_HAL_Driver/Src/stm32l4xx_hal_uart.o
                0x0000000008007304                UART_CheckIdleState
 .text.UART_WaitOnFlagUntilTimeout
                0x0000000008007396      0x188 ./Drivers/STM32L4xx_HAL_Driver/Src/stm32l4xx_hal_uart.o
                0x0000000008007396                UART_WaitOnFlagUntilTimeout
 *fill*         0x000000000800751e        0x2 
 .text.UART_Start_Receive_IT
                0x0000000008007520      0x194 ./Drivers/STM32L4xx_HAL_Driver/Src/stm32l4xx_hal_uart.o
                0x0000000008007520                UART_Start_Receive_IT
 .text.UART_EndRxTransfer
                0x00000000080076b4       0xc6 ./Drivers/STM32L4xx_HAL_Driver/Src/stm32l4xx_hal_uart.o
 .text.UART_DMAAbortOnError
                0x000000000800777a       0x2c ./Drivers/STM32L4xx_HAL_Driver/Src/stm32l4xx_hal_uart.o
 .text.UART_EndTransmit_IT
                0x00000000080077a6       0x54 ./Drivers/STM32L4xx_HAL_Driver/Src/stm32l4xx_hal_uart.o
 .text.UART_RxISR_8BIT
                0x00000000080077fa      0x160 ./Drivers/STM32L4xx_HAL_Driver/Src/stm32l4xx_hal_uart.o
 .text.UART_RxISR_16BIT
                0x000000000800795a      0x160 ./Drivers/STM32L4xx_HAL_Driver/Src/stm32l4xx_hal_uart.o
 .text.HAL_UARTEx_WakeupCallback
                0x0000000008007aba       0x14 ./Drivers/STM32L4xx_HAL_Driver/Src/stm32l4xx_hal_uart_ex.o
                0x0000000008007aba                HAL_UARTEx_WakeupCallback
 .text.USB_CoreInit
                0x0000000008007ace       0x58 ./Drivers/STM32L4xx_HAL_Driver/Src/stm32l4xx_ll_usb.o
                0x0000000008007ace                USB_CoreInit
 .text.USB_DisableGlobalInt
                0x0000000008007b26       0x22 ./Drivers/STM32L4xx_HAL_Driver/Src/stm32l4xx_ll_usb.o
                0x0000000008007b26                USB_DisableGlobalInt
 .text.USB_SetCurrentMode
                0x0000000008007b48       0x98 ./Drivers/STM32L4xx_HAL_Driver/Src/stm32l4xx_ll_usb.o
                0x0000000008007b48                USB_SetCurrentMode
 .text.USB_DevInit
                0x0000000008007be0      0x298 ./Drivers/STM32L4xx_HAL_Driver/Src/stm32l4xx_ll_usb.o
                0x0000000008007be0                USB_DevInit
 .text.USB_FlushTxFifo
                0x0000000008007e78       0x68 ./Drivers/STM32L4xx_HAL_Driver/Src/stm32l4xx_ll_usb.o
                0x0000000008007e78                USB_FlushTxFifo
 .text.USB_FlushRxFifo
                0x0000000008007ee0       0x60 ./Drivers/STM32L4xx_HAL_Driver/Src/stm32l4xx_ll_usb.o
                0x0000000008007ee0                USB_FlushRxFifo
 .text.USB_SetDevSpeed
                0x0000000008007f40       0x32 ./Drivers/STM32L4xx_HAL_Driver/Src/stm32l4xx_ll_usb.o
                0x0000000008007f40                USB_SetDevSpeed
 .text.USB_DevDisconnect
                0x0000000008007f72       0x42 ./Drivers/STM32L4xx_HAL_Driver/Src/stm32l4xx_ll_usb.o
                0x0000000008007f72                USB_DevDisconnect
 .text.USB_GetMode
                0x0000000008007fb4       0x1c ./Drivers/STM32L4xx_HAL_Driver/Src/stm32l4xx_ll_usb.o
                0x0000000008007fb4                USB_GetMode
 .text.USB_CoreReset
                0x0000000008007fd0       0x68 ./Drivers/STM32L4xx_HAL_Driver/Src/stm32l4xx_ll_usb.o
 .text.I2Cx_MspInit
                0x0000000008008038       0xb0 ./L4_IOT_Sensors/Drivers/BSP/B-L475E-IOT01/stm32l475e_iot01.o
 .text.I2Cx_Init
                0x00000000080080e8       0x5c ./L4_IOT_Sensors/Drivers/BSP/B-L475E-IOT01/stm32l475e_iot01.o
 .text.I2Cx_ReadMultiple
                0x0000000008008144       0x5a ./L4_IOT_Sensors/Drivers/BSP/B-L475E-IOT01/stm32l475e_iot01.o
 .text.I2Cx_WriteMultiple
                0x000000000800819e       0x5a ./L4_IOT_Sensors/Drivers/BSP/B-L475E-IOT01/stm32l475e_iot01.o
 .text.I2Cx_Error
                0x00000000080081f8       0x20 ./L4_IOT_Sensors/Drivers/BSP/B-L475E-IOT01/stm32l475e_iot01.o
 .text.SENSOR_IO_Init
                0x0000000008008218       0x14 ./L4_IOT_Sensors/Drivers/BSP/B-L475E-IOT01/stm32l475e_iot01.o
                0x0000000008008218                SENSOR_IO_Init
 .text.SENSOR_IO_Write
                0x000000000800822c       0x34 ./L4_IOT_Sensors/Drivers/BSP/B-L475E-IOT01/stm32l475e_iot01.o
                0x000000000800822c                SENSOR_IO_Write
 .text.SENSOR_IO_Read
                0x0000000008008260       0x3c ./L4_IOT_Sensors/Drivers/BSP/B-L475E-IOT01/stm32l475e_iot01.o
                0x0000000008008260                SENSOR_IO_Read
 .text.SENSOR_IO_ReadMultiple
                0x000000000800829c       0x3c ./L4_IOT_Sensors/Drivers/BSP/B-L475E-IOT01/stm32l475e_iot01.o
                0x000000000800829c                SENSOR_IO_ReadMultiple
 .text.BSP_HSENSOR_Init
                0x00000000080082d8       0x40 ./L4_IOT_Sensors/Drivers/BSP/B-L475E-IOT01/stm32l475e_iot01_hsensor.o
                0x00000000080082d8                BSP_HSENSOR_Init
 .text.BSP_HSENSOR_ReadHumidity
                0x0000000008008318       0x1c ./L4_IOT_Sensors/Drivers/BSP/B-L475E-IOT01/stm32l475e_iot01_hsensor.o
                0x0000000008008318                BSP_HSENSOR_ReadHumidity
 .text.HTS221_H_Init
                0x0000000008008334       0x58 ./L4_IOT_Sensors/Drivers/BSP/Components/hts221/hts221.o
                0x0000000008008334                HTS221_H_Init
 .text.HTS221_H_ReadID
                0x000000000800838c       0x2c ./L4_IOT_Sensors/Drivers/BSP/Components/hts221/hts221.o
                0x000000000800838c                HTS221_H_ReadID
 .text.HTS221_H_ReadHumidity
                0x00000000080083b8      0x138 ./L4_IOT_Sensors/Drivers/BSP/Components/hts221/hts221.o
                0x00000000080083b8                HTS221_H_ReadHumidity
 .text.__NVIC_SetPriority
                0x00000000080084f0       0x54 ./Middlewares/Third_Party/FreeRTOS/Source/CMSIS_RTOS_V2/cmsis_os2.o
 .text.SysTick_Handler
                0x0000000008008544       0x20 ./Middlewares/Third_Party/FreeRTOS/Source/CMSIS_RTOS_V2/cmsis_os2.o
                0x0000000008008544                SysTick_Handler
 .text.SVC_Setup
                0x0000000008008564       0x12 ./Middlewares/Third_Party/FreeRTOS/Source/CMSIS_RTOS_V2/cmsis_os2.o
 *fill*         0x0000000008008576        0x2 
 .text.osKernelInitialize
                0x0000000008008578       0x48 ./Middlewares/Third_Party/FreeRTOS/Source/CMSIS_RTOS_V2/cmsis_os2.o
                0x0000000008008578                osKernelInitialize
 .text.osKernelStart
                0x00000000080085c0       0x4c ./Middlewares/Third_Party/FreeRTOS/Source/CMSIS_RTOS_V2/cmsis_os2.o
                0x00000000080085c0                osKernelStart
 .text.osThreadNew
                0x000000000800860c      0x124 ./Middlewares/Third_Party/FreeRTOS/Source/CMSIS_RTOS_V2/cmsis_os2.o
                0x000000000800860c                osThreadNew
 .text.osThreadFlagsSet
                0x0000000008008730       0x9c ./Middlewares/Third_Party/FreeRTOS/Source/CMSIS_RTOS_V2/cmsis_os2.o
                0x0000000008008730                osThreadFlagsSet
 .text.osThreadFlagsWait
                0x00000000080087cc      0x102 ./Middlewares/Third_Party/FreeRTOS/Source/CMSIS_RTOS_V2/cmsis_os2.o
                0x00000000080087cc                osThreadFlagsWait
 .text.osDelay  0x00000000080088ce       0x36 ./Middlewares/Third_Party/FreeRTOS/Source/CMSIS_RTOS_V2/cmsis_os2.o
                0x00000000080088ce                osDelay
 .text.osMessageQueueNew
                0x0000000008008904       0xe6 ./Middlewares/Third_Party/FreeRTOS/Source/CMSIS_RTOS_V2/cmsis_os2.o
                0x0000000008008904                osMessageQueueNew
 *fill*         0x00000000080089ea        0x2 
 .text.osMessageQueuePut
                0x00000000080089ec       0xc0 ./Middlewares/Third_Party/FreeRTOS/Source/CMSIS_RTOS_V2/cmsis_os2.o
                0x00000000080089ec                osMessageQueuePut
 .text.osMessageQueueGet
                0x0000000008008aac       0xbc ./Middlewares/Third_Party/FreeRTOS/Source/CMSIS_RTOS_V2/cmsis_os2.o
                0x0000000008008aac                osMessageQueueGet
 .text.osMessageQueueReset
                0x0000000008008b68       0x44 ./Middlewares/Third_Party/FreeRTOS/Source/CMSIS_RTOS_V2/cmsis_os2.o
                0x0000000008008b68                osMessageQueueReset
 .text.vApplicationGetIdleTaskMemory
                0x0000000008008bac       0x34 ./Middlewares/Third_Party/FreeRTOS/Source/CMSIS_RTOS_V2/cmsis_os2.o
                0x0000000008008bac                vApplicationGetIdleTaskMemory
 .text.vApplicationGetTimerTaskMemory
                0x0000000008008be0       0x34 ./Middlewares/Third_Party/FreeRTOS/Source/CMSIS_RTOS_V2/cmsis_os2.o
                0x0000000008008be0                vApplicationGetTimerTaskMemory
 .text.vListInitialise
                0x0000000008008c14       0x40 ./Middlewares/Third_Party/FreeRTOS/Source/list.o
                0x0000000008008c14                vListInitialise
 .text.vListInitialiseItem
                0x0000000008008c54       0x1a ./Middlewares/Third_Party/FreeRTOS/Source/list.o
                0x0000000008008c54                vListInitialiseItem
 .text.vListInsertEnd
                0x0000000008008c6e       0x48 ./Middlewares/Third_Party/FreeRTOS/Source/list.o
                0x0000000008008c6e                vListInsertEnd
 .text.vListInsert
                0x0000000008008cb6       0x72 ./Middlewares/Third_Party/FreeRTOS/Source/list.o
                0x0000000008008cb6                vListInsert
 .text.uxListRemove
                0x0000000008008d28       0x54 ./Middlewares/Third_Party/FreeRTOS/Source/list.o
                0x0000000008008d28                uxListRemove
 .text.xQueueGenericReset
                0x0000000008008d7c       0xd0 ./Middlewares/Third_Party/FreeRTOS/Source/queue.o
                0x0000000008008d7c                xQueueGenericReset
 .text.xQueueGenericCreateStatic
                0x0000000008008e4c       0xf0 ./Middlewares/Third_Party/FreeRTOS/Source/queue.o
                0x0000000008008e4c                xQueueGenericCreateStatic
 .text.xQueueGenericCreate
                0x0000000008008f3c       0x74 ./Middlewares/Third_Party/FreeRTOS/Source/queue.o
                0x0000000008008f3c                xQueueGenericCreate
 .text.prvInitialiseNewQueue
                0x0000000008008fb0       0x46 ./Middlewares/Third_Party/FreeRTOS/Source/queue.o
 *fill*         0x0000000008008ff6        0x2 
 .text.xQueueGenericSend
                0x0000000008008ff8      0x1fc ./Middlewares/Third_Party/FreeRTOS/Source/queue.o
                0x0000000008008ff8                xQueueGenericSend
 .text.xQueueGenericSendFromISR
                0x00000000080091f4      0x136 ./Middlewares/Third_Party/FreeRTOS/Source/queue.o
                0x00000000080091f4                xQueueGenericSendFromISR
 *fill*         0x000000000800932a        0x2 
 .text.xQueueReceive
                0x000000000800932c      0x1c0 ./Middlewares/Third_Party/FreeRTOS/Source/queue.o
                0x000000000800932c                xQueueReceive
 .text.xQueueReceiveFromISR
                0x00000000080094ec      0x100 ./Middlewares/Third_Party/FreeRTOS/Source/queue.o
                0x00000000080094ec                xQueueReceiveFromISR
 .text.prvCopyDataToQueue
                0x00000000080095ec       0xd4 ./Middlewares/Third_Party/FreeRTOS/Source/queue.o
 .text.prvCopyDataFromQueue
                0x00000000080096c0       0x4c ./Middlewares/Third_Party/FreeRTOS/Source/queue.o
 .text.prvUnlockQueue
                0x000000000800970c       0xa4 ./Middlewares/Third_Party/FreeRTOS/Source/queue.o
 .text.prvIsQueueEmpty
                0x00000000080097b0       0x2c ./Middlewares/Third_Party/FreeRTOS/Source/queue.o
 .text.prvIsQueueFull
                0x00000000080097dc       0x30 ./Middlewares/Third_Party/FreeRTOS/Source/queue.o
 .text.vQueueAddToRegistry
                0x000000000800980c       0x54 ./Middlewares/Third_Party/FreeRTOS/Source/queue.o
                0x000000000800980c                vQueueAddToRegistry
 .text.vQueueWaitForMessageRestricted
                0x0000000008009860       0x68 ./Middlewares/Third_Party/FreeRTOS/Source/queue.o
                0x0000000008009860                vQueueWaitForMessageRestricted
 .text.xTaskCreateStatic
                0x00000000080098c8       0xba ./Middlewares/Third_Party/FreeRTOS/Source/tasks.o
                0x00000000080098c8                xTaskCreateStatic
 .text.xTaskCreate
                0x0000000008009982       0x8a ./Middlewares/Third_Party/FreeRTOS/Source/tasks.o
                0x0000000008009982                xTaskCreate
 .text.prvInitialiseNewTask
                0x0000000008009a0c      0x11e ./Middlewares/Third_Party/FreeRTOS/Source/tasks.o
 *fill*         0x0000000008009b2a        0x2 
 .text.prvAddNewTaskToReadyList
                0x0000000008009b2c       0xe0 ./Middlewares/Third_Party/FreeRTOS/Source/tasks.o
 .text.vTaskDelay
                0x0000000008009c0c       0x68 ./Middlewares/Third_Party/FreeRTOS/Source/tasks.o
                0x0000000008009c0c                vTaskDelay
 .text.vTaskStartScheduler
                0x0000000008009c74       0xcc ./Middlewares/Third_Party/FreeRTOS/Source/tasks.o
                0x0000000008009c74                vTaskStartScheduler
 .text.vTaskSuspendAll
                0x0000000008009d40       0x1c ./Middlewares/Third_Party/FreeRTOS/Source/tasks.o
                0x0000000008009d40                vTaskSuspendAll
 .text.xTaskResumeAll
                0x0000000008009d5c      0x13c ./Middlewares/Third_Party/FreeRTOS/Source/tasks.o
                0x0000000008009d5c                xTaskResumeAll
 .text.xTaskGetTickCount
                0x0000000008009e98       0x20 ./Middlewares/Third_Party/FreeRTOS/Source/tasks.o
                0x0000000008009e98                xTaskGetTickCount
 .text.xTaskIncrementTick
                0x0000000008009eb8      0x174 ./Middlewares/Third_Party/FreeRTOS/Source/tasks.o
                0x0000000008009eb8                xTaskIncrementTick
 .text.vTaskSwitchContext
                0x000000000800a02c       0xbc ./Middlewares/Third_Party/FreeRTOS/Source/tasks.o
                0x000000000800a02c                vTaskSwitchContext
 .text.vTaskPlaceOnEventList
                0x000000000800a0e8       0x48 ./Middlewares/Third_Party/FreeRTOS/Source/tasks.o
                0x000000000800a0e8                vTaskPlaceOnEventList
 .text.vTaskPlaceOnEventListRestricted
                0x000000000800a130       0x58 ./Middlewares/Third_Party/FreeRTOS/Source/tasks.o
                0x000000000800a130                vTaskPlaceOnEventListRestricted
 .text.xTaskRemoveFromEventList
                0x000000000800a188       0xc8 ./Middlewares/Third_Party/FreeRTOS/Source/tasks.o
                0x000000000800a188                xTaskRemoveFromEventList
 .text.vTaskInternalSetTimeOutState
                0x000000000800a250       0x2c ./Middlewares/Third_Party/FreeRTOS/Source/tasks.o
                0x000000000800a250                vTaskInternalSetTimeOutState
 .text.xTaskCheckForTimeOut
                0x000000000800a27c       0xc4 ./Middlewares/Third_Party/FreeRTOS/Source/tasks.o
                0x000000000800a27c                xTaskCheckForTimeOut
 .text.vTaskMissedYield
                0x000000000800a340       0x18 ./Middlewares/Third_Party/FreeRTOS/Source/tasks.o
                0x000000000800a340                vTaskMissedYield
 .text.prvIdleTask
                0x000000000800a358       0x30 ./Middlewares/Third_Party/FreeRTOS/Source/tasks.o
 .text.prvInitialiseTaskLists
                0x000000000800a388       0x80 ./Middlewares/Third_Party/FreeRTOS/Source/tasks.o
 .text.prvCheckTasksWaitingTermination
                0x000000000800a408       0x5c ./Middlewares/Third_Party/FreeRTOS/Source/tasks.o
 .text.prvDeleteTCB
                0x000000000800a464       0x5e ./Middlewares/Third_Party/FreeRTOS/Source/tasks.o
 *fill*         0x000000000800a4c2        0x2 
 .text.prvResetNextTaskUnblockTime
                0x000000000800a4c4       0x40 ./Middlewares/Third_Party/FreeRTOS/Source/tasks.o
 .text.xTaskGetSchedulerState
                0x000000000800a504       0x3c ./Middlewares/Third_Party/FreeRTOS/Source/tasks.o
                0x000000000800a504                xTaskGetSchedulerState
 .text.xTaskPriorityDisinherit
                0x000000000800a540       0xdc ./Middlewares/Third_Party/FreeRTOS/Source/tasks.o
                0x000000000800a540                xTaskPriorityDisinherit
 .text.xTaskNotifyWait
                0x000000000800a61c       0xb4 ./Middlewares/Third_Party/FreeRTOS/Source/tasks.o
                0x000000000800a61c                xTaskNotifyWait
 .text.xTaskGenericNotify
                0x000000000800a6d0      0x170 ./Middlewares/Third_Party/FreeRTOS/Source/tasks.o
                0x000000000800a6d0                xTaskGenericNotify
 .text.xTaskGenericNotifyFromISR
                0x000000000800a840      0x1b8 ./Middlewares/Third_Party/FreeRTOS/Source/tasks.o
                0x000000000800a840                xTaskGenericNotifyFromISR
 .text.prvAddCurrentTaskToDelayedList
                0x000000000800a9f8       0xa8 ./Middlewares/Third_Party/FreeRTOS/Source/tasks.o
 .text.xTimerCreateTimerTask
                0x000000000800aaa0       0x90 ./Middlewares/Third_Party/FreeRTOS/Source/timers.o
                0x000000000800aaa0                xTimerCreateTimerTask
 .text.xTimerGenericCommand
                0x000000000800ab30       0x9c ./Middlewares/Third_Party/FreeRTOS/Source/timers.o
                0x000000000800ab30                xTimerGenericCommand
 .text.prvProcessExpiredTimer
                0x000000000800abcc       0x98 ./Middlewares/Third_Party/FreeRTOS/Source/timers.o
 .text.prvTimerTask
                0x000000000800ac64       0x24 ./Middlewares/Third_Party/FreeRTOS/Source/timers.o
 .text.prvProcessTimerOrBlockTask
                0x000000000800ac88       0x9c ./Middlewares/Third_Party/FreeRTOS/Source/timers.o
 .text.prvGetNextExpireTime
                0x000000000800ad24       0x48 ./Middlewares/Third_Party/FreeRTOS/Source/timers.o
 .text.prvSampleTimeNow
                0x000000000800ad6c       0x40 ./Middlewares/Third_Party/FreeRTOS/Source/timers.o
 .text.prvInsertTimerInActiveList
                0x000000000800adac       0x84 ./Middlewares/Third_Party/FreeRTOS/Source/timers.o
 .text.prvProcessReceivedCommands
                0x000000000800ae30      0x1c4 ./Middlewares/Third_Party/FreeRTOS/Source/timers.o
 .text.prvSwitchTimerLists
                0x000000000800aff4       0xc8 ./Middlewares/Third_Party/FreeRTOS/Source/timers.o
 .text.prvCheckForValidListAndQueue
                0x000000000800b0bc       0x80 ./Middlewares/Third_Party/FreeRTOS/Source/timers.o
 .text.pxPortInitialiseStack
                0x000000000800b13c       0x68 ./Middlewares/Third_Party/FreeRTOS/Source/portable/GCC/ARM_CM4F/port.o
                0x000000000800b13c                pxPortInitialiseStack
 .text.prvTaskExitError
                0x000000000800b1a4       0x58 ./Middlewares/Third_Party/FreeRTOS/Source/portable/GCC/ARM_CM4F/port.o
 *fill*         0x000000000800b1fc        0x4 
 .text.SVC_Handler
                0x000000000800b200       0x28 ./Middlewares/Third_Party/FreeRTOS/Source/portable/GCC/ARM_CM4F/port.o
                0x000000000800b200                SVC_Handler
 .text.prvPortStartFirstTask
                0x000000000800b228       0x28 ./Middlewares/Third_Party/FreeRTOS/Source/portable/GCC/ARM_CM4F/port.o
 .text.xPortStartScheduler
                0x000000000800b250      0x144 ./Middlewares/Third_Party/FreeRTOS/Source/portable/GCC/ARM_CM4F/port.o
                0x000000000800b250                xPortStartScheduler
 .text.vPortEnterCritical
                0x000000000800b394       0x60 ./Middlewares/Third_Party/FreeRTOS/Source/portable/GCC/ARM_CM4F/port.o
                0x000000000800b394                vPortEnterCritical
 .text.vPortExitCritical
                0x000000000800b3f4       0x54 ./Middlewares/Third_Party/FreeRTOS/Source/portable/GCC/ARM_CM4F/port.o
                0x000000000800b3f4                vPortExitCritical
 *fill*         0x000000000800b448        0x8 
 .text.PendSV_Handler
                0x000000000800b450       0x68 ./Middlewares/Third_Party/FreeRTOS/Source/portable/GCC/ARM_CM4F/port.o
                0x000000000800b450                PendSV_Handler
 .text.xPortSysTickHandler
                0x000000000800b4b8       0x44 ./Middlewares/Third_Party/FreeRTOS/Source/portable/GCC/ARM_CM4F/port.o
                0x000000000800b4b8                xPortSysTickHandler
 .text.vPortSetupTimerInterrupt
                0x000000000800b4fc       0x48 ./Middlewares/Third_Party/FreeRTOS/Source/portable/GCC/ARM_CM4F/port.o
                0x000000000800b4fc                vPortSetupTimerInterrupt
 .text.vPortEnableVFP
                0x000000000800b544       0x14 ./Middlewares/Third_Party/FreeRTOS/Source/portable/GCC/ARM_CM4F/port.o
 .text.vPortValidateInterruptPriority
                0x000000000800b558       0x80 ./Middlewares/Third_Party/FreeRTOS/Source/portable/GCC/ARM_CM4F/port.o
                0x000000000800b558                vPortValidateInterruptPriority
 .text.pvPortMalloc
                0x000000000800b5d8      0x198 ./Middlewares/Third_Party/FreeRTOS/Source/portable/MemMang/heap_4.o
                0x000000000800b5d8                pvPortMalloc
 .text.vPortFree
                0x000000000800b770       0xc4 ./Middlewares/Third_Party/FreeRTOS/Source/portable/MemMang/heap_4.o
                0x000000000800b770                vPortFree
 .text.prvHeapInit
                0x000000000800b834       0xc4 ./Middlewares/Third_Party/FreeRTOS/Source/portable/MemMang/heap_4.o
 .text.prvInsertBlockIntoFreeList
                0x000000000800b8f8       0xb4 ./Middlewares/Third_Party/FreeRTOS/Source/portable/MemMang/heap_4.o
 .text.__errno  0x000000000800b9ac        0xc c:/st/stm32cubeide_1.11.0/stm32cubeide/plugins/com.st.stm32cube.ide.mcu.externaltools.gnu-tools-for-stm32.10.3-2021.10.win32_1.0.100.202210260954/tools/bin/../lib/gcc/arm-none-eabi/10.3.1/../../../../arm-none-eabi/lib/thumb/v7e-m+fp/hard\libc_nano.a(lib_a-errno.o)
                0x000000000800b9ac                __errno
 .text.__libc_init_array
                0x000000000800b9b8       0x48 c:/st/stm32cubeide_1.11.0/stm32cubeide/plugins/com.st.stm32cube.ide.mcu.externaltools.gnu-tools-for-stm32.10.3-2021.10.win32_1.0.100.202210260954/tools/bin/../lib/gcc/arm-none-eabi/10.3.1/../../../../arm-none-eabi/lib/thumb/v7e-m+fp/hard\libc_nano.a(lib_a-init.o)
                0x000000000800b9b8                __libc_init_array
 .text.memcpy   0x000000000800ba00       0x1c c:/st/stm32cubeide_1.11.0/stm32cubeide/plugins/com.st.stm32cube.ide.mcu.externaltools.gnu-tools-for-stm32.10.3-2021.10.win32_1.0.100.202210260954/tools/bin/../lib/gcc/arm-none-eabi/10.3.1/../../../../arm-none-eabi/lib/thumb/v7e-m+fp/hard\libc_nano.a(lib_a-memcpy-stub.o)
                0x000000000800ba00                memcpy
 .text.memset   0x000000000800ba1c       0x10 c:/st/stm32cubeide_1.11.0/stm32cubeide/plugins/com.st.stm32cube.ide.mcu.externaltools.gnu-tools-for-stm32.10.3-2021.10.win32_1.0.100.202210260954/tools/bin/../lib/gcc/arm-none-eabi/10.3.1/../../../../arm-none-eabi/lib/thumb/v7e-m+fp/hard\libc_nano.a(lib_a-memset.o)
                0x000000000800ba1c                memset
 .text.printf   0x000000000800ba2c       0x30 c:/st/stm32cubeide_1.11.0/stm32cubeide/plugins/com.st.stm32cube.ide.mcu.externaltools.gnu-tools-for-stm32.10.3-2021.10.win32_1.0.100.202210260954/tools/bin/../lib/gcc/arm-none-eabi/10.3.1/../../../../arm-none-eabi/lib/thumb/v7e-m+fp/hard\libc_nano.a(lib_a-printf.o)
                0x000000000800ba2c                iprintf
                0x000000000800ba2c                printf
 .text._puts_r  0x000000000800ba5c       0xdc c:/st/stm32cubeide_1.11.0/stm32cubeide/plugins/com.st.stm32cube.ide.mcu.externaltools.gnu-tools-for-stm32.10.3-2021.10.win32_1.0.100.202210260954/tools/bin/../lib/gcc/arm-none-eabi/10.3.1/../../../../arm-none-eabi/lib/thumb/v7e-m+fp/hard\libc_nano.a(lib_a-puts.o)
                0x000000000800ba5c                _puts_r
 .text.puts     0x000000000800bb38       0x10 c:/st/stm32cubeide_1.11.0/stm32cubeide/plugins/com.st.stm32cube.ide.mcu.externaltools.gnu-tools-for-stm32.10.3-2021.10.win32_1.0.100.202210260954/tools/bin/../lib/gcc/arm-none-eabi/10.3.1/../../../../arm-none-eabi/lib/thumb/v7e-m+fp/hard\libc_nano.a(lib_a-puts.o)
                0x000000000800bb38                puts
 .text.snprintf
                0x000000000800bb48       0x68 c:/st/stm32cubeide_1.11.0/stm32cubeide/plugins/com.st.stm32cube.ide.mcu.externaltools.gnu-tools-for-stm32.10.3-2021.10.win32_1.0.100.202210260954/tools/bin/../lib/gcc/arm-none-eabi/10.3.1/../../../../arm-none-eabi/lib/thumb/v7e-m+fp/hard\libc_nano.a(lib_a-snprintf.o)
                0x000000000800bb48                sniprintf
                0x000000000800bb48                snprintf
 .text.__swbuf_r
                0x000000000800bbb0       0xa4 c:/st/stm32cubeide_1.11.0/stm32cubeide/plugins/com.st.stm32cube.ide.mcu.externaltools.gnu-tools-for-stm32.10.3-2021.10.win32_1.0.100.202210260954/tools/bin/../lib/gcc/arm-none-eabi/10.3.1/../../../../arm-none-eabi/lib/thumb/v7e-m+fp/hard\libc_nano.a(lib_a-wbuf.o)
                0x000000000800bbb0                __swbuf_r
 .text.__swsetup_r
                0x000000000800bc54       0xdc c:/st/stm32cubeide_1.11.0/stm32cubeide/plugins/com.st.stm32cube.ide.mcu.externaltools.gnu-tools-for-stm32.10.3-2021.10.win32_1.0.100.202210260954/tools/bin/../lib/gcc/arm-none-eabi/10.3.1/../../../../arm-none-eabi/lib/thumb/v7e-m+fp/hard\libc_nano.a(lib_a-wsetup.o)
                0x000000000800bc54                __swsetup_r
 .text.__sflush_r
                0x000000000800bd30      0x10c c:/st/stm32cubeide_1.11.0/stm32cubeide/plugins/com.st.stm32cube.ide.mcu.externaltools.gnu-tools-for-stm32.10.3-2021.10.win32_1.0.100.202210260954/tools/bin/../lib/gcc/arm-none-eabi/10.3.1/../../../../arm-none-eabi/lib/thumb/v7e-m+fp/hard\libc_nano.a(lib_a-fflush.o)
                0x000000000800bd30                __sflush_r
 .text._fflush_r
                0x000000000800be3c       0x78 c:/st/stm32cubeide_1.11.0/stm32cubeide/plugins/com.st.stm32cube.ide.mcu.externaltools.gnu-tools-for-stm32.10.3-2021.10.win32_1.0.100.202210260954/tools/bin/../lib/gcc/arm-none-eabi/10.3.1/../../../../arm-none-eabi/lib/thumb/v7e-m+fp/hard\libc_nano.a(lib_a-fflush.o)
                0x000000000800be3c                _fflush_r
 .text.std      0x000000000800beb4       0x48 c:/st/stm32cubeide_1.11.0/stm32cubeide/plugins/com.st.stm32cube.ide.mcu.externaltools.gnu-tools-for-stm32.10.3-2021.10.win32_1.0.100.202210260954/tools/bin/../lib/gcc/arm-none-eabi/10.3.1/../../../../arm-none-eabi/lib/thumb/v7e-m+fp/hard\libc_nano.a(lib_a-findfp.o)
 .text._cleanup_r
                0x000000000800befc        0xc c:/st/stm32cubeide_1.11.0/stm32cubeide/plugins/com.st.stm32cube.ide.mcu.externaltools.gnu-tools-for-stm32.10.3-2021.10.win32_1.0.100.202210260954/tools/bin/../lib/gcc/arm-none-eabi/10.3.1/../../../../arm-none-eabi/lib/thumb/v7e-m+fp/hard\libc_nano.a(lib_a-findfp.o)
                0x000000000800befc                _cleanup_r
 .text.__sfmoreglue
                0x000000000800bf08       0x2c c:/st/stm32cubeide_1.11.0/stm32cubeide/plugins/com.st.stm32cube.ide.mcu.externaltools.gnu-tools-for-stm32.10.3-2021.10.win32_1.0.100.202210260954/tools/bin/../lib/gcc/arm-none-eabi/10.3.1/../../../../arm-none-eabi/lib/thumb/v7e-m+fp/hard\libc_nano.a(lib_a-findfp.o)
                0x000000000800bf08                __sfmoreglue
 .text.__sfp_lock_acquire
                0x000000000800bf34        0xc c:/st/stm32cubeide_1.11.0/stm32cubeide/plugins/com.st.stm32cube.ide.mcu.externaltools.gnu-tools-for-stm32.10.3-2021.10.win32_1.0.100.202210260954/tools/bin/../lib/gcc/arm-none-eabi/10.3.1/../../../../arm-none-eabi/lib/thumb/v7e-m+fp/hard\libc_nano.a(lib_a-findfp.o)
                0x000000000800bf34                __sfp_lock_acquire
 .text.__sfp_lock_release
                0x000000000800bf40        0xc c:/st/stm32cubeide_1.11.0/stm32cubeide/plugins/com.st.stm32cube.ide.mcu.externaltools.gnu-tools-for-stm32.10.3-2021.10.win32_1.0.100.202210260954/tools/bin/../lib/gcc/arm-none-eabi/10.3.1/../../../../arm-none-eabi/lib/thumb/v7e-m+fp/hard\libc_nano.a(lib_a-findfp.o)
                0x000000000800bf40                __sfp_lock_release
 .text.__sinit_lock_acquire
                0x000000000800bf4c        0xc c:/st/stm32cubeide_1.11.0/stm32cubeide/plugins/com.st.stm32cube.ide.mcu.externaltools.gnu-tools-for-stm32.10.3-2021.10.win32_1.0.100.202210260954/tools/bin/../lib/gcc/arm-none-eabi/10.3.1/../../../../arm-none-eabi/lib/thumb/v7e-m+fp/hard\libc_nano.a(lib_a-findfp.o)
                0x000000000800bf4c                __sinit_lock_acquire
 .text.__sinit_lock_release
                0x000000000800bf58        0xc c:/st/stm32cubeide_1.11.0/stm32cubeide/plugins/com.st.stm32cube.ide.mcu.externaltools.gnu-tools-for-stm32.10.3-2021.10.win32_1.0.100.202210260954/tools/bin/../lib/gcc/arm-none-eabi/10.3.1/../../../../arm-none-eabi/lib/thumb/v7e-m+fp/hard\libc_nano.a(lib_a-findfp.o)
                0x000000000800bf58                __sinit_lock_release
 .text.__sinit  0x000000000800bf64       0x70 c:/st/stm32cubeide_1.11.0/stm32cubeide/plugins/com.st.stm32cube.ide.mcu.externaltools.gnu-tools-for-stm32.10.3-2021.10.win32_1.0.100.202210260954/tools/bin/../lib/gcc/arm-none-eabi/10.3.1/../../../../arm-none-eabi/lib/thumb/v7e-m+fp/hard\libc_nano.a(lib_a-findfp.o)
                0x000000000800bf64                __sinit
 .text.__sfp    0x000000000800bfd4       0x8c c:/st/stm32cubeide_1.11.0/stm32cubeide/plugins/com.st.stm32cube.ide.mcu.externaltools.gnu-tools-for-stm32.10.3-2021.10.win32_1.0.100.202210260954/tools/bin/../lib/gcc/arm-none-eabi/10.3.1/../../../../arm-none-eabi/lib/thumb/v7e-m+fp/hard\libc_nano.a(lib_a-findfp.o)
                0x000000000800bfd4                __sfp
 .text._fwalk_reent
                0x000000000800c060       0x3e c:/st/stm32cubeide_1.11.0/stm32cubeide/plugins/com.st.stm32cube.ide.mcu.externaltools.gnu-tools-for-stm32.10.3-2021.10.win32_1.0.100.202210260954/tools/bin/../lib/gcc/arm-none-eabi/10.3.1/../../../../arm-none-eabi/lib/thumb/v7e-m+fp/hard\libc_nano.a(lib_a-fwalk.o)
                0x000000000800c060                _fwalk_reent
 .text.__retarget_lock_init_recursive
                0x000000000800c09e        0x2 c:/st/stm32cubeide_1.11.0/stm32cubeide/plugins/com.st.stm32cube.ide.mcu.externaltools.gnu-tools-for-stm32.10.3-2021.10.win32_1.0.100.202210260954/tools/bin/../lib/gcc/arm-none-eabi/10.3.1/../../../../arm-none-eabi/lib/thumb/v7e-m+fp/hard\libc_nano.a(lib_a-lock.o)
                0x000000000800c09e                __retarget_lock_init_recursive
 .text.__retarget_lock_acquire_recursive
                0x000000000800c0a0        0x2 c:/st/stm32cubeide_1.11.0/stm32cubeide/plugins/com.st.stm32cube.ide.mcu.externaltools.gnu-tools-for-stm32.10.3-2021.10.win32_1.0.100.202210260954/tools/bin/../lib/gcc/arm-none-eabi/10.3.1/../../../../arm-none-eabi/lib/thumb/v7e-m+fp/hard\libc_nano.a(lib_a-lock.o)
                0x000000000800c0a0                __retarget_lock_acquire_recursive
 .text.__retarget_lock_release_recursive
                0x000000000800c0a2        0x2 c:/st/stm32cubeide_1.11.0/stm32cubeide/plugins/com.st.stm32cube.ide.mcu.externaltools.gnu-tools-for-stm32.10.3-2021.10.win32_1.0.100.202210260954/tools/bin/../lib/gcc/arm-none-eabi/10.3.1/../../../../arm-none-eabi/lib/thumb/v7e-m+fp/hard\libc_nano.a(lib_a-lock.o)
                0x000000000800c0a2                __retarget_lock_release_recursive
 .text.__swhatbuf_r
                0x000000000800c0a4       0x4a c:/st/stm32cubeide_1.11.0/stm32cubeide/plugins/com.st.stm32cube.ide.mcu.externaltools.gnu-tools-for-stm32.10.3-2021.10.win32_1.0.100.202210260954/tools/bin/../lib/gcc/arm-none-eabi/10.3.1/../../../../arm-none-eabi/lib/thumb/v7e-m+fp/hard\libc_nano.a(lib_a-makebuf.o)
                0x000000000800c0a4                __swhatbuf_r
 *fill*         0x000000000800c0ee        0x2 
 .text.__smakebuf_r
                0x000000000800c0f0       0x80 c:/st/stm32cubeide_1.11.0/stm32cubeide/plugins/com.st.stm32cube.ide.mcu.externaltools.gnu-tools-for-stm32.10.3-2021.10.win32_1.0.100.202210260954/tools/bin/../lib/gcc/arm-none-eabi/10.3.1/../../../../arm-none-eabi/lib/thumb/v7e-m+fp/hard\libc_nano.a(lib_a-makebuf.o)
                0x000000000800c0f0                __smakebuf_r
 .text._free_r  0x000000000800c170       0x98 c:/st/stm32cubeide_1.11.0/stm32cubeide/plugins/com.st.stm32cube.ide.mcu.externaltools.gnu-tools-for-stm32.10.3-2021.10.win32_1.0.100.202210260954/tools/bin/../lib/gcc/arm-none-eabi/10.3.1/../../../../arm-none-eabi/lib/thumb/v7e-m+fp/hard\libc_nano.a(lib_a-nano-freer.o)
                0x000000000800c170                _free_r
 .text.sbrk_aligned
                0x000000000800c208       0x40 c:/st/stm32cubeide_1.11.0/stm32cubeide/plugins/com.st.stm32cube.ide.mcu.externaltools.gnu-tools-for-stm32.10.3-2021.10.win32_1.0.100.202210260954/tools/bin/../lib/gcc/arm-none-eabi/10.3.1/../../../../arm-none-eabi/lib/thumb/v7e-m+fp/hard\libc_nano.a(lib_a-nano-mallocr.o)
 .text._malloc_r
                0x000000000800c248       0xe8 c:/st/stm32cubeide_1.11.0/stm32cubeide/plugins/com.st.stm32cube.ide.mcu.externaltools.gnu-tools-for-stm32.10.3-2021.10.win32_1.0.100.202210260954/tools/bin/../lib/gcc/arm-none-eabi/10.3.1/../../../../arm-none-eabi/lib/thumb/v7e-m+fp/hard\libc_nano.a(lib_a-nano-mallocr.o)
                0x000000000800c248                _malloc_r
 .text.__ssputs_r
                0x000000000800c330       0xb6 c:/st/stm32cubeide_1.11.0/stm32cubeide/plugins/com.st.stm32cube.ide.mcu.externaltools.gnu-tools-for-stm32.10.3-2021.10.win32_1.0.100.202210260954/tools/bin/../lib/gcc/arm-none-eabi/10.3.1/../../../../arm-none-eabi/lib/thumb/v7e-m+fp/hard\libc_nano.a(lib_a-nano-svfprintf.o)
                0x000000000800c330                __ssputs_r
 *fill*         0x000000000800c3e6        0x2 
 .text._svfprintf_r
                0x000000000800c3e8      0x200 c:/st/stm32cubeide_1.11.0/stm32cubeide/plugins/com.st.stm32cube.ide.mcu.externaltools.gnu-tools-for-stm32.10.3-2021.10.win32_1.0.100.202210260954/tools/bin/../lib/gcc/arm-none-eabi/10.3.1/../../../../arm-none-eabi/lib/thumb/v7e-m+fp/hard\libc_nano.a(lib_a-nano-svfprintf.o)
                0x000000000800c3e8                _svfiprintf_r
                0x000000000800c3e8                _svfprintf_r
 .text.__sfputc_r
                0x000000000800c5e8       0x2e c:/st/stm32cubeide_1.11.0/stm32cubeide/plugins/com.st.stm32cube.ide.mcu.externaltools.gnu-tools-for-stm32.10.3-2021.10.win32_1.0.100.202210260954/tools/bin/../lib/gcc/arm-none-eabi/10.3.1/../../../../arm-none-eabi/lib/thumb/v7e-m+fp/hard\libc_nano.a(lib_a-nano-vfprintf.o)
 .text.__sfputs_r
                0x000000000800c616       0x24 c:/st/stm32cubeide_1.11.0/stm32cubeide/plugins/com.st.stm32cube.ide.mcu.externaltools.gnu-tools-for-stm32.10.3-2021.10.win32_1.0.100.202210260954/tools/bin/../lib/gcc/arm-none-eabi/10.3.1/../../../../arm-none-eabi/lib/thumb/v7e-m+fp/hard\libc_nano.a(lib_a-nano-vfprintf.o)
                0x000000000800c616                __sfputs_r
 *fill*         0x000000000800c63a        0x2 
 .text._vfprintf_r
                0x000000000800c63c      0x260 c:/st/stm32cubeide_1.11.0/stm32cubeide/plugins/com.st.stm32cube.ide.mcu.externaltools.gnu-tools-for-stm32.10.3-2021.10.win32_1.0.100.202210260954/tools/bin/../lib/gcc/arm-none-eabi/10.3.1/../../../../arm-none-eabi/lib/thumb/v7e-m+fp/hard\libc_nano.a(lib_a-nano-vfprintf.o)
                0x000000000800c63c                _vfprintf_r
                0x000000000800c63c                _vfiprintf_r
 .text._printf_common
                0x000000000800c89c       0xda c:/st/stm32cubeide_1.11.0/stm32cubeide/plugins/com.st.stm32cube.ide.mcu.externaltools.gnu-tools-for-stm32.10.3-2021.10.win32_1.0.100.202210260954/tools/bin/../lib/gcc/arm-none-eabi/10.3.1/../../../../arm-none-eabi/lib/thumb/v7e-m+fp/hard\libc_nano.a(lib_a-nano-vfprintf_i.o)
                0x000000000800c89c                _printf_common
 *fill*         0x000000000800c976        0x2 
 .text._printf_i
                0x000000000800c978      0x24c c:/st/stm32cubeide_1.11.0/stm32cubeide/plugins/com.st.stm32cube.ide.mcu.externaltools.gnu-tools-for-stm32.10.3-2021.10.win32_1.0.100.202210260954/tools/bin/../lib/gcc/arm-none-eabi/10.3.1/../../../../arm-none-eabi/lib/thumb/v7e-m+fp/hard\libc_nano.a(lib_a-nano-vfprintf_i.o)
                0x000000000800c978                _printf_i
 .text._sbrk_r  0x000000000800cbc4       0x20 c:/st/stm32cubeide_1.11.0/stm32cubeide/plugins/com.st.stm32cube.ide.mcu.externaltools.gnu-tools-for-stm32.10.3-2021.10.win32_1.0.100.202210260954/tools/bin/../lib/gcc/arm-none-eabi/10.3.1/../../../../arm-none-eabi/lib/thumb/v7e-m+fp/hard\libc_nano.a(lib_a-sbrkr.o)
                0x000000000800cbc4                _sbrk_r
 .text.__sread  0x000000000800cbe4       0x22 c:/st/stm32cubeide_1.11.0/stm32cubeide/plugins/com.st.stm32cube.ide.mcu.externaltools.gnu-tools-for-stm32.10.3-2021.10.win32_1.0.100.202210260954/tools/bin/../lib/gcc/arm-none-eabi/10.3.1/../../../../arm-none-eabi/lib/thumb/v7e-m+fp/hard\libc_nano.a(lib_a-stdio.o)
                0x000000000800cbe4                __sread
 .text.__swrite
                0x000000000800cc06       0x38 c:/st/stm32cubeide_1.11.0/stm32cubeide/plugins/com.st.stm32cube.ide.mcu.externaltools.gnu-tools-for-stm32.10.3-2021.10.win32_1.0.100.202210260954/tools/bin/../lib/gcc/arm-none-eabi/10.3.1/../../../../arm-none-eabi/lib/thumb/v7e-m+fp/hard\libc_nano.a(lib_a-stdio.o)
                0x000000000800cc06                __swrite
 .text.__sseek  0x000000000800cc3e       0x24 c:/st/stm32cubeide_1.11.0/stm32cubeide/plugins/com.st.stm32cube.ide.mcu.externaltools.gnu-tools-for-stm32.10.3-2021.10.win32_1.0.100.202210260954/tools/bin/../lib/gcc/arm-none-eabi/10.3.1/../../../../arm-none-eabi/lib/thumb/v7e-m+fp/hard\libc_nano.a(lib_a-stdio.o)
                0x000000000800cc3e                __sseek
 .text.__sclose
                0x000000000800cc62        0x8 c:/st/stm32cubeide_1.11.0/stm32cubeide/plugins/com.st.stm32cube.ide.mcu.externaltools.gnu-tools-for-stm32.10.3-2021.10.win32_1.0.100.202210260954/tools/bin/../lib/gcc/arm-none-eabi/10.3.1/../../../../arm-none-eabi/lib/thumb/v7e-m+fp/hard\libc_nano.a(lib_a-stdio.o)
                0x000000000800cc62                __sclose
 *fill*         0x000000000800cc6a        0x2 
 .text._write_r
                0x000000000800cc6c       0x24 c:/st/stm32cubeide_1.11.0/stm32cubeide/plugins/com.st.stm32cube.ide.mcu.externaltools.gnu-tools-for-stm32.10.3-2021.10.win32_1.0.100.202210260954/tools/bin/../lib/gcc/arm-none-eabi/10.3.1/../../../../arm-none-eabi/lib/thumb/v7e-m+fp/hard\libc_nano.a(lib_a-writer.o)
                0x000000000800cc6c                _write_r
 .text._close_r
                0x000000000800cc90       0x20 c:/st/stm32cubeide_1.11.0/stm32cubeide/plugins/com.st.stm32cube.ide.mcu.externaltools.gnu-tools-for-stm32.10.3-2021.10.win32_1.0.100.202210260954/tools/bin/../lib/gcc/arm-none-eabi/10.3.1/../../../../arm-none-eabi/lib/thumb/v7e-m+fp/hard\libc_nano.a(lib_a-closer.o)
                0x000000000800cc90                _close_r
 .text._fstat_r
                0x000000000800ccb0       0x24 c:/st/stm32cubeide_1.11.0/stm32cubeide/plugins/com.st.stm32cube.ide.mcu.externaltools.gnu-tools-for-stm32.10.3-2021.10.win32_1.0.100.202210260954/tools/bin/../lib/gcc/arm-none-eabi/10.3.1/../../../../arm-none-eabi/lib/thumb/v7e-m+fp/hard\libc_nano.a(lib_a-fstatr.o)
                0x000000000800ccb0                _fstat_r
 .text._isatty_r
                0x000000000800ccd4       0x20 c:/st/stm32cubeide_1.11.0/stm32cubeide/plugins/com.st.stm32cube.ide.mcu.externaltools.gnu-tools-for-stm32.10.3-2021.10.win32_1.0.100.202210260954/tools/bin/../lib/gcc/arm-none-eabi/10.3.1/../../../../arm-none-eabi/lib/thumb/v7e-m+fp/hard\libc_nano.a(lib_a-isattyr.o)
                0x000000000800ccd4                _isatty_r
 .text._lseek_r
                0x000000000800ccf4       0x24 c:/st/stm32cubeide_1.11.0/stm32cubeide/plugins/com.st.stm32cube.ide.mcu.externaltools.gnu-tools-for-stm32.10.3-2021.10.win32_1.0.100.202210260954/tools/bin/../lib/gcc/arm-none-eabi/10.3.1/../../../../arm-none-eabi/lib/thumb/v7e-m+fp/hard\libc_nano.a(lib_a-lseekr.o)
                0x000000000800ccf4                _lseek_r
 .text.memmove  0x000000000800cd18       0x34 c:/st/stm32cubeide_1.11.0/stm32cubeide/plugins/com.st.stm32cube.ide.mcu.externaltools.gnu-tools-for-stm32.10.3-2021.10.win32_1.0.100.202210260954/tools/bin/../lib/gcc/arm-none-eabi/10.3.1/../../../../arm-none-eabi/lib/thumb/v7e-m+fp/hard\libc_nano.a(lib_a-memmove.o)
                0x000000000800cd18                memmove
 .text.__malloc_lock
                0x000000000800cd4c        0xc c:/st/stm32cubeide_1.11.0/stm32cubeide/plugins/com.st.stm32cube.ide.mcu.externaltools.gnu-tools-for-stm32.10.3-2021.10.win32_1.0.100.202210260954/tools/bin/../lib/gcc/arm-none-eabi/10.3.1/../../../../arm-none-eabi/lib/thumb/v7e-m+fp/hard\libc_nano.a(lib_a-mlock.o)
                0x000000000800cd4c                __malloc_lock
 .text.__malloc_unlock
                0x000000000800cd58        0xc c:/st/stm32cubeide_1.11.0/stm32cubeide/plugins/com.st.stm32cube.ide.mcu.externaltools.gnu-tools-for-stm32.10.3-2021.10.win32_1.0.100.202210260954/tools/bin/../lib/gcc/arm-none-eabi/10.3.1/../../../../arm-none-eabi/lib/thumb/v7e-m+fp/hard\libc_nano.a(lib_a-mlock.o)
                0x000000000800cd58                __malloc_unlock
 .text._realloc_r
                0x000000000800cd64       0x5e c:/st/stm32cubeide_1.11.0/stm32cubeide/plugins/com.st.stm32cube.ide.mcu.externaltools.gnu-tools-for-stm32.10.3-2021.10.win32_1.0.100.202210260954/tools/bin/../lib/gcc/arm-none-eabi/10.3.1/../../../../arm-none-eabi/lib/thumb/v7e-m+fp/hard\libc_nano.a(lib_a-nano-reallocr.o)
                0x000000000800cd64                _realloc_r
 *fill*         0x000000000800cdc2        0x2 
 .text._read_r  0x000000000800cdc4       0x24 c:/st/stm32cubeide_1.11.0/stm32cubeide/plugins/com.st.stm32cube.ide.mcu.externaltools.gnu-tools-for-stm32.10.3-2021.10.win32_1.0.100.202210260954/tools/bin/../lib/gcc/arm-none-eabi/10.3.1/../../../../arm-none-eabi/lib/thumb/v7e-m+fp/hard\libc_nano.a(lib_a-readr.o)
                0x000000000800cdc4                _read_r
 .text._malloc_usable_size_r
                0x000000000800cde8       0x10 c:/st/stm32cubeide_1.11.0/stm32cubeide/plugins/com.st.stm32cube.ide.mcu.externaltools.gnu-tools-for-stm32.10.3-2021.10.win32_1.0.100.202210260954/tools/bin/../lib/gcc/arm-none-eabi/10.3.1/../../../../arm-none-eabi/lib/thumb/v7e-m+fp/hard\libc_nano.a(lib_a-nano-msizer.o)
                0x000000000800cde8                _malloc_usable_size_r
 .text.trunc    0x000000000800cdf8       0x64 c:/st/stm32cubeide_1.11.0/stm32cubeide/plugins/com.st.stm32cube.ide.mcu.externaltools.gnu-tools-for-stm32.10.3-2021.10.win32_1.0.100.202210260954/tools/bin/../lib/gcc/arm-none-eabi/10.3.1/../../../../arm-none-eabi/lib/thumb/v7e-m+fp/hard\libm.a(lib_a-s_trunc.o)
                0x000000000800cdf8                trunc
 *(.glue_7)
 .glue_7        0x000000000800ce5c        0x0 linker stubs
 *(.glue_7t)
 .glue_7t       0x000000000800ce5c        0x0 linker stubs
 *(.eh_frame)
 .eh_frame      0x000000000800ce5c        0x0 c:/st/stm32cubeide_1.11.0/stm32cubeide/plugins/com.st.stm32cube.ide.mcu.externaltools.gnu-tools-for-stm32.10.3-2021.10.win32_1.0.100.202210260954/tools/bin/../lib/gcc/arm-none-eabi/10.3.1/thumb/v7e-m+fp/hard/crtbegin.o
 *(.init)
 .init          0x000000000800ce5c        0x4 c:/st/stm32cubeide_1.11.0/stm32cubeide/plugins/com.st.stm32cube.ide.mcu.externaltools.gnu-tools-for-stm32.10.3-2021.10.win32_1.0.100.202210260954/tools/bin/../lib/gcc/arm-none-eabi/10.3.1/thumb/v7e-m+fp/hard/crti.o
                0x000000000800ce5c                _init
 .init          0x000000000800ce60        0x8 c:/st/stm32cubeide_1.11.0/stm32cubeide/plugins/com.st.stm32cube.ide.mcu.externaltools.gnu-tools-for-stm32.10.3-2021.10.win32_1.0.100.202210260954/tools/bin/../lib/gcc/arm-none-eabi/10.3.1/thumb/v7e-m+fp/hard/crtn.o
 *(.fini)
 .fini          0x000000000800ce68        0x4 c:/st/stm32cubeide_1.11.0/stm32cubeide/plugins/com.st.stm32cube.ide.mcu.externaltools.gnu-tools-for-stm32.10.3-2021.10.win32_1.0.100.202210260954/tools/bin/../lib/gcc/arm-none-eabi/10.3.1/thumb/v7e-m+fp/hard/crti.o
                0x000000000800ce68                _fini
 .fini          0x000000000800ce6c        0x8 c:/st/stm32cubeide_1.11.0/stm32cubeide/plugins/com.st.stm32cube.ide.mcu.externaltools.gnu-tools-for-stm32.10.3-2021.10.win32_1.0.100.202210260954/tools/bin/../lib/gcc/arm-none-eabi/10.3.1/thumb/v7e-m+fp/hard/crtn.o
                0x000000000800ce74                . = ALIGN (0x4)
                0x000000000800ce74                _etext = .

.vfp11_veneer   0x000000000800ce74        0x0
 .vfp11_veneer  0x000000000800ce74        0x0 linker stubs

.v4_bx          0x000000000800ce74        0x0
 .v4_bx         0x000000000800ce74        0x0 linker stubs

.iplt           0x000000000800ce74        0x0
 .iplt          0x000000000800ce74        0x0 c:/st/stm32cubeide_1.11.0/stm32cubeide/plugins/com.st.stm32cube.ide.mcu.externaltools.gnu-tools-for-stm32.10.3-2021.10.win32_1.0.100.202210260954/tools/bin/../lib/gcc/arm-none-eabi/10.3.1/thumb/v7e-m+fp/hard/crtbegin.o

.rodata         0x000000000800ce74      0x604
                0x000000000800ce74                . = ALIGN (0x4)
 *(.rodata)
 .rodata        0x000000000800ce74      0x470 ./Core/Src/main.o
 .rodata        0x000000000800d2e4        0x5 ./Middlewares/Third_Party/FreeRTOS/Source/tasks.o
 *fill*         0x000000000800d2e9        0x3 
 .rodata        0x000000000800d2ec        0xd ./Middlewares/Third_Party/FreeRTOS/Source/timers.o
 *(.rodata*)
 *fill*         0x000000000800d2f9        0x3 
 .rodata.temp_task_attributes
                0x000000000800d2fc       0x24 ./Core/Src/main.o
                0x000000000800d2fc                temp_task_attributes
 .rodata.print_task_attributes
                0x000000000800d320       0x24 ./Core/Src/main.o
                0x000000000800d320                print_task_attributes
 .rodata.RTC_set_attributes
                0x000000000800d344       0x24 ./Core/Src/main.o
                0x000000000800d344                RTC_set_attributes
 .rodata.print_queue_attributes
                0x000000000800d368       0x18 ./Core/Src/main.o
                0x000000000800d368                print_queue_attributes
 .rodata.receive_queue_attributes
                0x000000000800d380       0x18 ./Core/Src/main.o
                0x000000000800d380                receive_queue_attributes
 .rodata.AHBPrescTable
                0x000000000800d398       0x10 ./Core/Src/system_stm32l4xx.o
                0x000000000800d398                AHBPrescTable
 .rodata.APBPrescTable
                0x000000000800d3a8        0x8 ./Core/Src/system_stm32l4xx.o
                0x000000000800d3a8                APBPrescTable
 .rodata.MSIRangeTable
                0x000000000800d3b0       0x30 ./Core/Src/system_stm32l4xx.o
                0x000000000800d3b0                MSIRangeTable
 .rodata._global_impure_ptr
                0x000000000800d3e0        0x4 c:/st/stm32cubeide_1.11.0/stm32cubeide/plugins/com.st.stm32cube.ide.mcu.externaltools.gnu-tools-for-stm32.10.3-2021.10.win32_1.0.100.202210260954/tools/bin/../lib/gcc/arm-none-eabi/10.3.1/../../../../arm-none-eabi/lib/thumb/v7e-m+fp/hard\libc_nano.a(lib_a-impure.o)
                0x000000000800d3e0                _global_impure_ptr
 .rodata.__sf_fake_stderr
                0x000000000800d3e4       0x20 c:/st/stm32cubeide_1.11.0/stm32cubeide/plugins/com.st.stm32cube.ide.mcu.externaltools.gnu-tools-for-stm32.10.3-2021.10.win32_1.0.100.202210260954/tools/bin/../lib/gcc/arm-none-eabi/10.3.1/../../../../arm-none-eabi/lib/thumb/v7e-m+fp/hard\libc_nano.a(lib_a-findfp.o)
                0x000000000800d3e4                __sf_fake_stderr
 .rodata.__sf_fake_stdin
                0x000000000800d404       0x20 c:/st/stm32cubeide_1.11.0/stm32cubeide/plugins/com.st.stm32cube.ide.mcu.externaltools.gnu-tools-for-stm32.10.3-2021.10.win32_1.0.100.202210260954/tools/bin/../lib/gcc/arm-none-eabi/10.3.1/../../../../arm-none-eabi/lib/thumb/v7e-m+fp/hard\libc_nano.a(lib_a-findfp.o)
                0x000000000800d404                __sf_fake_stdin
 .rodata.__sf_fake_stdout
                0x000000000800d424       0x20 c:/st/stm32cubeide_1.11.0/stm32cubeide/plugins/com.st.stm32cube.ide.mcu.externaltools.gnu-tools-for-stm32.10.3-2021.10.win32_1.0.100.202210260954/tools/bin/../lib/gcc/arm-none-eabi/10.3.1/../../../../arm-none-eabi/lib/thumb/v7e-m+fp/hard\libc_nano.a(lib_a-findfp.o)
                0x000000000800d424                __sf_fake_stdout
 .rodata._svfprintf_r.str1.1
                0x000000000800d444       0x11 c:/st/stm32cubeide_1.11.0/stm32cubeide/plugins/com.st.stm32cube.ide.mcu.externaltools.gnu-tools-for-stm32.10.3-2021.10.win32_1.0.100.202210260954/tools/bin/../lib/gcc/arm-none-eabi/10.3.1/../../../../arm-none-eabi/lib/thumb/v7e-m+fp/hard\libc_nano.a(lib_a-nano-svfprintf.o)
 .rodata._vfprintf_r.str1.1
                0x000000000800d455       0x11 c:/st/stm32cubeide_1.11.0/stm32cubeide/plugins/com.st.stm32cube.ide.mcu.externaltools.gnu-tools-for-stm32.10.3-2021.10.win32_1.0.100.202210260954/tools/bin/../lib/gcc/arm-none-eabi/10.3.1/../../../../arm-none-eabi/lib/thumb/v7e-m+fp/hard\libc_nano.a(lib_a-nano-vfprintf.o)
 .rodata._printf_i.str1.1
                0x000000000800d455       0x22 c:/st/stm32cubeide_1.11.0/stm32cubeide/plugins/com.st.stm32cube.ide.mcu.externaltools.gnu-tools-for-stm32.10.3-2021.10.win32_1.0.100.202210260954/tools/bin/../lib/gcc/arm-none-eabi/10.3.1/../../../../arm-none-eabi/lib/thumb/v7e-m+fp/hard\libc_nano.a(lib_a-nano-vfprintf_i.o)
                0x000000000800d478                . = ALIGN (0x4)
 *fill*         0x000000000800d477        0x1 

.ARM.extab      0x000000000800d478        0x0
                0x000000000800d478                . = ALIGN (0x4)
 *(.ARM.extab* .gnu.linkonce.armextab.*)
                0x000000000800d478                . = ALIGN (0x4)

.ARM            0x000000000800d478        0x8
                0x000000000800d478                . = ALIGN (0x4)
                0x000000000800d478                __exidx_start = .
 *(.ARM.exidx*)
 .ARM.exidx     0x000000000800d478        0x8 c:/st/stm32cubeide_1.11.0/stm32cubeide/plugins/com.st.stm32cube.ide.mcu.externaltools.gnu-tools-for-stm32.10.3-2021.10.win32_1.0.100.202210260954/tools/bin/../lib/gcc/arm-none-eabi/10.3.1/thumb/v7e-m+fp/hard\libgcc.a(_udivmoddi4.o)
                0x000000000800d480                __exidx_end = .
                0x000000000800d480                . = ALIGN (0x4)

.rel.dyn        0x000000000800d480        0x0
 .rel.iplt      0x000000000800d480        0x0 c:/st/stm32cubeide_1.11.0/stm32cubeide/plugins/com.st.stm32cube.ide.mcu.externaltools.gnu-tools-for-stm32.10.3-2021.10.win32_1.0.100.202210260954/tools/bin/../lib/gcc/arm-none-eabi/10.3.1/thumb/v7e-m+fp/hard/crtbegin.o

.preinit_array  0x000000000800d480        0x0
                0x000000000800d480                . = ALIGN (0x4)
                0x000000000800d480                PROVIDE (__preinit_array_start = .)
 *(.preinit_array*)
                0x000000000800d480                PROVIDE (__preinit_array_end = .)
                0x000000000800d480                . = ALIGN (0x4)

.init_array     0x000000000800d480        0x4
                0x000000000800d480                . = ALIGN (0x4)
                0x000000000800d480                PROVIDE (__init_array_start = .)
 *(SORT_BY_NAME(.init_array.*))
 *(.init_array*)
 .init_array    0x000000000800d480        0x4 c:/st/stm32cubeide_1.11.0/stm32cubeide/plugins/com.st.stm32cube.ide.mcu.externaltools.gnu-tools-for-stm32.10.3-2021.10.win32_1.0.100.202210260954/tools/bin/../lib/gcc/arm-none-eabi/10.3.1/thumb/v7e-m+fp/hard/crtbegin.o
                0x000000000800d484                PROVIDE (__init_array_end = .)
                0x000000000800d484                . = ALIGN (0x4)

.fini_array     0x000000000800d484        0x4
                0x000000000800d484                . = ALIGN (0x4)
                [!provide]                        PROVIDE (__fini_array_start = .)
 *(SORT_BY_NAME(.fini_array.*))
 *(.fini_array*)
 .fini_array    0x000000000800d484        0x4 c:/st/stm32cubeide_1.11.0/stm32cubeide/plugins/com.st.stm32cube.ide.mcu.externaltools.gnu-tools-for-stm32.10.3-2021.10.win32_1.0.100.202210260954/tools/bin/../lib/gcc/arm-none-eabi/10.3.1/thumb/v7e-m+fp/hard/crtbegin.o
                [!provide]                        PROVIDE (__fini_array_end = .)
                0x000000000800d488                . = ALIGN (0x4)
                0x000000000800d488                _sidata = LOADADDR (.data)

.data           0x0000000020000000       0x84 load address 0x000000000800d488
                0x0000000020000000                . = ALIGN (0x4)
                0x0000000020000000                _sdata = .
 *(.data)
 *(.data*)
 .data.cont     0x0000000020000000        0x1 ./Core/Src/main.o
                0x0000000020000000                cont
 *fill*         0x0000000020000001        0x3 
 .data.SystemCoreClock
                0x0000000020000004        0x4 ./Core/Src/system_stm32l4xx.o
                0x0000000020000004                SystemCoreClock
 .data.uwTickPrio
                0x0000000020000008        0x4 ./Drivers/STM32L4xx_HAL_Driver/Src/stm32l4xx_hal.o
                0x0000000020000008                uwTickPrio
 .data.uwTickFreq
                0x000000002000000c        0x1 ./Drivers/STM32L4xx_HAL_Driver/Src/stm32l4xx_hal.o
                0x000000002000000c                uwTickFreq
 *fill*         0x000000002000000d        0x3 
 .data.HTS221_H_Drv
                0x0000000020000010        0xc ./L4_IOT_Sensors/Drivers/BSP/Components/hts221/hts221.o
                0x0000000020000010                HTS221_H_Drv
 .data.uxCriticalNesting
                0x000000002000001c        0x4 ./Middlewares/Third_Party/FreeRTOS/Source/portable/GCC/ARM_CM4F/port.o
 .data._impure_ptr