Archive member included to satisfy reference by file (symbol)

c:/st/stm32cubeide_1.11.0/stm32cubeide/plugins/com.st.stm32cube.ide.mcu.externaltools.gnu-tools-for-stm32.10.3-2021.10.win32_1.0.100.202210260954/tools/bin/../lib/gcc/arm-none-eabi/10.3.1/../../../../arm-none-eabi/lib/thumb/v7e-m+fp/hard\libc_nano.a(lib_a-errno.o)
                              ./Core/Src/syscalls.o (__errno)
c:/st/stm32cubeide_1.11.0/stm32cubeide/plugins/com.st.stm32cube.ide.mcu.externaltools.gnu-tools-for-stm32.10.3-2021.10.win32_1.0.100.202210260954/tools/bin/../lib/gcc/arm-none-eabi/10.3.1/../../../../arm-none-eabi/lib/thumb/v7e-m+fp/hard\libc_nano.a(lib_a-exit.o)
                              c:/st/stm32cubeide_1.11.0/stm32cubeide/plugins/com.st.stm32cube.ide.mcu.externaltools.gnu-tools-for-stm32.10.3-2021.10.win32_1.0.100.202210260954/tools/bin/../lib/gcc/arm-none-eabi/10.3.1/../../../../arm-none-eabi/lib/thumb/v7e-m+fp/hard/crt0.o (exit)
c:/st/stm32cubeide_1.11.0/stm32cubeide/plugins/com.st.stm32cube.ide.mcu.externaltools.gnu-tools-for-stm32.10.3-2021.10.win32_1.0.100.202210260954/tools/bin/../lib/gcc/arm-none-eabi/10.3.1/../../../../arm-none-eabi/lib/thumb/v7e-m+fp/hard\libc_nano.a(lib_a-findfp.o)
                              ./Middlewares/Third_Party/FreeRTOS/Source/tasks.o (__sf_fake_stderr)
c:/st/stm32cubeide_1.11.0/stm32cubeide/plugins/com.st.stm32cube.ide.mcu.externaltools.gnu-tools-for-stm32.10.3-2021.10.win32_1.0.100.202210260954/tools/bin/../lib/gcc/arm-none-eabi/10.3.1/../../../../arm-none-eabi/lib/thumb/v7e-m+fp/hard\libc_nano.a(lib_a-fwalk.o)
                              c:/st/stm32cubeide_1.11.0/stm32cubeide/plugins/com.st.stm32cube.ide.mcu.externaltools.gnu-tools-for-stm32.10.3-2021.10.win32_1.0.100.202210260954/tools/bin/../lib/gcc/arm-none-eabi/10.3.1/../../../../arm-none-eabi/lib/thumb/v7e-m+fp/hard\libc_nano.a(lib_a-findfp.o) (_fwalk)
c:/st/stm32cubeide_1.11.0/stm32cubeide/plugins/com.st.stm32cube.ide.mcu.externaltools.gnu-tools-for-stm32.10.3-2021.10.win32_1.0.100.202210260954/tools/bin/../lib/gcc/arm-none-eabi/10.3.1/../../../../arm-none-eabi/lib/thumb/v7e-m+fp/hard\libc_nano.a(lib_a-impure.o)
                              c:/st/stm32cubeide_1.11.0/stm32cubeide/plugins/com.st.stm32cube.ide.mcu.externaltools.gnu-tools-for-stm32.10.3-2021.10.win32_1.0.100.202210260954/tools/bin/../lib/gcc/arm-none-eabi/10.3.1/../../../../arm-none-eabi/lib/thumb/v7e-m+fp/hard\libc_nano.a(lib_a-exit.o) (_global_impure_ptr)
c:/st/stm32cubeide_1.11.0/stm32cubeide/plugins/com.st.stm32cube.ide.mcu.externaltools.gnu-tools-for-stm32.10.3-2021.10.win32_1.0.100.202210260954/tools/bin/../lib/gcc/arm-none-eabi/10.3.1/../../../../arm-none-eabi/lib/thumb/v7e-m+fp/hard\libc_nano.a(lib_a-init.o)
                              c:/st/stm32cubeide_1.11.0/stm32cubeide/plugins/com.st.stm32cube.ide.mcu.externaltools.gnu-tools-for-stm32.10.3-2021.10.win32_1.0.100.202210260954/tools/bin/../lib/gcc/arm-none-eabi/10.3.1/../../../../arm-none-eabi/lib/thumb/v7e-m+fp/hard/crt0.o (__libc_init_array)
c:/st/stm32cubeide_1.11.0/stm32cubeide/plugins/com.st.stm32cube.ide.mcu.externaltools.gnu-tools-for-stm32.10.3-2021.10.win32_1.0.100.202210260954/tools/bin/../lib/gcc/arm-none-eabi/10.3.1/../../../../arm-none-eabi/lib/thumb/v7e-m+fp/hard\libc_nano.a(lib_a-lock.o)
                              c:/st/stm32cubeide_1.11.0/stm32cubeide/plugins/com.st.stm32cube.ide.mcu.externaltools.gnu-tools-for-stm32.10.3-2021.10.win32_1.0.100.202210260954/tools/bin/../lib/gcc/arm-none-eabi/10.3.1/../../../../arm-none-eabi/lib/thumb/v7e-m+fp/hard\libc_nano.a(lib_a-findfp.o) (__retarget_lock_init_recursive)
c:/st/stm32cubeide_1.11.0/stm32cubeide/plugins/com.st.stm32cube.ide.mcu.externaltools.gnu-tools-for-stm32.10.3-2021.10.win32_1.0.100.202210260954/tools/bin/../lib/gcc/arm-none-eabi/10.3.1/../../../../arm-none-eabi/lib/thumb/v7e-m+fp/hard\libc_nano.a(lib_a-memcpy-stub.o)
                              ./Middlewares/Third_Party/FreeRTOS/Source/CMSIS_RTOS_V2/cmsis_os2.o (memcpy)
c:/st/stm32cubeide_1.11.0/stm32cubeide/plugins/com.st.stm32cube.ide.mcu.externaltools.gnu-tools-for-stm32.10.3-2021.10.win32_1.0.100.202210260954/tools/bin/../lib/gcc/arm-none-eabi/10.3.1/../../../../arm-none-eabi/lib/thumb/v7e-m+fp/hard\libc_nano.a(lib_a-memset.o)
                              c:/st/stm32cubeide_1.11.0/stm32cubeide/plugins/com.st.stm32cube.ide.mcu.externaltools.gnu-tools-for-stm32.10.3-2021.10.win32_1.0.100.202210260954/tools/bin/../lib/gcc/arm-none-eabi/10.3.1/../../../../arm-none-eabi/lib/thumb/v7e-m+fp/hard/crt0.o (memset)
c:/st/stm32cubeide_1.11.0/stm32cubeide/plugins/com.st.stm32cube.ide.mcu.externaltools.gnu-tools-for-stm32.10.3-2021.10.win32_1.0.100.202210260954/tools/bin/../lib/gcc/arm-none-eabi/10.3.1/../../../../arm-none-eabi/lib/thumb/v7e-m+fp/hard\libc_nano.a(lib_a-nano-mallocr.o)
[...]
Memory Configuration

Name             Origin             Length             Attributes
RAM              0x0000000020000000 0x0000000000018000 xrw
RAM2             0x0000000010000000 0x0000000000008000 xrw
FLASH            0x0000000008000000 0x0000000000100000 xr
*default*        0x0000000000000000 0xffffffffffffffff

Linker script and memory map

LOAD c:/st/stm32cubeide_1.11.0/stm32cubeide/plugins/com.st.stm32cube.ide.mcu.externaltools.gnu-tools-for-stm32.10.3-2021.10.win32_1.0.100.202210260954/tools/bin/../lib/gcc/arm-none-eabi/10.3.1/thumb/v7e-m+fp/hard/crti.o
LOAD c:/st/stm32cubeide_1.11.0/stm32cubeide/plugins/com.st.stm32cube.ide.mcu.externaltools.gnu-tools-for-stm32.10.3-2021.10.win32_1.0.100.202210260954/tools/bin/../lib/gcc/arm-none-eabi/10.3.1/thumb/v7e-m+fp/hard/crtbegin.o
LOAD c:/st/stm32cubeide_1.11.0/stm32cubeide/plugins/com.st.stm32cube.ide.mcu.externaltools.gnu-tools-for-stm32.10.3-2021.10.win32_1.0.100.202210260954/tools/bin/../lib/gcc/arm-none-eabi/10.3.1/../../../../arm-none-eabi/lib/thumb/v7e-m+fp/hard/crt0.o
LOAD ./Core/Src/freertos.o
LOAD ./Core/Src/main.o
LOAD ./Core/Src/stm32l4xx_hal_msp.o
LOAD ./Core/Src/stm32l4xx_hal_timebase_tim.o
LOAD ./Core/Src/stm32l4xx_it.o
LOAD ./Core/Src/syscalls.o
LOAD ./Core/Src/sysmem.o
LOAD ./Core/Src/system_stm32l4xx.o
LOAD ./Core/Startup/startup_stm32l475vgtx.o
LOAD ./Drivers/STM32L4xx_HAL_Driver/Src/stm32l4xx_hal.o
LOAD ./Drivers/STM32L4xx_HAL_Driver/Src/stm32l4xx_hal_cortex.o
LOAD ./Drivers/STM32L4xx_HAL_Driver/Src/stm32l4xx_hal_dfsdm.o
LOAD ./Drivers/STM32L4xx_HAL_Driver/Src/stm32l4xx_hal_dma.o
LOAD ./Drivers/STM32L4xx_HAL_Driver/Src/stm32l4xx_hal_dma_ex.o
LOAD ./Drivers/STM32L4xx_HAL_Driver/Src/stm32l4xx_hal_exti.o
LOAD ./Drivers/STM32L4xx_HAL_Driver/Src/stm32l4xx_hal_flash.o
LOAD ./Drivers/STM32L4xx_HAL_Driver/Src/stm32l4xx_hal_flash_ex.o
LOAD ./Drivers/STM32L4xx_HAL_Driver/Src/stm32l4xx_hal_flash_ramfunc.o
LOAD ./Drivers/STM32L4xx_HAL_Driver/Src/stm32l4xx_hal_gpio.o
LOAD ./Drivers/STM32L4xx_HAL_Driver/Src/stm32l4xx_hal_i2c.o
LOAD ./Drivers/STM32L4xx_HAL_Driver/Src/stm32l4xx_hal_i2c_ex.o
LOAD ./Drivers/STM32L4xx_HAL_Driver/Src/stm32l4xx_hal_pcd.o
LOAD ./Drivers/STM32L4xx_HAL_Driver/Src/stm32l4xx_hal_pcd_ex.o
LOAD ./Drivers/STM32L4xx_HAL_Driver/Src/stm32l4xx_hal_pwr.o
LOAD ./Drivers/STM32L4xx_HAL_Driver/Src/stm32l4xx_hal_pwr_ex.o
LOAD ./Drivers/STM32L4xx_HAL_Driver/Src/stm32l4xx_hal_qspi.o
LOAD ./Drivers/STM32L4xx_HAL_Driver/Src/stm32l4xx_hal_rcc.o
LOAD ./Drivers/STM32L4xx_HAL_Driver/Src/stm32l4xx_hal_rcc_ex.o
LOAD ./Drivers/STM32L4xx_HAL_Driver/Src/stm32l4xx_hal_rtc.o
LOAD ./Drivers/STM32L4xx_HAL_Driver/Src/stm32l4xx_hal_rtc_ex.o
LOAD ./Drivers/STM32L4xx_HAL_Driver/Src/stm32l4xx_hal_spi.o
LOAD ./Drivers/STM32L4xx_HAL_Driver/Src/stm32l4xx_hal_spi_ex.o
LOAD ./Drivers/STM32L4xx_HAL_Driver/Src/stm32l4xx_hal_tim.o
LOAD ./Drivers/STM32L4xx_HAL_Driver/Src/stm32l4xx_hal_tim_ex.o
LOAD ./Drivers/STM32L4xx_HAL_Driver/Src/stm32l4xx_hal_uart.o
LOAD ./Drivers/STM32L4xx_HAL_Driver/Src/stm32l4xx_hal_uart_ex.o
LOAD ./Drivers/STM32L4xx_HAL_Driver/Src/stm32l4xx_ll_usb.o
LOAD ./L4_IOT_Sensors/Drivers/BSP/B-L475E-IOT01/stm32l475e_iot01.o
LOAD ./L4_IOT_Sensors/Drivers/BSP/B-L475E-IOT01/stm32l475e_iot01_accelero.o
LOAD ./L4_IOT_Sensors/Drivers/BSP/Components/lsm6dsl/lsm6dsl.o
LOAD ./Middlewares/Third_Party/FreeRTOS/Source/CMSIS_RTOS_V2/cmsis_os2.o
LOAD ./Middlewares/Third_Party/FreeRTOS/Source/croutine.o
LOAD ./Middlewares/Third_Party/FreeRTOS/Source/event_groups.o
LOAD ./Middlewares/Third_Party/FreeRTOS/Source/list.o
LOAD ./Middlewares/Third_Party/FreeRTOS/Source/queue.o
LOAD ./Middlewares/Third_Party/FreeRTOS/Source/stream_buffer.o
LOAD ./Middlewares/Third_Party/FreeRTOS/Source/tasks.o
LOAD ./Middlewares/Third_Party/FreeRTOS/Source/timers.o
LOAD ./Middlewares/Third_Party/FreeRTOS/Source/portable/GCC/ARM_CM4F/port.o
LOAD ./Middlewares/Third_Party/FreeRTOS/Source/portable/MemMang/heap_4.o
START GROUP
LOAD c:/st/stm32cubeide_1.11.0/stm32cubeide/plugins/com.st.stm32cube.ide.mcu.externaltools.gnu-tools-for-stm32.10.3-2021.10.win32_1.0.100.202210260954/tools/bin/../lib/gcc/arm-none-eabi/10.3.1/../../../../arm-none-eabi/lib/thumb/v7e-m+fp/hard\libc_nano.a
LOAD c:/st/stm32cubeide_1.11.0/stm32cubeide/plugins/com.st.stm32cube.ide.mcu.externaltools.gnu-tools-for-stm32.10.3-2021.10.win32_1.0.100.202210260954/tools/bin/../lib/gcc/arm-none-eabi/10.3.1/../../../../arm-none-eabi/lib/thumb/v7e-m+fp/hard\libm.a
END GROUP
START GROUP
LOAD c:/st/stm32cubeide_1.11.0/stm32cubeide/plugins/com.st.stm32cube.ide.mcu.externaltools.gnu-tools-for-stm32.10.3-2021.10.win32_1.0.100.202210260954/tools/bin/../lib/gcc/arm-none-eabi/10.3.1/thumb/v7e-m+fp/hard\libgcc.a
LOAD c:/st/stm32cubeide_1.11.0/stm32cubeide/plugins/com.st.stm32cube.ide.mcu.externaltools.gnu-tools-for-stm32.10.3-2021.10.win32_1.0.100.202210260954/tools/bin/../lib/gcc/arm-none-eabi/10.3.1/../../../../arm-none-eabi/lib/thumb/v7e-m+fp/hard\libc_nano.a
END GROUP
START GROUP
LOAD c:/st/stm32cubeide_1.11.0/stm32cubeide/plugins/com.st.stm32cube.ide.mcu.externaltools.gnu-tools-for-stm32.10.3-2021.10.win32_1.0.100.202210260954/tools/bin/../lib/gcc/arm-none-eabi/10.3.1/thumb/v7e-m+fp/hard\libgcc.a
LOAD c:/st/stm32cubeide_1.11.0/stm32cubeide/plugins/com.st.stm32cube.ide.mcu.externaltools.gnu-tools-for-stm32.10.3-2021.10.win32_1.0.100.202210260954/tools/bin/../lib/gcc/arm-none-eabi/10.3.1/../../../../arm-none-eabi/lib/thumb/v7e-m+fp/hard\libc_nano.a
LOAD c:/st/stm32cubeide_1.11.0/stm32cubeide/plugins/com.st.stm32cube.ide.mcu.externaltools.gnu-tools-for-stm32.10.3-2021.10.win32_1.0.100.202210260954/tools/bin/../lib/gcc/arm-none-eabi/10.3.1/../../../../arm-none-eabi/lib/thumb/v7e-m+fp/hard\libnosys.a
END GROUP
START GROUP
LOAD c:/st/stm32cubeide_1.11.0/stm32cubeide/plugins/com.st.stm32cube.ide.mcu.externaltools.gnu-tools-for-stm32.10.3-2021.10.win32_1.0.100.202210260954/tools/bin/../lib/gcc/arm-none-eabi/10.3.1/thumb/v7e-m+fp/hard\libgcc.a
LOAD c:/st/stm32cubeide_1.11.0/stm32cubeide/plugins/com.st.stm32cube.ide.mcu.externaltools.gnu-tools-for-stm32.10.3-2021.10.win32_1.0.100.202210260954/tools/bin/../lib/gcc/arm-none-eabi/10.3.1/../../../../arm-none-eabi/lib/thumb/v7e-m+fp/hard\libc_nano.a
LOAD c:/st/stm32cubeide_1.11.0/stm32cubeide/plugins/com.st.stm32cube.ide.mcu.externaltools.gnu-tools-for-stm32.10.3-2021.10.win32_1.0.100.202210260954/tools/bin/../lib/gcc/arm-none-eabi/10.3.1/../../../../arm-none-eabi/lib/thumb/v7e-m+fp/hard\libnosys.a
END GROUP
LOAD c:/st/stm32cubeide_1.11.0/stm32cubeide/plugins/com.st.stm32cube.ide.mcu.externaltools.gnu-tools-for-stm32.10.3-2021.10.win32_1.0.100.202210260954/tools/bin/../lib/gcc/arm-none-eabi/10.3.1/thumb/v7e-m+fp/hard/crtend.o
LOAD c:/st/stm32cubeide_1.11.0/stm32cubeide/plugins/com.st.stm32cube.ide.mcu.externaltools.gnu-tools-for-stm32.10.3-2021.10.win32_1.0.100.202210260954/tools/bin/../lib/gcc/arm-none-eabi/10.3.1/thumb/v7e-m+fp/hard/crtn.o
                0x0000000020018000                _estack = (ORIGIN (RAM) + LENGTH (RAM))
                0x0000000000000200                _Min_Heap_Size = 0x200
                0x0000000000000400                _Min_Stack_Size = 0x400

.isr_vector     0x0000000008000000      0x188
                0x0000000008000000                . = ALIGN (0x4)
 *(.isr_vector)
 .isr_vector    0x0000000008000000      0x188 ./Core/Startup/startup_stm32l475vgtx.o
                0x0000000008000000                g_pfnVectors
                0x0000000008000188                . = ALIGN (0x4)

.text           0x0000000008000190     0xcf78
                0x0000000008000190                . = ALIGN (0x4)
 *(.text)
 .text          0x0000000008000190       0x40 c:/st/stm32cubeide_1.11.0/stm32cubeide/plugins/com.st.stm32cube.ide.mcu.externaltools.gnu-tools-for-stm32.10.3-2021.10.win32_1.0.100.202210260954/tools/bin/../lib/gcc/arm-none-eabi/10.3.1/thumb/v7e-m+fp/hard/crtbegin.o
 .text          0x00000000080001d0       0x10 c:/st/stm32cubeide_1.11.0/stm32cubeide/plugins/com.st.stm32cube.ide.mcu.externaltools.gnu-tools-for-stm32.10.3-2021.10.win32_1.0.100.202210260954/tools/bin/../lib/gcc/arm-none-eabi/10.3.1/../../../../arm-none-eabi/lib/thumb/v7e-m+fp/hard\libc_nano.a(lib_a-strlen.o)
                0x00000000080001d0                strlen
 .text          0x00000000080001e0       0xa0 c:/st/stm32cubeide_1.11.0/stm32cubeide/plugins/com.st.stm32cube.ide.mcu.externaltools.gnu-tools-for-stm32.10.3-2021.10.win32_1.0.100.202210260954/tools/bin/../lib/gcc/arm-none-eabi/10.3.1/../../../../arm-none-eabi/lib/thumb/v7e-m+fp/hard\libc_nano.a(lib_a-memchr.o)
                0x00000000080001e0                memchr
 .text          0x0000000008000280       0x30 c:/st/stm32cubeide_1.11.0/stm32cubeide/plugins/com.st.stm32cube.ide.mcu.externaltools.gnu-tools-for-stm32.10.3-2021.10.win32_1.0.100.202210260954/tools/bin/../lib/gcc/arm-none-eabi/10.3.1/thumb/v7e-m+fp/hard\libgcc.a(_aeabi_uldivmod.o)
                0x0000000008000280                __aeabi_uldivmod
 .text          0x00000000080002b0      0x2d0 c:/st/stm32cubeide_1.11.0/stm32cubeide/plugins/com.st.stm32cube.ide.mcu.externaltools.gnu-tools-for-stm32.10.3-2021.10.win32_1.0.100.202210260954/tools/bin/../lib/gcc/arm-none-eabi/10.3.1/thumb/v7e-m+fp/hard\libgcc.a(_udivmoddi4.o)
                0x00000000080002b0                __udivmoddi4
 .text          0x0000000008000580        0x4 c:/st/stm32cubeide_1.11.0/stm32cubeide/plugins/com.st.stm32cube.ide.mcu.externaltools.gnu-tools-for-stm32.10.3-2021.10.win32_1.0.100.202210260954/tools/bin/../lib/gcc/arm-none-eabi/10.3.1/thumb/v7e-m+fp/hard\libgcc.a(_dvmd_tls.o)
                0x0000000008000580                __aeabi_idiv0
                0x0000000008000580                __aeabi_ldiv0
 *(.text*)
 .text.ITM_SendChar
                0x0000000008000584       0x4e ./Core/Src/main.o
 *fill*         0x00000000080005d2        0x2 
 .text.configureTimerForRunTimeStats
                0x00000000080005d4       0x1c ./Core/Src/main.o
                0x00000000080005d4                configureTimerForRunTimeStats
 .text.getRunTimeCounterValue
                0x00000000080005f0       0x18 ./Core/Src/main.o
                0x00000000080005f0                getRunTimeCounterValue
 .text.main     0x0000000008000608      0x14c ./Core/Src/main.o
                0x0000000008000608                main
 .text.SystemClock_Config
                0x0000000008000754       0xc8 ./Core/Src/main.o
                0x0000000008000754                SystemClock_Config
 .text.MX_DFSDM1_Init
                0x000000000800081c       0x70 ./Core/Src/main.o
 .text.MX_I2C2_Init
                0x000000000800088c       0x7c ./Core/Src/main.o
 .text.MX_QUADSPI_Init
                0x0000000008000908       0x4c ./Core/Src/main.o
 .text.MX_RTC_Init
                0x0000000008000954       0xb8 ./Core/Src/main.o
 .text.MX_SPI3_Init
                0x0000000008000a0c       0x7c ./Core/Src/main.o
 .text.MX_TIM7_Init
                0x0000000008000a88       0x6c ./Core/Src/main.o
 .text.MX_USART1_UART_Init
                0x0000000008000af4       0x60 ./Core/Src/main.o
 .text.MX_USART3_UART_Init
                0x0000000008000b54       0x60 ./Core/Src/main.o
 .text.MX_USB_OTG_FS_PCD_Init
                0x0000000008000bb4       0x5c ./Core/Src/main.o
 .text.MX_GPIO_Init
                0x0000000008000c10      0x334 ./Core/Src/main.o
 .text._write   0x0000000008000f44       0x38 ./Core/Src/main.o
                0x0000000008000f44                _write
 .text.BSP_ACCELERO_Init_INT
                0x0000000008000f7c       0x7e ./Core/Src/main.o
                0x0000000008000f7c                BSP_ACCELERO_Init_INT
 *fill*         0x0000000008000ffa        0x2 
 .text.HAL_UART_RxCpltCallback
                0x0000000008000ffc       0x4c ./Core/Src/main.o
                0x0000000008000ffc                HAL_UART_RxCpltCallback
 .text.HAL_GPIO_EXTI_Callback
                0x0000000008001048       0x4c ./Core/Src/main.o
                0x0000000008001048                HAL_GPIO_EXTI_Callback
 .text.RTC_set_func
                0x0000000008001094      0x318 ./Core/Src/main.o
                0x0000000008001094                RTC_set_func
 .text.readAccel_func
                0x00000000080013ac      0x1dc ./Core/Src/main.o
                0x00000000080013ac                readAccel_func
 .text.printTask_func
                0x0000000008001588       0x68 ./Core/Src/main.o
                0x0000000008001588                printTask_func
 .text.tarea_UART_func
                0x00000000080015f0       0x50 ./Core/Src/main.o
                0x00000000080015f0                tarea_UART_func
 .text.temporizador_func
                0x0000000008001640       0x38 ./Core/Src/main.o
                0x0000000008001640                temporizador_func
 .text.sendMQTT_func
                0x0000000008001678       0xb0 ./Core/Src/main.o
                0x0000000008001678                sendMQTT_func
 .text.HAL_TIM_PeriodElapsedCallback
                0x0000000008001728       0x24 ./Core/Src/main.o
                0x0000000008001728                HAL_TIM_PeriodElapsedCallback
 .text.Error_Handler
                0x000000000800174c        0xa ./Core/Src/main.o
                0x000000000800174c                Error_Handler
 *fill*         0x0000000008001756        0x2 
 .text.HAL_MspInit
                0x0000000008001758       0x50 ./Core/Src/stm32l4xx_hal_msp.o
                0x0000000008001758                HAL_MspInit
 .text.HAL_DFSDM_ChannelMspInit
                0x00000000080017a8       0xc8 ./Core/Src/stm32l4xx_hal_msp.o
                0x00000000080017a8                HAL_DFSDM_ChannelMspInit
 .text.HAL_I2C_MspInit
                0x0000000008001870       0xbc ./Core/Src/stm32l4xx_hal_msp.o
                0x0000000008001870                HAL_I2C_MspInit
 .text.HAL_I2C_MspDeInit
                0x000000000800192c       0x48 ./Core/Src/stm32l4xx_hal_msp.o
                0x000000000800192c                HAL_I2C_MspDeInit
 .text.HAL_QSPI_MspInit
                0x0000000008001974       0x88 ./Core/Src/stm32l4xx_hal_msp.o
                0x0000000008001974                HAL_QSPI_MspInit
 .text.HAL_RTC_MspInit
                0x00000000080019fc       0x64 ./Core/Src/stm32l4xx_hal_msp.o
                0x00000000080019fc                HAL_RTC_MspInit
 .text.HAL_SPI_MspInit
                0x0000000008001a60       0x88 ./Core/Src/stm32l4xx_hal_msp.o
                0x0000000008001a60                HAL_SPI_MspInit
 .text.HAL_TIM_Base_MspInit
                0x0000000008001ae8       0x4c ./Core/Src/stm32l4xx_hal_msp.o
                0x0000000008001ae8                HAL_TIM_Base_MspInit
 .text.HAL_UART_MspInit
                0x0000000008001b34      0x158 ./Core/Src/stm32l4xx_hal_msp.o
                0x0000000008001b34                HAL_UART_MspInit
 .text.HAL_PCD_MspInit
                0x0000000008001c8c      0x138 ./Core/Src/stm32l4xx_hal_msp.o
                0x0000000008001c8c                HAL_PCD_MspInit
 .text.HAL_InitTick
                0x0000000008001dc4       0xf4 ./Core/Src/stm32l4xx_hal_timebase_tim.o
                0x0000000008001dc4                HAL_InitTick
 .text.NMI_Handler
                0x0000000008001eb8        0x6 ./Core/Src/stm32l4xx_it.o
                0x0000000008001eb8                NMI_Handler
 .text.HardFault_Handler
                0x0000000008001ebe        0x6 ./Core/Src/stm32l4xx_it.o
                0x0000000008001ebe                HardFault_Handler
 .text.MemManage_Handler
                0x0000000008001ec4        0x6 ./Core/Src/stm32l4xx_it.o
                0x0000000008001ec4                MemManage_Handler
 .text.BusFault_Handler
                0x0000000008001eca        0x6 ./Core/Src/stm32l4xx_it.o
                0x0000000008001eca                BusFault_Handler
 .text.UsageFault_Handler
                0x0000000008001ed0        0x6 ./Core/Src/stm32l4xx_it.o
                0x0000000008001ed0                UsageFault_Handler
 .text.DebugMon_Handler
                0x0000000008001ed6        0xe ./Core/Src/stm32l4xx_it.o
                0x0000000008001ed6                DebugMon_Handler
 .text.EXTI9_5_IRQHandler
                0x0000000008001ee4       0x22 ./Core/Src/stm32l4xx_it.o
                0x0000000008001ee4                EXTI9_5_IRQHandler
 *fill*         0x0000000008001f06        0x2 
 .text.USART1_IRQHandler
                0x0000000008001f08       0x14 ./Core/Src/stm32l4xx_it.o
                0x0000000008001f08                USART1_IRQHandler
 .text.EXTI15_10_IRQHandler
                0x0000000008001f1c       0x30 ./Core/Src/stm32l4xx_it.o
                0x0000000008001f1c                EXTI15_10_IRQHandler
 .text.TIM6_DAC_IRQHandler
                0x0000000008001f4c       0x14 ./Core/Src/stm32l4xx_it.o
                0x0000000008001f4c                TIM6_DAC_IRQHandler
 .text.TIM7_IRQHandler
                0x0000000008001f60       0x20 ./Core/Src/stm32l4xx_it.o
                0x0000000008001f60                TIM7_IRQHandler
 .text._read    0x0000000008001f80       0x3a ./Core/Src/syscalls.o
                0x0000000008001f80                _read
 .text._close   0x0000000008001fba       0x18 ./Core/Src/syscalls.o
                0x0000000008001fba                _close
 .text._fstat   0x0000000008001fd2       0x20 ./Core/Src/syscalls.o
                0x0000000008001fd2                _fstat
 .text._isatty  0x0000000008001ff2       0x16 ./Core/Src/syscalls.o
                0x0000000008001ff2                _isatty
 .text._lseek   0x0000000008002008       0x1a ./Core/Src/syscalls.o
                0x0000000008002008                _lseek
 *fill*         0x0000000008002022        0x2 
 .text._sbrk    0x0000000008002024       0x6c ./Core/Src/sysmem.o
                0x0000000008002024                _sbrk
 .text.SystemInit
                0x0000000008002090       0x24 ./Core/Src/system_stm32l4xx.o
                0x0000000008002090                SystemInit
 .text.Reset_Handler
                0x00000000080020b4       0x50 ./Core/Startup/startup_stm32l475vgtx.o
                0x00000000080020b4                Reset_Handler
 .text.Default_Handler
                0x0000000008002104        0x2 ./Core/Startup/startup_stm32l475vgtx.o
                0x0000000008002104                RTC_Alarm_IRQHandler
                0x0000000008002104                EXTI2_IRQHandler
                0x0000000008002104                TIM8_TRG_COM_IRQHandler
                0x0000000008002104                TIM8_CC_IRQHandler
                0x0000000008002104                TIM1_CC_IRQHandler
                0x0000000008002104                TSC_IRQHandler
                0x0000000008002104                TAMP_STAMP_IRQHandler
                0x0000000008002104                EXTI3_IRQHandler
                0x0000000008002104                LPTIM2_IRQHandler
                0x0000000008002104                DFSDM1_FLT1_IRQHandler
                0x0000000008002104                I2C3_ER_IRQHandler
                0x0000000008002104                DFSDM1_FLT2_IRQHandler
                0x0000000008002104                EXTI0_IRQHandler
                0x0000000008002104                I2C2_EV_IRQHandler
                0x0000000008002104                CAN1_RX0_IRQHandler
                0x0000000008002104                FPU_IRQHandler
                0x0000000008002104                TIM1_UP_TIM16_IRQHandler
                0x0000000008002104                ADC1_2_IRQHandler
                0x0000000008002104                SPI1_IRQHandler
                0x0000000008002104                TIM8_UP_IRQHandler
                0x0000000008002104                DMA2_Channel2_IRQHandler
                0x0000000008002104                DMA1_Channel4_IRQHandler
                0x0000000008002104                SAI2_IRQHandler
                0x0000000008002104                DFSDM1_FLT3_IRQHandler
                0x0000000008002104                USART3_IRQHandler
                0x0000000008002104                DMA1_Channel7_IRQHandler
                0x0000000008002104                CAN1_RX1_IRQHandler
                0x0000000008002104                UART5_IRQHandler
                0x0000000008002104                ADC3_IRQHandler
                0x0000000008002104                TIM4_IRQHandler
                0x0000000008002104                DMA2_Channel1_IRQHandler
                0x0000000008002104                QUADSPI_IRQHandler
                0x0000000008002104                I2C1_EV_IRQHandler
                0x0000000008002104                DMA1_Channel6_IRQHandler
                0x0000000008002104                UART4_IRQHandler
                0x0000000008002104                DMA2_Channel4_IRQHandler
                0x0000000008002104                TIM3_IRQHandler
                0x0000000008002104                RCC_IRQHandler
                0x0000000008002104                DMA1_Channel1_IRQHandler
                0x0000000008002104                Default_Handler
                0x0000000008002104                DMA2_Channel7_IRQHandler
                0x0000000008002104                SDMMC1_IRQHandler
                0x0000000008002104                TIM5_IRQHandler
                0x0000000008002104                I2C3_EV_IRQHandler
                0x0000000008002104                RTC_WKUP_IRQHandler
                0x0000000008002104                PVD_PVM_IRQHandler
                0x0000000008002104                SPI2_IRQHandler
                0x0000000008002104                CAN1_TX_IRQHandler
                0x0000000008002104                DMA2_Channel5_IRQHandler
                0x0000000008002104                DMA1_Channel5_IRQHandler
                0x0000000008002104                EXTI4_IRQHandler
                0x0000000008002104                RNG_IRQHandler
                0x0000000008002104                TIM1_TRG_COM_TIM17_IRQHandler
                0x0000000008002104                DMA1_Channel3_IRQHandler
                0x0000000008002104                COMP_IRQHandler
                0x0000000008002104                WWDG_IRQHandler
                0x0000000008002104                LPUART1_IRQHandler
                0x0000000008002104                DMA2_Channel6_IRQHandler
                0x0000000008002104                TIM2_IRQHandler
                0x0000000008002104                EXTI1_IRQHandler
                0x0000000008002104                USART2_IRQHandler
                0x0000000008002104                DFSDM1_FLT0_IRQHandler
                0x0000000008002104                I2C2_ER_IRQHandler
                0x0000000008002104                DMA1_Channel2_IRQHandler
                0x0000000008002104                TIM8_BRK_IRQHandler
                0x0000000008002104                CAN1_SCE_IRQHandler
                0x0000000008002104                FLASH_IRQHandler
                0x0000000008002104                OTG_FS_IRQHandler
                0x0000000008002104                SPI3_IRQHandler
                0x0000000008002104                I2C1_ER_IRQHandler
                0x0000000008002104                FMC_IRQHandler
                0x0000000008002104                SWPMI1_IRQHandler
                0x0000000008002104                LPTIM1_IRQHandler
                0x0000000008002104                SAI1_IRQHandler
                0x0000000008002104                DMA2_Channel3_IRQHandler
                0x0000000008002104                TIM1_BRK_TIM15_IRQHandler
 .text.HAL_Init
                0x0000000008002106       0x30 ./Drivers/STM32L4xx_HAL_Driver/Src/stm32l4xx_hal.o
                0x0000000008002106                HAL_Init
 *fill*         0x0000000008002136        0x2 
 .text.HAL_IncTick
                0x0000000008002138       0x28 ./Drivers/STM32L4xx_HAL_Driver/Src/stm32l4xx_hal.o
                0x0000000008002138                HAL_IncTick
 .text.HAL_GetTick
                0x0000000008002160       0x18 ./Drivers/STM32L4xx_HAL_Driver/Src/stm32l4xx_hal.o
                0x0000000008002160                HAL_GetTick
 .text.HAL_Delay
                0x0000000008002178       0x48 ./Drivers/STM32L4xx_HAL_Driver/Src/stm32l4xx_hal.o
                0x0000000008002178                HAL_Delay
 .text.__NVIC_SetPriorityGrouping
                0x00000000080021c0       0x48 ./Drivers/STM32L4xx_HAL_Driver/Src/stm32l4xx_hal_cortex.o
 .text.__NVIC_GetPriorityGrouping
                0x0000000008002208       0x1c ./Drivers/STM32L4xx_HAL_Driver/Src/stm32l4xx_hal_cortex.o
 .text.__NVIC_EnableIRQ
                0x0000000008002224       0x3c ./Drivers/STM32L4xx_HAL_Driver/Src/stm32l4xx_hal_cortex.o
 .text.__NVIC_SetPriority
                0x0000000008002260       0x54 ./Drivers/STM32L4xx_HAL_Driver/Src/stm32l4xx_hal_cortex.o
 .text.NVIC_EncodePriority
                0x00000000080022b4       0x66 ./Drivers/STM32L4xx_HAL_Driver/Src/stm32l4xx_hal_cortex.o
 .text.HAL_NVIC_SetPriorityGrouping
                0x000000000800231a       0x16 ./Drivers/STM32L4xx_HAL_Driver/Src/stm32l4xx_hal_cortex.o
                0x000000000800231a                HAL_NVIC_SetPriorityGrouping
 .text.HAL_NVIC_SetPriority
                0x0000000008002330       0x38 ./Drivers/STM32L4xx_HAL_Driver/Src/stm32l4xx_hal_cortex.o
                0x0000000008002330                HAL_NVIC_SetPriority
 .text.HAL_NVIC_EnableIRQ
                0x0000000008002368       0x1c ./Drivers/STM32L4xx_HAL_Driver/Src/stm32l4xx_hal_cortex.o
                0x0000000008002368                HAL_NVIC_EnableIRQ
 .text.HAL_DFSDM_ChannelInit
                0x0000000008002384      0x180 ./Drivers/STM32L4xx_HAL_Driver/Src/stm32l4xx_hal_dfsdm.o
                0x0000000008002384                HAL_DFSDM_ChannelInit
 .text.DFSDM_GetChannelFromInstance
                0x0000000008002504       0x98 ./Drivers/STM32L4xx_HAL_Driver/Src/stm32l4xx_hal_dfsdm.o
 .text.HAL_DMA_Abort
                0x000000000800259c       0x7c ./Drivers/STM32L4xx_HAL_Driver/Src/stm32l4xx_hal_dma.o
                0x000000000800259c                HAL_DMA_Abort
 .text.HAL_DMA_Abort_IT
                0x0000000008002618       0x82 ./Drivers/STM32L4xx_HAL_Driver/Src/stm32l4xx_hal_dma.o
                0x0000000008002618                HAL_DMA_Abort_IT
 *fill*         0x000000000800269a        0x2 
 .text.HAL_GPIO_Init
                0x000000000800269c      0x354 ./Drivers/STM32L4xx_HAL_Driver/Src/stm32l4xx_hal_gpio.o
                0x000000000800269c                HAL_GPIO_Init
 .text.HAL_GPIO_DeInit
                0x00000000080029f0      0x1e8 ./Drivers/STM32L4xx_HAL_Driver/Src/stm32l4xx_hal_gpio.o
                0x00000000080029f0                HAL_GPIO_DeInit
 .text.HAL_GPIO_WritePin
                0x0000000008002bd8       0x30 ./Drivers/STM32L4xx_HAL_Driver/Src/stm32l4xx_hal_gpio.o
                0x0000000008002bd8                HAL_GPIO_WritePin
 .text.HAL_GPIO_EXTI_IRQHandler
                0x0000000008002c08       0x30 ./Drivers/STM32L4xx_HAL_Driver/Src/stm32l4xx_hal_gpio.o
                0x0000000008002c08                HAL_GPIO_EXTI_IRQHandler
 .text.HAL_I2C_Init
                0x0000000008002c38      0x11e ./Drivers/STM32L4xx_HAL_Driver/Src/stm32l4xx_hal_i2c.o
                0x0000000008002c38                HAL_I2C_Init
 .text.HAL_I2C_DeInit
                0x0000000008002d56       0x5e ./Drivers/STM32L4xx_HAL_Driver/Src/stm32l4xx_hal_i2c.o
                0x0000000008002d56                HAL_I2C_DeInit
 .text.HAL_I2C_Mem_Write
                0x0000000008002db4      0x228 ./Drivers/STM32L4xx_HAL_Driver/Src/stm32l4xx_hal_i2c.o
                0x0000000008002db4                HAL_I2C_Mem_Write
 .text.HAL_I2C_Mem_Read
                0x0000000008002fdc      0x234 ./Drivers/STM32L4xx_HAL_Driver/Src/stm32l4xx_hal_i2c.o
                0x0000000008002fdc                HAL_I2C_Mem_Read
 .text.I2C_RequestMemoryWrite
                0x0000000008003210       0xa8 ./Drivers/STM32L4xx_HAL_Driver/Src/stm32l4xx_hal_i2c.o
 .text.I2C_RequestMemoryRead
                0x00000000080032b8       0xa8 ./Drivers/STM32L4xx_HAL_Driver/Src/stm32l4xx_hal_i2c.o
 .text.I2C_Flush_TXDR
                0x0000000008003360       0x48 ./Drivers/STM32L4xx_HAL_Driver/Src/stm32l4xx_hal_i2c.o
 .text.I2C_WaitOnFlagUntilTimeout
                0x00000000080033a8       0x80 ./Drivers/STM32L4xx_HAL_Driver/Src/stm32l4xx_hal_i2c.o
 .text.I2C_WaitOnTXISFlagUntilTimeout
                0x0000000008003428       0x80 ./Drivers/STM32L4xx_HAL_Driver/Src/stm32l4xx_hal_i2c.o
 .text.I2C_WaitOnSTOPFlagUntilTimeout
                0x00000000080034a8       0x78 ./Drivers/STM32L4xx_HAL_Driver/Src/stm32l4xx_hal_i2c.o
 .text.I2C_IsErrorOccurred
                0x0000000008003520      0x1d8 ./Drivers/STM32L4xx_HAL_Driver/Src/stm32l4xx_hal_i2c.o
 .text.I2C_TransferConfig
                0x00000000080036f8       0x64 ./Drivers/STM32L4xx_HAL_Driver/Src/stm32l4xx_hal_i2c.o
 .text.HAL_I2CEx_ConfigAnalogFilter
                0x000000000800375c       0x96 ./Drivers/STM32L4xx_HAL_Driver/Src/stm32l4xx_hal_i2c_ex.o
                0x000000000800375c                HAL_I2CEx_ConfigAnalogFilter
 .text.HAL_I2CEx_ConfigDigitalFilter
                0x00000000080037f2       0x98 ./Drivers/STM32L4xx_HAL_Driver/Src/stm32l4xx_hal_i2c_ex.o
                0x00000000080037f2                HAL_I2CEx_ConfigDigitalFilter
 .text.HAL_PCD_Init
                0x000000000800388a      0x248 ./Drivers/STM32L4xx_HAL_Driver/Src/stm32l4xx_hal_pcd.o
                0x000000000800388a                HAL_PCD_Init
 .text.HAL_PCDEx_ActivateLPM
                0x0000000008003ad2       0x48 ./Drivers/STM32L4xx_HAL_Driver/Src/stm32l4xx_hal_pcd_ex.o
                0x0000000008003ad2                HAL_PCDEx_ActivateLPM
 *fill*         0x0000000008003b1a        0x2 
 .text.HAL_PWR_EnableBkUpAccess
                0x0000000008003b1c       0x20 ./Drivers/STM32L4xx_HAL_Driver/Src/stm32l4xx_hal_pwr.o
                0x0000000008003b1c                HAL_PWR_EnableBkUpAccess
 .text.HAL_PWREx_GetVoltageRange
                0x0000000008003b3c       0x1c ./Drivers/STM32L4xx_HAL_Driver/Src/stm32l4xx_hal_pwr_ex.o
                0x0000000008003b3c                HAL_PWREx_GetVoltageRange
 .text.HAL_PWREx_ControlVoltageScaling
                0x0000000008003b58       0xac ./Drivers/STM32L4xx_HAL_Driver/Src/stm32l4xx_hal_pwr_ex.o
                0x0000000008003b58                HAL_PWREx_ControlVoltageScaling
 .text.HAL_PWREx_EnableVddUSB
                0x0000000008003c04       0x20 ./Drivers/STM32L4xx_HAL_Driver/Src/stm32l4xx_hal_pwr_ex.o
                0x0000000008003c04                HAL_PWREx_EnableVddUSB
 .text.HAL_QSPI_Init
                0x0000000008003c24       0xec ./Drivers/STM32L4xx_HAL_Driver/Src/stm32l4xx_hal_qspi.o
                0x0000000008003c24                HAL_QSPI_Init
 .text.HAL_QSPI_SetTimeout
                0x0000000008003d10       0x1c ./Drivers/STM32L4xx_HAL_Driver/Src/stm32l4xx_hal_qspi.o
                0x0000000008003d10                HAL_QSPI_SetTimeout
 .text.QSPI_WaitFlagStateUntilTimeout
                0x0000000008003d2c       0x6e ./Drivers/STM32L4xx_HAL_Driver/Src/stm32l4xx_hal_qspi.o
 *fill*         0x0000000008003d9a        0x2 
 .text.HAL_RCC_OscConfig
                0x0000000008003d9c      0x7b8 ./Drivers/STM32L4xx_HAL_Driver/Src/stm32l4xx_hal_rcc.o
                0x0000000008003d9c                HAL_RCC_OscConfig
 .text.HAL_RCC_ClockConfig
                0x0000000008004554      0x200 ./Drivers/STM32L4xx_HAL_Driver/Src/stm32l4xx_hal_rcc.o
                0x0000000008004554                HAL_RCC_ClockConfig
 .text.HAL_RCC_GetSysClockFreq
                0x0000000008004754      0x118 ./Drivers/STM32L4xx_HAL_Driver/Src/stm32l4xx_hal_rcc.o
                0x0000000008004754                HAL_RCC_GetSysClockFreq
 .text.HAL_RCC_GetHCLKFreq
                0x000000000800486c       0x18 ./Drivers/STM32L4xx_HAL_Driver/Src/stm32l4xx_hal_rcc.o
                0x000000000800486c                HAL_RCC_GetHCLKFreq
 .text.HAL_RCC_GetPCLK1Freq
                0x0000000008004884       0x2c ./Drivers/STM32L4xx_HAL_Driver/Src/stm32l4xx_hal_rcc.o
                0x0000000008004884                HAL_RCC_GetPCLK1Freq
 .text.HAL_RCC_GetPCLK2Freq
                0x00000000080048b0       0x2c ./Drivers/STM32L4xx_HAL_Driver/Src/stm32l4xx_hal_rcc.o
                0x00000000080048b0                HAL_RCC_GetPCLK2Freq
 .text.HAL_RCC_GetClockConfig
                0x00000000080048dc       0x64 ./Drivers/STM32L4xx_HAL_Driver/Src/stm32l4xx_hal_rcc.o
                0x00000000080048dc                HAL_RCC_GetClockConfig
 .text.RCC_SetFlashLatencyFromMSIRange
                0x0000000008004940       0xc0 ./Drivers/STM32L4xx_HAL_Driver/Src/stm32l4xx_hal_rcc.o
 .text.HAL_RCCEx_PeriphCLKConfig
                0x0000000008004a00      0x5d4 ./Drivers/STM32L4xx_HAL_Driver/Src/stm32l4xx_hal_rcc_ex.o
                0x0000000008004a00                HAL_RCCEx_PeriphCLKConfig
 .text.HAL_RCCEx_EnableMSIPLLMode
                0x0000000008004fd4       0x20 ./Drivers/STM32L4xx_HAL_Driver/Src/stm32l4xx_hal_rcc_ex.o
                0x0000000008004fd4                HAL_RCCEx_EnableMSIPLLMode
 .text.RCCEx_PLLSAI1_Config
                0x0000000008004ff4      0x1e8 ./Drivers/STM32L4xx_HAL_Driver/Src/stm32l4xx_hal_rcc_ex.o
 .text.RCCEx_PLLSAI2_Config
                0x00000000080051dc      0x1bc ./Drivers/STM32L4xx_HAL_Driver/Src/stm32l4xx_hal_rcc_ex.o
 .text.HAL_RTC_Init
                0x0000000008005398       0xf6 ./Drivers/STM32L4xx_HAL_Driver/Src/stm32l4xx_hal_rtc.o
                0x0000000008005398                HAL_RTC_Init
 .text.HAL_RTC_SetTime
                0x000000000800548e      0x13a ./Drivers/STM32L4xx_HAL_Driver/Src/stm32l4xx_hal_rtc.o
                0x000000000800548e                HAL_RTC_SetTime
 .text.HAL_RTC_GetTime
                0x00000000080055c8       0xb8 ./Drivers/STM32L4xx_HAL_Driver/Src/stm32l4xx_hal_rtc.o
                0x00000000080055c8                HAL_RTC_GetTime
 .text.HAL_RTC_SetDate
                0x0000000008005680      0x10e ./Drivers/STM32L4xx_HAL_Driver/Src/stm32l4xx_hal_rtc.o
                0x0000000008005680                HAL_RTC_SetDate
 .text.HAL_RTC_GetDate
                0x000000000800578e       0x9a ./Drivers/STM32L4xx_HAL_Driver/Src/stm32l4xx_hal_rtc.o
                0x000000000800578e                HAL_RTC_GetDate
 .text.HAL_RTC_WaitForSynchro
                0x0000000008005828       0x4c ./Drivers/STM32L4xx_HAL_Driver/Src/stm32l4xx_hal_rtc.o
                0x0000000008005828                HAL_RTC_WaitForSynchro
 .text.RTC_EnterInitMode
                0x0000000008005874       0x66 ./Drivers/STM32L4xx_HAL_Driver/Src/stm32l4xx_hal_rtc.o
                0x0000000008005874                RTC_EnterInitMode
 *fill*         0x00000000080058da        0x2 
 .text.RTC_ExitInitMode
                0x00000000080058dc       0x7c ./Drivers/STM32L4xx_HAL_Driver/Src/stm32l4xx_hal_rtc.o
                0x00000000080058dc                RTC_ExitInitMode
 .text.RTC_ByteToBcd2
                0x0000000008005958       0x40 ./Drivers/STM32L4xx_HAL_Driver/Src/stm32l4xx_hal_rtc.o
                0x0000000008005958                RTC_ByteToBcd2
 .text.RTC_Bcd2ToByte
                0x0000000008005998       0x34 ./Drivers/STM32L4xx_HAL_Driver/Src/stm32l4xx_hal_rtc.o
                0x0000000008005998                RTC_Bcd2ToByte
 .text.HAL_SPI_Init
                0x00000000080059cc      0x146 ./Drivers/STM32L4xx_HAL_Driver/Src/stm32l4xx_hal_spi.o
                0x00000000080059cc                HAL_SPI_Init
 .text.HAL_TIM_Base_Init
                0x0000000008005b12       0xae ./Drivers/STM32L4xx_HAL_Driver/Src/stm32l4xx_hal_tim.o
                0x0000000008005b12                HAL_TIM_Base_Init
 .text.HAL_TIM_Base_Start_IT
                0x0000000008005bc0       0xe0 ./Drivers/STM32L4xx_HAL_Driver/Src/stm32l4xx_hal_tim.o
                0x0000000008005bc0                HAL_TIM_Base_Start_IT
 .text.HAL_TIM_IRQHandler
                0x0000000008005ca0      0x23e ./Drivers/STM32L4xx_HAL_Driver/Src/stm32l4xx_hal_tim.o
                0x0000000008005ca0                HAL_TIM_IRQHandler
 .text.HAL_TIM_OC_DelayElapsedCallback
                0x0000000008005ede       0x14 ./Drivers/STM32L4xx_HAL_Driver/Src/stm32l4xx_hal_tim.o
                0x0000000008005ede                HAL_TIM_OC_DelayElapsedCallback
 .text.HAL_TIM_IC_CaptureCallback
                0x0000000008005ef2       0x14 ./Drivers/STM32L4xx_HAL_Driver/Src/stm32l4xx_hal_tim.o
                0x0000000008005ef2                HAL_TIM_IC_CaptureCallback
 .text.HAL_TIM_PWM_PulseFinishedCallback
                0x0000000008005f06       0x14 ./Drivers/STM32L4xx_HAL_Driver/Src/stm32l4xx_hal_tim.o
                0x0000000008005f06                HAL_TIM_PWM_PulseFinishedCallback
 .text.HAL_TIM_TriggerCallback
                0x0000000008005f1a       0x14 ./Drivers/STM32L4xx_HAL_Driver/Src/stm32l4xx_hal_tim.o
                0x0000000008005f1a                HAL_TIM_TriggerCallback
 *fill*         0x0000000008005f2e        0x2 
 .text.TIM_Base_SetConfig
                0x0000000008005f30      0x134 ./Drivers/STM32L4xx_HAL_Driver/Src/stm32l4xx_hal_tim.o
                0x0000000008005f30                TIM_Base_SetConfig
 .text.HAL_TIMEx_MasterConfigSynchronization
                0x0000000008006064      0x110 ./Drivers/STM32L4xx_HAL_Driver/Src/stm32l4xx_hal_tim_ex.o
                0x0000000008006064                HAL_TIMEx_MasterConfigSynchronization
 .text.HAL_TIMEx_CommutCallback
                0x0000000008006174       0x14 ./Drivers/STM32L4xx_HAL_Driver/Src/stm32l4xx_hal_tim_ex.o
                0x0000000008006174                HAL_TIMEx_CommutCallback
 .text.HAL_TIMEx_BreakCallback
                0x0000000008006188       0x14 ./Drivers/STM32L4xx_HAL_Driver/Src/stm32l4xx_hal_tim_ex.o
                0x0000000008006188                HAL_TIMEx_BreakCallback
 .text.HAL_TIMEx_Break2Callback
                0x000000000800619c       0x14 ./Drivers/STM32L4xx_HAL_Driver/Src/stm32l4xx_hal_tim_ex.o
                0x000000000800619c                HAL_TIMEx_Break2Callback
 .text.HAL_UART_Init
                0x00000000080061b0       0x9c ./Drivers/STM32L4xx_HAL_Driver/Src/stm32l4xx_hal_uart.o
                0x00000000080061b0                HAL_UART_Init
 .text.HAL_UART_Transmit
                0x000000000800624c      0x128 ./Drivers/STM32L4xx_HAL_Driver/Src/stm32l4xx_hal_uart.o
                0x000000000800624c                HAL_UART_Transmit
 .text.HAL_UART_Receive_IT
                0x0000000008006374       0xac ./Drivers/STM32L4xx_HAL_Driver/Src/stm32l4xx_hal_uart.o
                0x0000000008006374                HAL_UART_Receive_IT
 .text.HAL_UART_IRQHandler
                0x0000000008006420      0x5c4 ./Drivers/STM32L4xx_HAL_Driver/Src/stm32l4xx_hal_uart.o
                0x0000000008006420                HAL_UART_IRQHandler
 .text.HAL_UART_TxCpltCallback
                0x00000000080069e4       0x14 ./Drivers/STM32L4xx_HAL_Driver/Src/stm32l4xx_hal_uart.o
                0x00000000080069e4                HAL_UART_TxCpltCallback
 .text.HAL_UART_ErrorCallback
                0x00000000080069f8       0x14 ./Drivers/STM32L4xx_HAL_Driver/Src/stm32l4xx_hal_uart.o
                0x00000000080069f8                HAL_UART_ErrorCallback
 .text.HAL_UARTEx_RxEventCallback
                0x0000000008006a0c       0x18 ./Drivers/STM32L4xx_HAL_Driver/Src/stm32l4xx_hal_uart.o
                0x0000000008006a0c                HAL_UARTEx_RxEventCallback
 .text.UART_SetConfig
                0x0000000008006a24      0x570 ./Drivers/STM32L4xx_HAL_Driver/Src/stm32l4xx_hal_uart.o
                0x0000000008006a24                UART_SetConfig
 .text.UART_AdvFeatureConfig
                0x0000000008006f94      0x144 ./Drivers/STM32L4xx_HAL_Driver/Src/stm32l4xx_hal_uart.o
                0x0000000008006f94                UART_AdvFeatureConfig
 .text.UART_CheckIdleState
                0x00000000080070d8       0x92 ./Drivers/STM32L4xx_HAL_Driver/Src/stm32l4xx_hal_uart.o
                0x00000000080070d8                UART_CheckIdleState
 .text.UART_WaitOnFlagUntilTimeout
                0x000000000800716a      0x188 ./Drivers/STM32L4xx_HAL_Driver/Src/stm32l4xx_hal_uart.o
                0x000000000800716a                UART_WaitOnFlagUntilTimeout
 *fill*         0x00000000080072f2        0x2 
 .text.UART_Start_Receive_IT
                0x00000000080072f4      0x194 ./Drivers/STM32L4xx_HAL_Driver/Src/stm32l4xx_hal_uart.o
                0x00000000080072f4                UART_Start_Receive_IT
 .text.UART_EndRxTransfer
                0x0000000008007488       0xc6 ./Drivers/STM32L4xx_HAL_Driver/Src/stm32l4xx_hal_uart.o
 .text.UART_DMAAbortOnError
                0x000000000800754e       0x2c ./Drivers/STM32L4xx_HAL_Driver/Src/stm32l4xx_hal_uart.o
 .text.UART_EndTransmit_IT
                0x000000000800757a       0x54 ./Drivers/STM32L4xx_HAL_Driver/Src/stm32l4xx_hal_uart.o
 .text.UART_RxISR_8BIT
                0x00000000080075ce      0x160 ./Drivers/STM32L4xx_HAL_Driver/Src/stm32l4xx_hal_uart.o
 .text.UART_RxISR_16BIT
                0x000000000800772e      0x160 ./Drivers/STM32L4xx_HAL_Driver/Src/stm32l4xx_hal_uart.o
 .text.HAL_UARTEx_WakeupCallback
                0x000000000800788e       0x14 ./Drivers/STM32L4xx_HAL_Driver/Src/stm32l4xx_hal_uart_ex.o
                0x000000000800788e                HAL_UARTEx_WakeupCallback
 .text.USB_CoreInit
                0x00000000080078a2       0x58 ./Drivers/STM32L4xx_HAL_Driver/Src/stm32l4xx_ll_usb.o
                0x00000000080078a2                USB_CoreInit
 .text.USB_DisableGlobalInt
                0x00000000080078fa       0x22 ./Drivers/STM32L4xx_HAL_Driver/Src/stm32l4xx_ll_usb.o
                0x00000000080078fa                USB_DisableGlobalInt
 .text.USB_SetCurrentMode
                0x000000000800791c       0x98 ./Drivers/STM32L4xx_HAL_Driver/Src/stm32l4xx_ll_usb.o
                0x000000000800791c                USB_SetCurrentMode
 .text.USB_DevInit
                0x00000000080079b4      0x298 ./Drivers/STM32L4xx_HAL_Driver/Src/stm32l4xx_ll_usb.o
                0x00000000080079b4                USB_DevInit
 .text.USB_FlushTxFifo
                0x0000000008007c4c       0x68 ./Drivers/STM32L4xx_HAL_Driver/Src/stm32l4xx_ll_usb.o
                0x0000000008007c4c                USB_FlushTxFifo
 .text.USB_FlushRxFifo
                0x0000000008007cb4       0x60 ./Drivers/STM32L4xx_HAL_Driver/Src/stm32l4xx_ll_usb.o
                0x0000000008007cb4                USB_FlushRxFifo
 .text.USB_SetDevSpeed
                0x0000000008007d14       0x32 ./Drivers/STM32L4xx_HAL_Driver/Src/stm32l4xx_ll_usb.o
                0x0000000008007d14                USB_SetDevSpeed
 .text.USB_DevDisconnect
                0x0000000008007d46       0x42 ./Drivers/STM32L4xx_HAL_Driver/Src/stm32l4xx_ll_usb.o
                0x0000000008007d46                USB_DevDisconnect
 .text.USB_GetMode
                0x0000000008007d88       0x1c ./Drivers/STM32L4xx_HAL_Driver/Src/stm32l4xx_ll_usb.o
                0x0000000008007d88                USB_GetMode
 .text.USB_CoreReset
                0x0000000008007da4       0x68 ./Drivers/STM32L4xx_HAL_Driver/Src/stm32l4xx_ll_usb.o
 .text.I2Cx_MspInit
                0x0000000008007e0c       0xb0 ./L4_IOT_Sensors/Drivers/BSP/B-L475E-IOT01/stm32l475e_iot01.o
 .text.I2Cx_Init
                0x0000000008007ebc       0x5c ./L4_IOT_Sensors/Drivers/BSP/B-L475E-IOT01/stm32l475e_iot01.o
 .text.I2Cx_ReadMultiple
                0x0000000008007f18       0x5a ./L4_IOT_Sensors/Drivers/BSP/B-L475E-IOT01/stm32l475e_iot01.o
 .text.I2Cx_WriteMultiple
                0x0000000008007f72       0x5a ./L4_IOT_Sensors/Drivers/BSP/B-L475E-IOT01/stm32l475e_iot01.o
 .text.I2Cx_Error
                0x0000000008007fcc       0x20 ./L4_IOT_Sensors/Drivers/BSP/B-L475E-IOT01/stm32l475e_iot01.o
 .text.SENSOR_IO_Init
                0x0000000008007fec       0x14 ./L4_IOT_Sensors/Drivers/BSP/B-L475E-IOT01/stm32l475e_iot01.o
                0x0000000008007fec                SENSOR_IO_Init
 .text.SENSOR_IO_Write
                0x0000000008008000       0x34 ./L4_IOT_Sensors/Drivers/BSP/B-L475E-IOT01/stm32l475e_iot01.o
                0x0000000008008000                SENSOR_IO_Write
 .text.SENSOR_IO_Read
                0x0000000008008034       0x3c ./L4_IOT_Sensors/Drivers/BSP/B-L475E-IOT01/stm32l475e_iot01.o
                0x0000000008008034                SENSOR_IO_Read
 .text.SENSOR_IO_ReadMultiple
                0x0000000008008070       0x3c ./L4_IOT_Sensors/Drivers/BSP/B-L475E-IOT01/stm32l475e_iot01.o
                0x0000000008008070                SENSOR_IO_ReadMultiple
 .text.BSP_ACCELERO_Init
                0x00000000080080ac       0x7c ./L4_IOT_Sensors/Drivers/BSP/B-L475E-IOT01/stm32l475e_iot01_accelero.o
                0x00000000080080ac                BSP_ACCELERO_Init
 .text.BSP_ACCELERO_AccGetXYZ
                0x0000000008008128       0x30 ./L4_IOT_Sensors/Drivers/BSP/B-L475E-IOT01/stm32l475e_iot01_accelero.o
                0x0000000008008128                BSP_ACCELERO_AccGetXYZ
 .text.LSM6DSL_AccInit
                0x0000000008008158       0x72 ./L4_IOT_Sensors/Drivers/BSP/Components/lsm6dsl/lsm6dsl.o
                0x0000000008008158                LSM6DSL_AccInit
 .text.LSM6DSL_AccDeInit
                0x00000000080081ca       0x32 ./L4_IOT_Sensors/Drivers/BSP/Components/lsm6dsl/lsm6dsl.o
                0x00000000080081ca                LSM6DSL_AccDeInit
 .text.LSM6DSL_AccReadID
                0x00000000080081fc       0x16 ./L4_IOT_Sensors/Drivers/BSP/Components/lsm6dsl/lsm6dsl.o
                0x00000000080081fc                LSM6DSL_AccReadID
 .text.LSM6DSL_AccLowPower
                0x0000000008008212       0x44 ./L4_IOT_Sensors/Drivers/BSP/Components/lsm6dsl/lsm6dsl.o
                0x0000000008008212                LSM6DSL_AccLowPower
 *fill*         0x0000000008008256        0x2 
 .text.LSM6DSL_AccReadXYZ
                0x0000000008008258      0x130 ./L4_IOT_Sensors/Drivers/BSP/Components/lsm6dsl/lsm6dsl.o
                0x0000000008008258                LSM6DSL_AccReadXYZ
 .text.__NVIC_SetPriority
                0x0000000008008388       0x54 ./Middlewares/Third_Party/FreeRTOS/Source/CMSIS_RTOS_V2/cmsis_os2.o
 .text.SysTick_Handler
                0x00000000080083dc       0x20 ./Middlewares/Third_Party/FreeRTOS/Source/CMSIS_RTOS_V2/cmsis_os2.o
                0x00000000080083dc                SysTick_Handler
 .text.SVC_Setup
                0x00000000080083fc       0x12 ./Middlewares/Third_Party/FreeRTOS/Source/CMSIS_RTOS_V2/cmsis_os2.o
 *fill*         0x000000000800840e        0x2 
 .text.osKernelInitialize
                0x0000000008008410       0x48 ./Middlewares/Third_Party/FreeRTOS/Source/CMSIS_RTOS_V2/cmsis_os2.o
                0x0000000008008410                osKernelInitialize
 .text.osKernelStart
                0x0000000008008458       0x4c ./Middlewares/Third_Party/FreeRTOS/Source/CMSIS_RTOS_V2/cmsis_os2.o
                0x0000000008008458                osKernelStart
 .text.osThreadNew
                0x00000000080084a4      0x124 ./Middlewares/Third_Party/FreeRTOS/Source/CMSIS_RTOS_V2/cmsis_os2.o
                0x00000000080084a4                osThreadNew
 .text.osThreadTerminate
                0x00000000080085c8       0x5a ./Middlewares/Third_Party/FreeRTOS/Source/CMSIS_RTOS_V2/cmsis_os2.o
                0x00000000080085c8                osThreadTerminate
 *fill*         0x0000000008008622        0x2 
 .text.osThreadFlagsSet
                0x0000000008008624       0x9c ./Middlewares/Third_Party/FreeRTOS/Source/CMSIS_RTOS_V2/cmsis_os2.o
                0x0000000008008624                osThreadFlagsSet
 .text.osThreadFlagsWait
                0x00000000080086c0      0x102 ./Middlewares/Third_Party/FreeRTOS/Source/CMSIS_RTOS_V2/cmsis_os2.o
                0x00000000080086c0                osThreadFlagsWait
 .text.osDelay  0x00000000080087c2       0x36 ./Middlewares/Third_Party/FreeRTOS/Source/CMSIS_RTOS_V2/cmsis_os2.o
                0x00000000080087c2                osDelay
 .text.osMessageQueueNew
                0x00000000080087f8       0xe6 ./Middlewares/Third_Party/FreeRTOS/Source/CMSIS_RTOS_V2/cmsis_os2.o
                0x00000000080087f8                osMessageQueueNew
 *fill*         0x00000000080088de        0x2 
 .text.osMessageQueuePut
                0x00000000080088e0       0xc0 ./Middlewares/Third_Party/FreeRTOS/Source/CMSIS_RTOS_V2/cmsis_os2.o
                0x00000000080088e0                osMessageQueuePut
 .text.osMessageQueueGet
                0x00000000080089a0       0xbc ./Middlewares/Third_Party/FreeRTOS/Source/CMSIS_RTOS_V2/cmsis_os2.o
                0x00000000080089a0                osMessageQueueGet
 .text.osMessageQueueGetSpace
                0x0000000008008a5c       0x6a ./Middlewares/Third_Party/FreeRTOS/Source/CMSIS_RTOS_V2/cmsis_os2.o
                0x0000000008008a5c                osMessageQueueGetSpace
 .text.osMessageQueueReset
                0x0000000008008ac6       0x44 ./Middlewares/Third_Party/FreeRTOS/Source/CMSIS_RTOS_V2/cmsis_os2.o
                0x0000000008008ac6                osMessageQueueReset
 *fill*         0x0000000008008b0a        0x2 
 .text.vApplicationGetIdleTaskMemory
                0x0000000008008b0c       0x34 ./Middlewares/Third_Party/FreeRTOS/Source/CMSIS_RTOS_V2/cmsis_os2.o
                0x0000000008008b0c                vApplicationGetIdleTaskMemory
 .text.vApplicationGetTimerTaskMemory
                0x0000000008008b40       0x34 ./Middlewares/Third_Party/FreeRTOS/Source/CMSIS_RTOS_V2/cmsis_os2.o
                0x0000000008008b40                vApplicationGetTimerTaskMemory
 .text.vListInitialise
                0x0000000008008b74       0x40 ./Middlewares/Third_Party/FreeRTOS/Source/list.o
                0x0000000008008b74                vListInitialise
 .text.vListInitialiseItem
                0x0000000008008bb4       0x1a ./Middlewares/Third_Party/FreeRTOS/Source/list.o
                0x0000000008008bb4                vListInitialiseItem
 .text.vListInsertEnd
                0x0000000008008bce       0x48 ./Middlewares/Third_Party/FreeRTOS/Source/list.o
                0x0000000008008bce                vListInsertEnd
 .text.vListInsert
                0x0000000008008c16       0x72 ./Middlewares/Third_Party/FreeRTOS/Source/list.o
                0x0000000008008c16                vListInsert
 .text.uxListRemove
                0x0000000008008c88       0x54 ./Middlewares/Third_Party/FreeRTOS/Source/list.o
                0x0000000008008c88                uxListRemove
 .text.xQueueGenericReset
                0x0000000008008cdc       0xd0 ./Middlewares/Third_Party/FreeRTOS/Source/queue.o
                0x0000000008008cdc                xQueueGenericReset
 .text.xQueueGenericCreateStatic
                0x0000000008008dac       0xf0 ./Middlewares/Third_Party/FreeRTOS/Source/queue.o
                0x0000000008008dac                xQueueGenericCreateStatic
 .text.xQueueGenericCreate
                0x0000000008008e9c       0x74 ./Middlewares/Third_Party/FreeRTOS/Source/queue.o
                0x0000000008008e9c                xQueueGenericCreate
 .text.prvInitialiseNewQueue
                0x0000000008008f10       0x46 ./Middlewares/Third_Party/FreeRTOS/Source/queue.o
 *fill*         0x0000000008008f56        0x2 
 .text.xQueueGenericSend
                0x0000000008008f58      0x1fc ./Middlewares/Third_Party/FreeRTOS/Source/queue.o
                0x0000000008008f58                xQueueGenericSend
 .text.xQueueGenericSendFromISR
                0x0000000008009154      0x136 ./Middlewares/Third_Party/FreeRTOS/Source/queue.o
                0x0000000008009154                xQueueGenericSendFromISR
 *fill*         0x000000000800928a        0x2 
 .text.xQueueReceive
                0x000000000800928c      0x1c0 ./Middlewares/Third_Party/FreeRTOS/Source/queue.o
                0x000000000800928c                xQueueReceive
 .text.xQueueReceiveFromISR
                0x000000000800944c      0x100 ./Middlewares/Third_Party/FreeRTOS/Source/queue.o
                0x000000000800944c                xQueueReceiveFromISR
 .text.uxQueueSpacesAvailable
                0x000000000800954c       0x46 ./Middlewares/Third_Party/FreeRTOS/Source/queue.o
                0x000000000800954c                uxQueueSpacesAvailable
 .text.prvCopyDataToQueue
                0x0000000008009592       0xd4 ./Middlewares/Third_Party/FreeRTOS/Source/queue.o
 .text.prvCopyDataFromQueue
                0x0000000008009666       0x4c ./Middlewares/Third_Party/FreeRTOS/Source/queue.o
 .text.prvUnlockQueue
                0x00000000080096b2       0xa4 ./Middlewares/Third_Party/FreeRTOS/Source/queue.o
 .text.prvIsQueueEmpty
                0x0000000008009756       0x2c ./Middlewares/Third_Party/FreeRTOS/Source/queue.o
 .text.prvIsQueueFull
                0x0000000008009782       0x30 ./Middlewares/Third_Party/FreeRTOS/Source/queue.o
 *fill*         0x00000000080097b2        0x2 
 .text.vQueueAddToRegistry
                0x00000000080097b4       0x54 ./Middlewares/Third_Party/FreeRTOS/Source/queue.o
                0x00000000080097b4                vQueueAddToRegistry
 .text.vQueueWaitForMessageRestricted
                0x0000000008009808       0x68 ./Middlewares/Third_Party/FreeRTOS/Source/queue.o
                0x0000000008009808                vQueueWaitForMessageRestricted
 .text.xTaskCreateStatic
                0x0000000008009870       0xba ./Middlewares/Third_Party/FreeRTOS/Source/tasks.o
                0x0000000008009870                xTaskCreateStatic
 .text.xTaskCreate
                0x000000000800992a       0x8a ./Middlewares/Third_Party/FreeRTOS/Source/tasks.o
                0x000000000800992a                xTaskCreate
 .text.prvInitialiseNewTask
                0x00000000080099b4      0x154 ./Middlewares/Third_Party/FreeRTOS/Source/tasks.o
 .text.prvAddNewTaskToReadyList
                0x0000000008009b08       0xe0 ./Middlewares/Third_Party/FreeRTOS/Source/tasks.o
 .text.vTaskDelete
                0x0000000008009be8       0xe4 ./Middlewares/Third_Party/FreeRTOS/Source/tasks.o
                0x0000000008009be8                vTaskDelete
 .text.vTaskDelay
                0x0000000008009ccc       0x68 ./Middlewares/Third_Party/FreeRTOS/Source/tasks.o
                0x0000000008009ccc                vTaskDelay
 .text.eTaskGetState
                0x0000000008009d34       0xcc ./Middlewares/Third_Party/FreeRTOS/Source/tasks.o
                0x0000000008009d34                eTaskGetState
 .text.vTaskStartScheduler
                0x0000000008009e00       0xe4 ./Middlewares/Third_Party/FreeRTOS/Source/tasks.o
                0x0000000008009e00                vTaskStartScheduler
 .text.vTaskSuspendAll
                0x0000000008009ee4       0x1c ./Middlewares/Third_Party/FreeRTOS/Source/tasks.o
                0x0000000008009ee4                vTaskSuspendAll
 .text.xTaskResumeAll
                0x0000000008009f00      0x13c ./Middlewares/Third_Party/FreeRTOS/Source/tasks.o
                0x0000000008009f00                xTaskResumeAll
 .text.xTaskGetTickCount
                0x000000000800a03c       0x20 ./Middlewares/Third_Party/FreeRTOS/Source/tasks.o
                0x000000000800a03c                xTaskGetTickCount
 .text.xTaskIncrementTick
                0x000000000800a05c      0x174 ./Middlewares/Third_Party/FreeRTOS/Source/tasks.o
                0x000000000800a05c                xTaskIncrementTick
 .text.vTaskSwitchContext
                0x000000000800a1d0      0x100 ./Middlewares/Third_Party/FreeRTOS/Source/tasks.o
                0x000000000800a1d0                vTaskSwitchContext
 .text.vTaskPlaceOnEventList
                0x000000000800a2d0       0x48 ./Middlewares/Third_Party/FreeRTOS/Source/tasks.o
                0x000000000800a2d0                vTaskPlaceOnEventList
 .text.vTaskPlaceOnEventListRestricted
                0x000000000800a318       0x58 ./Middlewares/Third_Party/FreeRTOS/Source/tasks.o
                0x000000000800a318                vTaskPlaceOnEventListRestricted
 .text.xTaskRemoveFromEventList
                0x000000000800a370       0xc8 ./Middlewares/Third_Party/FreeRTOS/Source/tasks.o
                0x000000000800a370                xTaskRemoveFromEventList
 .text.vTaskInternalSetTimeOutState
                0x000000000800a438       0x2c ./Middlewares/Third_Party/FreeRTOS/Source/tasks.o
                0x000000000800a438                vTaskInternalSetTimeOutState
 .text.xTaskCheckForTimeOut
                0x000000000800a464       0xc4 ./Middlewares/Third_Party/FreeRTOS/Source/tasks.o
                0x000000000800a464                xTaskCheckForTimeOut
 .text.vTaskMissedYield
                0x000000000800a528       0x18 ./Middlewares/Third_Party/FreeRTOS/Source/tasks.o
                0x000000000800a528                vTaskMissedYield
 .text.prvIdleTask
                0x000000000800a540       0x30 ./Middlewares/Third_Party/FreeRTOS/Source/tasks.o
 .text.prvInitialiseTaskLists
                0x000000000800a570       0x80 ./Middlewares/Third_Party/FreeRTOS/Source/tasks.o
 .text.prvCheckTasksWaitingTermination
                0x000000000800a5f0       0x5c ./Middlewares/Third_Party/FreeRTOS/Source/tasks.o
 .text.prvDeleteTCB
                0x000000000800a64c       0x68 ./Middlewares/Third_Party/FreeRTOS/Source/tasks.o
 .text.prvResetNextTaskUnblockTime
                0x000000000800a6b4       0x40 ./Middlewares/Third_Party/FreeRTOS/Source/tasks.o
 .text.xTaskGetSchedulerState
                0x000000000800a6f4       0x3c ./Middlewares/Third_Party/FreeRTOS/Source/tasks.o
                0x000000000800a6f4                xTaskGetSchedulerState
 .text.xTaskPriorityDisinherit
                0x000000000800a730       0xdc ./Middlewares/Third_Party/FreeRTOS/Source/tasks.o
                0x000000000800a730                xTaskPriorityDisinherit
 .text.xTaskNotifyWait
                0x000000000800a80c       0xc0 ./Middlewares/Third_Party/FreeRTOS/Source/tasks.o
                0x000000000800a80c                xTaskNotifyWait
 .text.xTaskGenericNotify
                0x000000000800a8cc      0x17c ./Middlewares/Third_Party/FreeRTOS/Source/tasks.o
                0x000000000800a8cc                xTaskGenericNotify
 .text.xTaskGenericNotifyFromISR
                0x000000000800aa48      0x1c8 ./Middlewares/Third_Party/FreeRTOS/Source/tasks.o
                0x000000000800aa48                xTaskGenericNotifyFromISR
 .text.prvAddCurrentTaskToDelayedList
                0x000000000800ac10       0xa8 ./Middlewares/Third_Party/FreeRTOS/Source/tasks.o
 .text.xTimerCreateTimerTask
                0x000000000800acb8       0x90 ./Middlewares/Third_Party/FreeRTOS/Source/timers.o
                0x000000000800acb8                xTimerCreateTimerTask
 .text.xTimerGenericCommand
                0x000000000800ad48       0x9c ./Middlewares/Third_Party/FreeRTOS/Source/timers.o
                0x000000000800ad48                xTimerGenericCommand
 .text.prvProcessExpiredTimer
                0x000000000800ade4       0x98 ./Middlewares/Third_Party/FreeRTOS/Source/timers.o
 .text.prvTimerTask
                0x000000000800ae7c       0x24 ./Middlewares/Third_Party/FreeRTOS/Source/timers.o
 .text.prvProcessTimerOrBlockTask
                0x000000000800aea0       0x9c ./Middlewares/Third_Party/FreeRTOS/Source/timers.o
 .text.prvGetNextExpireTime
                0x000000000800af3c       0x48 ./Middlewares/Third_Party/FreeRTOS/Source/timers.o
 .text.prvSampleTimeNow
                0x000000000800af84       0x40 ./Middlewares/Third_Party/FreeRTOS/Source/timers.o
 .text.prvInsertTimerInActiveList
                0x000000000800afc4       0x84 ./Middlewares/Third_Party/FreeRTOS/Source/timers.o
 .text.prvProcessReceivedCommands
                0x000000000800b048      0x1c4 ./Middlewares/Third_Party/FreeRTOS/Source/timers.o
 .text.prvSwitchTimerLists
                0x000000000800b20c       0xc8 ./Middlewares/Third_Party/FreeRTOS/Source/timers.o
 .text.prvCheckForValidListAndQueue
                0x000000000800b2d4       0x80 ./Middlewares/Third_Party/FreeRTOS/Source/timers.o
 .text.pxPortInitialiseStack
                0x000000000800b354       0x68 ./Middlewares/Third_Party/FreeRTOS/Source/portable/GCC/ARM_CM4F/port.o
                0x000000000800b354                pxPortInitialiseStack
 .text.prvTaskExitError
                0x000000000800b3bc       0x58 ./Middlewares/Third_Party/FreeRTOS/Source/portable/GCC/ARM_CM4F/port.o
 *fill*         0x000000000800b414        0xc 
 .text.SVC_Handler
                0x000000000800b420       0x28 ./Middlewares/Third_Party/FreeRTOS/Source/portable/GCC/ARM_CM4F/port.o
                0x000000000800b420                SVC_Handler
 .text.prvPortStartFirstTask
                0x000000000800b448       0x28 ./Middlewares/Third_Party/FreeRTOS/Source/portable/GCC/ARM_CM4F/port.o
 .text.xPortStartScheduler
                0x000000000800b470      0x144 ./Middlewares/Third_Party/FreeRTOS/Source/portable/GCC/ARM_CM4F/port.o
                0x000000000800b470                xPortStartScheduler
 .text.vPortEnterCritical
                0x000000000800b5b4       0x60 ./Middlewares/Third_Party/FreeRTOS/Source/portable/GCC/ARM_CM4F/port.o
                0x000000000800b5b4                vPortEnterCritical
 .text.vPortExitCritical
                0x000000000800b614       0x54 ./Middlewares/Third_Party/FreeRTOS/Source/portable/GCC/ARM_CM4F/port.o
                0x000000000800b614                vPortExitCritical
 *fill*         0x000000000800b668        0x8 
 .text.PendSV_Handler
                0x000000000800b670       0x68 ./Middlewares/Third_Party/FreeRTOS/Source/portable/GCC/ARM_CM4F/port.o
                0x000000000800b670                PendSV_Handler
 .text.xPortSysTickHandler
                0x000000000800b6d8       0x44 ./Middlewares/Third_Party/FreeRTOS/Source/portable/GCC/ARM_CM4F/port.o
                0x000000000800b6d8                xPortSysTickHandler
 .text.vPortSetupTimerInterrupt
                0x000000000800b71c       0x48 ./Middlewares/Third_Party/FreeRTOS/Source/portable/GCC/ARM_CM4F/port.o
                0x000000000800b71c                vPortSetupTimerInterrupt
 .text.vPortEnableVFP
                0x000000000800b764       0x14 ./Middlewares/Third_Party/FreeRTOS/Source/portable/GCC/ARM_CM4F/port.o
 .text.vPortValidateInterruptPriority
                0x000000000800b778       0x80 ./Middlewares/Third_Party/FreeRTOS/Source/portable/GCC/ARM_CM4F/port.o
                0x000000000800b778                vPortValidateInterruptPriority
 .text.pvPortMalloc
                0x000000000800b7f8      0x198 ./Middlewares/Third_Party/FreeRTOS/Source/portable/MemMang/heap_4.o
                0x000000000800b7f8                pvPortMalloc
 .text.vPortFree
                0x000000000800b990       0xc4 ./Middlewares/Third_Party/FreeRTOS/Source/portable/MemMang/heap_4.o
                0x000000000800b990                vPortFree
 .text.prvHeapInit
                0x000000000800ba54       0xc4 ./Middlewares/Third_Party/FreeRTOS/Source/portable/MemMang/heap_4.o
 .text.prvInsertBlockIntoFreeList
                0x000000000800bb18       0xb4 ./Middlewares/Third_Party/FreeRTOS/Source/portable/MemMang/heap_4.o
 .text.__errno  0x000000000800bbcc        0xc c:/st/stm32cubeide_1.11.0/stm32cubeide/plugins/com.st.stm32cube.ide.mcu.externaltools.gnu-tools-for-stm32.10.3-2021.10.win32_1.0.100.202210260954/tools/bin/../lib/gcc/arm-none-eabi/10.3.1/../../../../arm-none-eabi/lib/thumb/v7e-m+fp/hard\libc_nano.a(lib_a-errno.o)
                0x000000000800bbcc                __errno
 .text.std      0x000000000800bbd8       0x48 c:/st/stm32cubeide_1.11.0/stm32cubeide/plugins/com.st.stm32cube.ide.mcu.externaltools.gnu-tools-for-stm32.10.3-2021.10.win32_1.0.100.202210260954/tools/bin/../lib/gcc/arm-none-eabi/10.3.1/../../../../arm-none-eabi/lib/thumb/v7e-m+fp/hard\libc_nano.a(lib_a-findfp.o)
 .text._cleanup_r
                0x000000000800bc20        0xc c:/st/stm32cubeide_1.11.0/stm32cubeide/plugins/com.st.stm32cube.ide.mcu.externaltools.gnu-tools-for-stm32.10.3-2021.10.win32_1.0.100.202210260954/tools/bin/../lib/gcc/arm-none-eabi/10.3.1/../../../../arm-none-eabi/lib/thumb/v7e-m+fp/hard\libc_nano.a(lib_a-findfp.o)
                0x000000000800bc20                _cleanup_r
 .text.__sfmoreglue
                0x000000000800bc2c       0x2c c:/st/stm32cubeide_1.11.0/stm32cubeide/plugins/com.st.stm32cube.ide.mcu.externaltools.gnu-tools-for-stm32.10.3-2021.10.win32_1.0.100.202210260954/tools/bin/../lib/gcc/arm-none-eabi/10.3.1/../../../../arm-none-eabi/lib/thumb/v7e-m+fp/hard\libc_nano.a(lib_a-findfp.o)
                0x000000000800bc2c                __sfmoreglue
 .text.__sfp_lock_acquire
                0x000000000800bc58        0xc c:/st/stm32cubeide_1.11.0/stm32cubeide/plugins/com.st.stm32cube.ide.mcu.externaltools.gnu-tools-for-stm32.10.3-2021.10.win32_1.0.100.202210260954/tools/bin/../lib/gcc/arm-none-eabi/10.3.1/../../../../arm-none-eabi/lib/thumb/v7e-m+fp/hard\libc_nano.a(lib_a-findfp.o)
                0x000000000800bc58                __sfp_lock_acquire
 .text.__sfp_lock_release
                0x000000000800bc64        0xc c:/st/stm32cubeide_1.11.0/stm32cubeide/plugins/com.st.stm32cube.ide.mcu.externaltools.gnu-tools-for-stm32.10.3-2021.10.win32_1.0.100.202210260954/tools/bin/../lib/gcc/arm-none-eabi/10.3.1/../../../../arm-none-eabi/lib/thumb/v7e-m+fp/hard\libc_nano.a(lib_a-findfp.o)
                0x000000000800bc64                __sfp_lock_release
 .text.__sinit_lock_acquire
                0x000000000800bc70        0xc c:/st/stm32cubeide_1.11.0/stm32cubeide/plugins/com.st.stm32cube.ide.mcu.externaltools.gnu-tools-for-stm32.10.3-2021.10.win32_1.0.100.202210260954/tools/bin/../lib/gcc/arm-none-eabi/10.3.1/../../../../arm-none-eabi/lib/thumb/v7e-m+fp/hard\libc_nano.a(lib_a-findfp.o)
                0x000000000800bc70                __sinit_lock_acquire
 .text.__sinit_lock_release
                0x000000000800bc7c        0xc c:/st/stm32cubeide_1.11.0/stm32cubeide/plugins/com.st.stm32cube.ide.mcu.externaltools.gnu-tools-for-stm32.10.3-2021.10.win32_1.0.100.202210260954/tools/bin/../lib/gcc/arm-none-eabi/10.3.1/../../../../arm-none-eabi/lib/thumb/v7e-m+fp/hard\libc_nano.a(lib_a-findfp.o)
                0x000000000800bc7c                __sinit_lock_release
 .text.__sinit  0x000000000800bc88       0x70 c:/st/stm32cubeide_1.11.0/stm32cubeide/plugins/com.st.stm32cube.ide.mcu.externaltools.gnu-tools-for-stm32.10.3-2021.10.win32_1.0.100.202210260954/tools/bin/../lib/gcc/arm-none-eabi/10.3.1/../../../../arm-none-eabi/lib/thumb/v7e-m+fp/hard\libc_nano.a(lib_a-findfp.o)
                0x000000000800bc88                __sinit
 .text.__sfp    0x000000000800bcf8       0x8c c:/st/stm32cubeide_1.11.0/stm32cubeide/plugins/com.st.stm32cube.ide.mcu.externaltools.gnu-tools-for-stm32.10.3-2021.10.win32_1.0.100.202210260954/tools/bin/../lib/gcc/arm-none-eabi/10.3.1/../../../../arm-none-eabi/lib/thumb/v7e-m+fp/hard\libc_nano.a(lib_a-findfp.o)
                0x000000000800bcf8                __sfp
 .text._fwalk_reent
                0x000000000800bd84       0x3e c:/st/stm32cubeide_1.11.0/stm32cubeide/plugins/com.st.stm32cube.ide.mcu.externaltools.gnu-tools-for-stm32.10.3-2021.10.win32_1.0.100.202210260954/tools/bin/../lib/gcc/arm-none-eabi/10.3.1/../../../../arm-none-eabi/lib/thumb/v7e-m+fp/hard\libc_nano.a(lib_a-fwalk.o)
                0x000000000800bd84                _fwalk_reent
 *fill*         0x000000000800bdc2        0x2 
 .text.__libc_init_array
                0x000000000800bdc4       0x48 c:/st/stm32cubeide_1.11.0/stm32cubeide/plugins/com.st.stm32cube.ide.mcu.externaltools.gnu-tools-for-stm32.10.3-2021.10.win32_1.0.100.202210260954/tools/bin/../lib/gcc/arm-none-eabi/10.3.1/../../../../arm-none-eabi/lib/thumb/v7e-m+fp/hard\libc_nano.a(lib_a-init.o)
                0x000000000800bdc4                __libc_init_array
 .text.__retarget_lock_init_recursive
                0x000000000800be0c        0x2 c:/st/stm32cubeide_1.11.0/stm32cubeide/plugins/com.st.stm32cube.ide.mcu.externaltools.gnu-tools-for-stm32.10.3-2021.10.win32_1.0.100.202210260954/tools/bin/../lib/gcc/arm-none-eabi/10.3.1/../../../../arm-none-eabi/lib/thumb/v7e-m+fp/hard\libc_nano.a(lib_a-lock.o)
                0x000000000800be0c                __retarget_lock_init_recursive
 .text.__retarget_lock_acquire_recursive
                0x000000000800be0e        0x2 c:/st/stm32cubeide_1.11.0/stm32cubeide/plugins/com.st.stm32cube.ide.mcu.externaltools.gnu-tools-for-stm32.10.3-2021.10.win32_1.0.100.202210260954/tools/bin/../lib/gcc/arm-none-eabi/10.3.1/../../../../arm-none-eabi/lib/thumb/v7e-m+fp/hard\libc_nano.a(lib_a-lock.o)
                0x000000000800be0e                __retarget_lock_acquire_recursive
 .text.__retarget_lock_release_recursive
                0x000000000800be10        0x2 c:/st/stm32cubeide_1.11.0/stm32cubeide/plugins/com.st.stm32cube.ide.mcu.externaltools.gnu-tools-for-stm32.10.3-2021.10.win32_1.0.100.202210260954/tools/bin/../lib/gcc/arm-none-eabi/10.3.1/../../../../arm-none-eabi/lib/thumb/v7e-m+fp/hard\libc_nano.a(lib_a-lock.o)
                0x000000000800be10                __retarget_lock_release_recursive
 .text.memcpy   0x000000000800be12       0x1c c:/st/stm32cubeide_1.11.0/stm32cubeide/plugins/com.st.stm32cube.ide.mcu.externaltools.gnu-tools-for-stm32.10.3-2021.10.win32_1.0.100.202210260954/tools/bin/../lib/gcc/arm-none-eabi/10.3.1/../../../../arm-none-eabi/lib/thumb/v7e-m+fp/hard\libc_nano.a(lib_a-memcpy-stub.o)
                0x000000000800be12                memcpy
 .text.memset   0x000000000800be2e       0x10 c:/st/stm32cubeide_1.11.0/stm32cubeide/plugins/com.st.stm32cube.ide.mcu.externaltools.gnu-tools-for-stm32.10.3-2021.10.win32_1.0.100.202210260954/tools/bin/../lib/gcc/arm-none-eabi/10.3.1/../../../../arm-none-eabi/lib/thumb/v7e-m+fp/hard\libc_nano.a(lib_a-memset.o)
                0x000000000800be2e                memset
 *fill*         0x000000000800be3e        0x2 
 .text.sbrk_aligned
                0x000000000800be40       0x40 c:/st/stm32cubeide_1.11.0/stm32cubeide/plugins/com.st.stm32cube.ide.mcu.externaltools.gnu-tools-for-stm32.10.3-2021.10.win32_1.0.100.202210260954/tools/bin/../lib/gcc/arm-none-eabi/10.3.1/../../../../arm-none-eabi/lib/thumb/v7e-m+fp/hard\libc_nano.a(lib_a-nano-mallocr.o)
 .text._malloc_r
                0x000000000800be80       0xe8 c:/st/stm32cubeide_1.11.0/stm32cubeide/plugins/com.st.stm32cube.ide.mcu.externaltools.gnu-tools-for-stm32.10.3-2021.10.win32_1.0.100.202210260954/tools/bin/../lib/gcc/arm-none-eabi/10.3.1/../../../../arm-none-eabi/lib/thumb/v7e-m+fp/hard\libc_nano.a(lib_a-nano-mallocr.o)
                0x000000000800be80                _malloc_r
 .text.printf   0x000000000800bf68       0x30 c:/st/stm32cubeide_1.11.0/stm32cubeide/plugins/com.st.stm32cube.ide.mcu.externaltools.gnu-tools-for-stm32.10.3-2021.10.win32_1.0.100.202210260954/tools/bin/../lib/gcc/arm-none-eabi/10.3.1/../../../../arm-none-eabi/lib/thumb/v7e-m+fp/hard\libc_nano.a(lib_a-printf.o)
                0x000000000800bf68                iprintf
                0x000000000800bf68                printf
 .text._puts_r  0x000000000800bf98       0xdc c:/st/stm32cubeide_1.11.0/stm32cubeide/plugins/com.st.stm32cube.ide.mcu.externaltools.gnu-tools-for-stm32.10.3-2021.10.win32_1.0.100.202210260954/tools/bin/../lib/gcc/arm-none-eabi/10.3.1/../../../../arm-none-eabi/lib/thumb/v7e-m+fp/hard\libc_nano.a(lib_a-puts.o)
                0x000000000800bf98                _puts_r
 .text.puts     0x000000000800c074       0x10 c:/st/stm32cubeide_1.11.0/stm32cubeide/plugins/com.st.stm32cube.ide.mcu.externaltools.gnu-tools-for-stm32.10.3-2021.10.win32_1.0.100.202210260954/tools/bin/../lib/gcc/arm-none-eabi/10.3.1/../../../../arm-none-eabi/lib/thumb/v7e-m+fp/hard\libc_nano.a(lib_a-puts.o)
                0x000000000800c074                puts
 .text.cleanup_glue
                0x000000000800c084       0x1a c:/st/stm32cubeide_1.11.0/stm32cubeide/plugins/com.st.stm32cube.ide.mcu.externaltools.gnu-tools-for-stm32.10.3-2021.10.win32_1.0.100.202210260954/tools/bin/../lib/gcc/arm-none-eabi/10.3.1/../../../../arm-none-eabi/lib/thumb/v7e-m+fp/hard\libc_nano.a(lib_a-reent.o)
                0x000000000800c084                cleanup_glue
 *fill*         0x000000000800c09e        0x2 
 .text._reclaim_reent
                0x000000000800c0a0       0xb8 c:/st/stm32cubeide_1.11.0/stm32cubeide/plugins/com.st.stm32cube.ide.mcu.externaltools.gnu-tools-for-stm32.10.3-2021.10.win32_1.0.100.202210260954/tools/bin/../lib/gcc/arm-none-eabi/10.3.1/../../../../arm-none-eabi/lib/thumb/v7e-m+fp/hard\libc_nano.a(lib_a-reent.o)
                0x000000000800c0a0                _reclaim_reent
 .text._sbrk_r  0x000000000800c158       0x20 c:/st/stm32cubeide_1.11.0/stm32cubeide/plugins/com.st.stm32cube.ide.mcu.externaltools.gnu-tools-for-stm32.10.3-2021.10.win32_1.0.100.202210260954/tools/bin/../lib/gcc/arm-none-eabi/10.3.1/../../../../arm-none-eabi/lib/thumb/v7e-m+fp/hard\libc_nano.a(lib_a-sbrkr.o)
                0x000000000800c158                _sbrk_r
 .text.snprintf
                0x000000000800c178       0x68 c:/st/stm32cubeide_1.11.0/stm32cubeide/plugins/com.st.stm32cube.ide.mcu.externaltools.gnu-tools-for-stm32.10.3-2021.10.win32_1.0.100.202210260954/tools/bin/../lib/gcc/arm-none-eabi/10.3.1/../../../../arm-none-eabi/lib/thumb/v7e-m+fp/hard\libc_nano.a(lib_a-snprintf.o)
                0x000000000800c178                sniprintf
                0x000000000800c178                snprintf
 .text.__sread  0x000000000800c1e0       0x22 c:/st/stm32cubeide_1.11.0/stm32cubeide/plugins/com.st.stm32cube.ide.mcu.externaltools.gnu-tools-for-stm32.10.3-2021.10.win32_1.0.100.202210260954/tools/bin/../lib/gcc/arm-none-eabi/10.3.1/../../../../arm-none-eabi/lib/thumb/v7e-m+fp/hard\libc_nano.a(lib_a-stdio.o)
                0x000000000800c1e0                __sread
 .text.__swrite
                0x000000000800c202       0x38 c:/st/stm32cubeide_1.11.0/stm32cubeide/plugins/com.st.stm32cube.ide.mcu.externaltools.gnu-tools-for-stm32.10.3-2021.10.win32_1.0.100.202210260954/tools/bin/../lib/gcc/arm-none-eabi/10.3.1/../../../../arm-none-eabi/lib/thumb/v7e-m+fp/hard\libc_nano.a(lib_a-stdio.o)
                0x000000000800c202                __swrite
 .text.__sseek  0x000000000800c23a       0x24 c:/st/stm32cubeide_1.11.0/stm32cubeide/plugins/com.st.stm32cube.ide.mcu.externaltools.gnu-tools-for-stm32.10.3-2021.10.win32_1.0.100.202210260954/tools/bin/../lib/gcc/arm-none-eabi/10.3.1/../../../../arm-none-eabi/lib/thumb/v7e-m+fp/hard\libc_nano.a(lib_a-stdio.o)
                0x000000000800c23a                __sseek
 .text.__sclose
                0x000000000800c25e        0x8 c:/st/stm32cubeide_1.11.0/stm32cubeide/plugins/com.st.stm32cube.ide.mcu.externaltools.gnu-tools-for-stm32.10.3-2021.10.win32_1.0.100.202210260954/tools/bin/../lib/gcc/arm-none-eabi/10.3.1/../../../../arm-none-eabi/lib/thumb/v7e-m+fp/hard\libc_nano.a(lib_a-stdio.o)
                0x000000000800c25e                __sclose
 *fill*         0x000000000800c266        0x2 
 .text.__swbuf_r
                0x000000000800c268       0xa4 c:/st/stm32cubeide_1.11.0/stm32cubeide/plugins/com.st.stm32cube.ide.mcu.externaltools.gnu-tools-for-stm32.10.3-2021.10.win32_1.0.100.202210260954/tools/bin/../lib/gcc/arm-none-eabi/10.3.1/../../../../arm-none-eabi/lib/thumb/v7e-m+fp/hard\libc_nano.a(lib_a-wbuf.o)
                0x000000000800c268                __swbuf_r
 .text._write_r
                0x000000000800c30c       0x24 c:/st/stm32cubeide_1.11.0/stm32cubeide/plugins/com.st.stm32cube.ide.mcu.externaltools.gnu-tools-for-stm32.10.3-2021.10.win32_1.0.100.202210260954/tools/bin/../lib/gcc/arm-none-eabi/10.3.1/../../../../arm-none-eabi/lib/thumb/v7e-m+fp/hard\libc_nano.a(lib_a-writer.o)
                0x000000000800c30c                _write_r
 .text.__swsetup_r
                0x000000000800c330       0xdc c:/st/stm32cubeide_1.11.0/stm32cubeide/plugins/com.st.stm32cube.ide.mcu.externaltools.gnu-tools-for-stm32.10.3-2021.10.win32_1.0.100.202210260954/tools/bin/../lib/gcc/arm-none-eabi/10.3.1/../../../../arm-none-eabi/lib/thumb/v7e-m+fp/hard\libc_nano.a(lib_a-wsetup.o)
                0x000000000800c330                __swsetup_r
 .text._close_r
                0x000000000800c40c       0x20 c:/st/stm32cubeide_1.11.0/stm32cubeide/plugins/com.st.stm32cube.ide.mcu.externaltools.gnu-tools-for-stm32.10.3-2021.10.win32_1.0.100.202210260954/tools/bin/../lib/gcc/arm-none-eabi/10.3.1/../../../../arm-none-eabi/lib/thumb/v7e-m+fp/hard\libc_nano.a(lib_a-closer.o)
                0x000000000800c40c                _close_r
 .text.__sflush_r
                0x000000000800c42c      0x10c c:/st/stm32cubeide_1.11.0/stm32cubeide/plugins/com.st.stm32cube.ide.mcu.externaltools.gnu-tools-for-stm32.10.3-2021.10.win32_1.0.100.202210260954/tools/bin/../lib/gcc/arm-none-eabi/10.3.1/../../../../arm-none-eabi/lib/thumb/v7e-m+fp/hard\libc_nano.a(lib_a-fflush.o)
                0x000000000800c42c                __sflush_r
 .text._fflush_r
                0x000000000800c538       0x78 c:/st/stm32cubeide_1.11.0/stm32cubeide/plugins/com.st.stm32cube.ide.mcu.externaltools.gnu-tools-for-stm32.10.3-2021.10.win32_1.0.100.202210260954/tools/bin/../lib/gcc/arm-none-eabi/10.3.1/../../../../arm-none-eabi/lib/thumb/v7e-m+fp/hard\libc_nano.a(lib_a-fflush.o)
                0x000000000800c538                _fflush_r
 .text._lseek_r
                0x000000000800c5b0       0x24 c:/st/stm32cubeide_1.11.0/stm32cubeide/plugins/com.st.stm32cube.ide.mcu.externaltools.gnu-tools-for-stm32.10.3-2021.10.win32_1.0.100.202210260954/tools/bin/../lib/gcc/arm-none-eabi/10.3.1/../../../../arm-none-eabi/lib/thumb/v7e-m+fp/hard\libc_nano.a(lib_a-lseekr.o)
                0x000000000800c5b0                _lseek_r
 .text.__swhatbuf_r
                0x000000000800c5d4       0x4a c:/st/stm32cubeide_1.11.0/stm32cubeide/plugins/com.st.stm32cube.ide.mcu.externaltools.gnu-tools-for-stm32.10.3-2021.10.win32_1.0.100.202210260954/tools/bin/../lib/gcc/arm-none-eabi/10.3.1/../../../../arm-none-eabi/lib/thumb/v7e-m+fp/hard\libc_nano.a(lib_a-makebuf.o)
                0x000000000800c5d4                __swhatbuf_r
 *fill*         0x000000000800c61e        0x2 
 .text.__smakebuf_r
                0x000000000800c620       0x80 c:/st/stm32cubeide_1.11.0/stm32cubeide/plugins/com.st.stm32cube.ide.mcu.externaltools.gnu-tools-for-stm32.10.3-2021.10.win32_1.0.100.202210260954/tools/bin/../lib/gcc/arm-none-eabi/10.3.1/../../../../arm-none-eabi/lib/thumb/v7e-m+fp/hard\libc_nano.a(lib_a-makebuf.o)
                0x000000000800c620                __smakebuf_r
 .text.__malloc_lock
                0x000000000800c6a0        0xc c:/st/stm32cubeide_1.11.0/stm32cubeide/plugins/com.st.stm32cube.ide.mcu.externaltools.gnu-tools-for-stm32.10.3-2021.10.win32_1.0.100.202210260954/tools/bin/../lib/gcc/arm-none-eabi/10.3.1/../../../../arm-none-eabi/lib/thumb/v7e-m+fp/hard\libc_nano.a(lib_a-mlock.o)
                0x000000000800c6a0                __malloc_lock
 .text.__malloc_unlock
                0x000000000800c6ac        0xc c:/st/stm32cubeide_1.11.0/stm32cubeide/plugins/com.st.stm32cube.ide.mcu.externaltools.gnu-tools-for-stm32.10.3-2021.10.win32_1.0.100.202210260954/tools/bin/../lib/gcc/arm-none-eabi/10.3.1/../../../../arm-none-eabi/lib/thumb/v7e-m+fp/hard\libc_nano.a(lib_a-mlock.o)
                0x000000000800c6ac                __malloc_unlock
 .text._free_r  0x000000000800c6b8       0x98 c:/st/stm32cubeide_1.11.0/stm32cubeide/plugins/com.st.stm32cube.ide.mcu.externaltools.gnu-tools-for-stm32.10.3-2021.10.win32_1.0.100.202210260954/tools/bin/../lib/gcc/arm-none-eabi/10.3.1/../../../../arm-none-eabi/lib/thumb/v7e-m+fp/hard\libc_nano.a(lib_a-nano-freer.o)
                0x000000000800c6b8                _free_r
 .text.__ssputs_r
                0x000000000800c750       0xb6 c:/st/stm32cubeide_1.11.0/stm32cubeide/plugins/com.st.stm32cube.ide.mcu.externaltools.gnu-tools-for-stm32.10.3-2021.10.win32_1.0.100.202210260954/tools/bin/../lib/gcc/arm-none-eabi/10.3.1/../../../../arm-none-eabi/lib/thumb/v7e-m+fp/hard\libc_nano.a(lib_a-nano-svfprintf.o)
                0x000000000800c750                __ssputs_r
 *fill*         0x000000000800c806        0x2 
 .text._svfprintf_r
                0x000000000800c808      0x200 c:/st/stm32cubeide_1.11.0/stm32cubeide/plugins/com.st.stm32cube.ide.mcu.externaltools.gnu-tools-for-stm32.10.3-2021.10.win32_1.0.100.202210260954/tools/bin/../lib/gcc/arm-none-eabi/10.3.1/../../../../arm-none-eabi/lib/thumb/v7e-m+fp/hard\libc_nano.a(lib_a-nano-svfprintf.o)
                0x000000000800c808                _svfiprintf_r
                0x000000000800c808                _svfprintf_r
 .text.__sfputc_r
                0x000000000800ca08       0x2e c:/st/stm32cubeide_1.11.0/stm32cubeide/plugins/com.st.stm32cube.ide.mcu.externaltools.gnu-tools-for-stm32.10.3-2021.10.win32_1.0.100.202210260954/tools/bin/../lib/gcc/arm-none-eabi/10.3.1/../../../../arm-none-eabi/lib/thumb/v7e-m+fp/hard\libc_nano.a(lib_a-nano-vfprintf.o)
 .text.__sfputs_r
                0x000000000800ca36       0x24 c:/st/stm32cubeide_1.11.0/stm32cubeide/plugins/com.st.stm32cube.ide.mcu.externaltools.gnu-tools-for-stm32.10.3-2021.10.win32_1.0.100.202210260954/tools/bin/../lib/gcc/arm-none-eabi/10.3.1/../../../../arm-none-eabi/lib/thumb/v7e-m+fp/hard\libc_nano.a(lib_a-nano-vfprintf.o)
                0x000000000800ca36                __sfputs_r
 *fill*         0x000000000800ca5a        0x2 
 .text._vfprintf_r
                0x000000000800ca5c      0x260 c:/st/stm32cubeide_1.11.0/stm32cubeide/plugins/com.st.stm32cube.ide.mcu.externaltools.gnu-tools-for-stm32.10.3-2021.10.win32_1.0.100.202210260954/tools/bin/../lib/gcc/arm-none-eabi/10.3.1/../../../../arm-none-eabi/lib/thumb/v7e-m+fp/hard\libc_nano.a(lib_a-nano-vfprintf.o)
                0x000000000800ca5c                _vfprintf_r
                0x000000000800ca5c                _vfiprintf_r
 .text._printf_common
                0x000000000800ccbc       0xda c:/st/stm32cubeide_1.11.0/stm32cubeide/plugins/com.st.stm32cube.ide.mcu.externaltools.gnu-tools-for-stm32.10.3-2021.10.win32_1.0.100.202210260954/tools/bin/../lib/gcc/arm-none-eabi/10.3.1/../../../../arm-none-eabi/lib/thumb/v7e-m+fp/hard\libc_nano.a(lib_a-nano-vfprintf_i.o)
                0x000000000800ccbc                _printf_common
 *fill*         0x000000000800cd96        0x2 
 .text._printf_i
                0x000000000800cd98      0x24c c:/st/stm32cubeide_1.11.0/stm32cubeide/plugins/com.st.stm32cube.ide.mcu.externaltools.gnu-tools-for-stm32.10.3-2021.10.win32_1.0.100.202210260954/tools/bin/../lib/gcc/arm-none-eabi/10.3.1/../../../../arm-none-eabi/lib/thumb/v7e-m+fp/hard\libc_nano.a(lib_a-nano-vfprintf_i.o)
                0x000000000800cd98                _printf_i
 .text._read_r  0x000000000800cfe4       0x24 c:/st/stm32cubeide_1.11.0/stm32cubeide/plugins/com.st.stm32cube.ide.mcu.externaltools.gnu-tools-for-stm32.10.3-2021.10.win32_1.0.100.202210260954/tools/bin/../lib/gcc/arm-none-eabi/10.3.1/../../../../arm-none-eabi/lib/thumb/v7e-m+fp/hard\libc_nano.a(lib_a-readr.o)
                0x000000000800cfe4                _read_r
 .text._fstat_r
                0x000000000800d008       0x24 c:/st/stm32cubeide_1.11.0/stm32cubeide/plugins/com.st.stm32cube.ide.mcu.externaltools.gnu-tools-for-stm32.10.3-2021.10.win32_1.0.100.202210260954/tools/bin/../lib/gcc/arm-none-eabi/10.3.1/../../../../arm-none-eabi/lib/thumb/v7e-m+fp/hard\libc_nano.a(lib_a-fstatr.o)
                0x000000000800d008                _fstat_r
 .text._isatty_r
                0x000000000800d02c       0x20 c:/st/stm32cubeide_1.11.0/stm32cubeide/plugins/com.st.stm32cube.ide.mcu.externaltools.gnu-tools-for-stm32.10.3-2021.10.win32_1.0.100.202210260954/tools/bin/../lib/gcc/arm-none-eabi/10.3.1/../../../../arm-none-eabi/lib/thumb/v7e-m+fp/hard\libc_nano.a(lib_a-isattyr.o)
                0x000000000800d02c                _isatty_r
 .text.memmove  0x000000000800d04c       0x34 c:/st/stm32cubeide_1.11.0/stm32cubeide/plugins/com.st.stm32cube.ide.mcu.externaltools.gnu-tools-for-stm32.10.3-2021.10.win32_1.0.100.202210260954/tools/bin/../lib/gcc/arm-none-eabi/10.3.1/../../../../arm-none-eabi/lib/thumb/v7e-m+fp/hard\libc_nano.a(lib_a-memmove.o)
                0x000000000800d04c                memmove
 .text._realloc_r
                0x000000000800d080       0x5e c:/st/stm32cubeide_1.11.0/stm32cubeide/plugins/com.st.stm32cube.ide.mcu.externaltools.gnu-tools-for-stm32.10.3-2021.10.win32_1.0.100.202210260954/tools/bin/../lib/gcc/arm-none-eabi/10.3.1/../../../../arm-none-eabi/lib/thumb/v7e-m+fp/hard\libc_nano.a(lib_a-nano-reallocr.o)
                0x000000000800d080                _realloc_r
 .text._malloc_usable_size_r
                0x000000000800d0de       0x10 c:/st/stm32cubeide_1.11.0/stm32cubeide/plugins/com.st.stm32cube.ide.mcu.externaltools.gnu-tools-for-stm32.10.3-2021.10.win32_1.0.100.202210260954/tools/bin/../lib/gcc/arm-none-eabi/10.3.1/../../../../arm-none-eabi/lib/thumb/v7e-m+fp/hard\libc_nano.a(lib_a-nano-msizer.o)
                0x000000000800d0de                _malloc_usable_size_r
 *(.glue_7)
 .glue_7        0x000000000800d0ee        0x0 linker stubs
 *(.glue_7t)
 .glue_7t       0x000000000800d0ee        0x0 linker stubs
 *(.eh_frame)
 *fill*         0x000000000800d0ee        0x2 
 .eh_frame      0x000000000800d0f0        0x0 c:/st/stm32cubeide_1.11.0/stm32cubeide/plugins/com.st.stm32cube.ide.mcu.externaltools.gnu-tools-for-stm32.10.3-2021.10.win32_1.0.100.202210260954/tools/bin/../lib/gcc/arm-none-eabi/10.3.1/thumb/v7e-m+fp/hard/crtbegin.o
 *(.init)
 .init          0x000000000800d0f0        0x4 c:/st/stm32cubeide_1.11.0/stm32cubeide/plugins/com.st.stm32cube.ide.mcu.externaltools.gnu-tools-for-stm32.10.3-2021.10.win32_1.0.100.202210260954/tools/bin/../lib/gcc/arm-none-eabi/10.3.1/thumb/v7e-m+fp/hard/crti.o
                0x000000000800d0f0                _init
 .init          0x000000000800d0f4        0x8 c:/st/stm32cubeide_1.11.0/stm32cubeide/plugins/com.st.stm32cube.ide.mcu.externaltools.gnu-tools-for-stm32.10.3-2021.10.win32_1.0.100.202210260954/tools/bin/../lib/gcc/arm-none-eabi/10.3.1/thumb/v7e-m+fp/hard/crtn.o
 *(.fini)
 .fini          0x000000000800d0fc        0x4 c:/st/stm32cubeide_1.11.0/stm32cubeide/plugins/com.st.stm32cube.ide.mcu.externaltools.gnu-tools-for-stm32.10.3-2021.10.win32_1.0.100.202210260954/tools/bin/../lib/gcc/arm-none-eabi/10.3.1/thumb/v7e-m+fp/hard/crti.o
                0x000000000800d0fc                _fini
 .fini          0x000000000800d100        0x8 c:/st/stm32cubeide_1.11.0/stm32cubeide/plugins/com.st.stm32cube.ide.mcu.externaltools.gnu-tools-for-stm32.10.3-2021.10.win32_1.0.100.202210260954/tools/bin/../lib/gcc/arm-none-eabi/10.3.1/thumb/v7e-m+fp/hard/crtn.o
                0x000000000800d108                . = ALIGN (0x4)
                0x000000000800d108                _etext = .

.vfp11_veneer   0x000000000800d108        0x0
 .vfp11_veneer  0x000000000800d108        0x0 linker stubs

.v4_bx          0x000000000800d108        0x0
 .v4_bx         0x000000000800d108        0x0 linker stubs

.iplt           0x000000000800d108        0x0
 .iplt          0x000000000800d108        0x0 c:/st/stm32cubeide_1.11.0/stm32cubeide/plugins/com.st.stm32cube.ide.mcu.externaltools.gnu-tools-for-stm32.10.3-2021.10.win32_1.0.100.202210260954/tools/bin/../lib/gcc/arm-none-eabi/10.3.1/thumb/v7e-m+fp/hard/crtbegin.o

.rodata         0x000000000800d108      0x69c
                0x000000000800d108                . = ALIGN (0x4)
 *(.rodata)
 .rodata        0x000000000800d108      0x471 ./Core/Src/main.o
 *fill*         0x000000000800d579        0x3 
 .rodata        0x000000000800d57c       0x30 ./Middlewares/Third_Party/FreeRTOS/Source/tasks.o
 .rodata        0x000000000800d5ac        0xd ./Middlewares/Third_Party/FreeRTOS/Source/timers.o
 *(.rodata*)
 *fill*         0x000000000800d5b9        0x3 
 .rodata.RTC_set_attributes
                0x000000000800d5bc       0x24 ./Core/Src/main.o
                0x000000000800d5bc                RTC_set_attributes
 .rodata.readAccel_attributes
                0x000000000800d5e0       0x24 ./Core/Src/main.o
                0x000000000800d5e0                readAccel_attributes
 .rodata.printTask_attributes
                0x000000000800d604       0x24 ./Core/Src/main.o
                0x000000000800d604                printTask_attributes
 .rodata.tarea_UART_attributes
                0x000000000800d628       0x24 ./Core/Src/main.o
                0x000000000800d628                tarea_UART_attributes
 .rodata.temporizador_attributes
                0x000000000800d64c       0x24 ./Core/Src/main.o
                0x000000000800d64c                temporizador_attributes
 .rodata.sendMQTT_attributes
                0x000000000800d670       0x24 ./Core/Src/main.o
                0x000000000800d670                sendMQTT_attributes
 .rodata.print_queue_attributes
                0x000000000800d694       0x18 ./Core/Src/main.o
                0x000000000800d694                print_queue_attributes
 .rodata.receive_queue_attributes
                0x000000000800d6ac       0x18 ./Core/Src/main.o
                0x000000000800d6ac                receive_queue_attributes
 .rodata.AHBPrescTable
                0x000000000800d6c4       0x10 ./Core/Src/system_stm32l4xx.o
                0x000000000800d6c4                AHBPrescTable
 .rodata.APBPrescTable
                0x000000000800d6d4        0x8 ./Core/Src/system_stm32l4xx.o
                0x000000000800d6d4                APBPrescTable
 .rodata.MSIRangeTable
                0x000000000800d6dc       0x30 ./Core/Src/system_stm32l4xx.o
                0x000000000800d6dc                MSIRangeTable
 .rodata.__sf_fake_stderr
                0x000000000800d70c       0x20 c:/st/stm32cubeide_1.11.0/stm32cubeide/plugins/com.st.stm32cube.ide.mcu.externaltools.gnu-tools-for-stm32.10.3-2021.10.win32_1.0.100.202210260954/tools/bin/../lib/gcc/arm-none-eabi/10.3.1/../../../../arm-none-eabi/lib/thumb/v7e-m+fp/hard\libc_nano.a(lib_a-findfp.o)
                0x000000000800d70c                __sf_fake_stderr
 .rodata.__sf_fake_stdin
                0x000000000800d72c       0x20 c:/st/stm32cubeide_1.11.0/stm32cubeide/plugins/com.st.stm32cube.ide.mcu.externaltools.gnu-tools-for-stm32.10.3-2021.10.win32_1.0.100.202210260954/tools/bin/../lib/gcc/arm-none-eabi/10.3.1/../../../../arm-none-eabi/lib/thumb/v7e-m+fp/hard\libc_nano.a(lib_a-findfp.o)
                0x000000000800d72c                __sf_fake_stdin
 .rodata.__sf_fake_stdout
                0x000000000800d74c       0x20 c:/st/stm32cubeide_1.11.0/stm32cubeide/plugins/com.st.stm32cube.ide.mcu.externaltools.gnu-tools-for-stm32.10.3-2021.10.win32_1.0.100.202210260954/tools/bin/../lib/gcc/arm-none-eabi/10.3.1/../../../../arm-none-eabi/lib/thumb/v7e-m+fp/hard\libc_nano.a(lib_a-findfp.o)
                0x000000000800d74c                __sf_fake_stdout
 .rodata._global_impure_ptr
                0x000000000800d76c        0x4 c:/st/stm32cubeide_1.11.0/stm32cubeide/plugins/com.st.stm32cube.ide.mcu.externaltools.gnu-tools-for-stm32.10.3-2021.10.win32_1.0.100.202210260954/tools/bin/../lib/gcc/arm-none-eabi/10.3.1/../../../../arm-none-eabi/lib/thumb/v7e-m+fp/hard\libc_nano.a(lib_a-impure.o)
                0x000000000800d76c                _global_impure_ptr
 .rodata._svfprintf_r.str1.1
                0x000000000800d770       0x11 c:/st/stm32cubeide_1.11.0/stm32cubeide/plugins/com.st.stm32cube.ide.mcu.externaltools.gnu-tools-for-stm32.10.3-2021.10.win32_1.0.100.202210260954/tools/bin/../lib/gcc/arm-none-eabi/10.3.1/../../../../arm-none-eabi/lib/thumb/v7e-m+fp/hard\libc_nano.a(lib_a-nano-svfprintf.o)
 .rodata._vfprintf_r.str1.1
                0x000000000800d781       0x11 c:/st/stm32cubeide_1.11.0/stm32cubeide/plugins/com.st.stm32cube.ide.mcu.externaltools.gnu-tools-for-stm32.10.3-2021.10.win32_1.0.100.202210260954/tools/bin/../lib/gcc/arm-none-eabi/10.3.1/../../../../arm-none-eabi/lib/thumb/v7e-m+fp/hard\libc_nano.a(lib_a-nano-vfprintf.o)
 .rodata._printf_i.str1.1
                0x000000000800d781       0x22 c:/st/stm32cubeide_1.11.0/stm32cubeide/plugins/com.st.stm32cube.ide.mcu.externaltools.gnu-tools-for-stm32.10.3-2021.10.win32_1.0.100.202210260954/tools/bin/../lib/gcc/arm-none-eabi/10.3.1/../../../../arm-none-eabi/lib/thumb/v7e-m+fp/hard\libc_nano.a(lib_a-nano-vfprintf_i.o)
                0x000000000800d7a4                . = ALIGN (0x4)
 *fill*         0x000000000800d7a3        0x1 

.ARM.extab      0x000000000800d7a4        0x0
                0x000000000800d7a4                . = ALIGN (0x4)
 *(.ARM.extab* .gnu.linkonce.armextab.*)
                0x000000000800d7a4                . = ALIGN (0x4)

.ARM            0x000000000800d7a4        0x8
                0x000000000800d7a4                . = ALIGN (0x4)
                0x000000000800d7a4                __exidx_start = .
 *(.ARM.exidx*)
 .ARM.exidx     0x000000000800d7a4        0x8 c:/st/stm32cubeide_1.11.0/stm32cubeide/plugins/com.st.stm32cube.ide.mcu.externaltools.gnu-tools-for-stm32.10.3-2021.10.win32_1.0.100.202210260954/tools/bin/../lib/gcc/arm-none-eabi/10.3.1/thumb/v7e-m+fp/hard\libgcc.a(_udivmoddi4.o)
                0x000000000800d7ac                __exidx_end = .
                0x000000000800d7ac                . = ALIGN (0x4)

.rel.dyn        0x000000000800d7ac        0x0
 .rel.iplt      0x000000000800d7ac        0x0 c:/st/stm32cubeide_1.11.0/stm32cubeide/plugins/com.st.stm32cube.ide.mcu.externaltools.gnu-tools-for-stm32.10.3-2021.10.win32_1.0.100.202210260954/tools/bin/../lib/gcc/arm-none-eabi/10.3.1/thumb/v7e-m+fp/hard/crtbegin.o

.preinit_array  0x000000000800d7ac        0x0
                0x000000000800d7ac                . = ALIGN (0x4)
                0x000000000800d7ac                PROVIDE (__preinit_array_start = .)
 *(.preinit_array*)
                0x000000000800d7ac                PROVIDE (__preinit_array_end = .)
                0x000000000800d7ac                . = ALIGN (0x4)

.init_array     0x000000000800d7ac        0x4
                0x000000000800d7ac                . = ALIGN (0x4)
                0x000000000800d7ac                PROVIDE (__init_array_start = .)
 *(SORT_BY_NAME(.init_array.*))
 *(.init_array*)
 .init_array    0x000000000800d7ac        0x4 c:/st/stm32cubeide_1.11.0/stm32cubeide/plugins/com.st.stm32cube.ide.mcu.externaltools.gnu-tools-for-stm32.10.3-2021.10.win32_1.0.100.202210260954/tools/bin/../lib/gcc/arm-none-eabi/10.3.1/thumb/v7e-m+fp/hard/crtbegin.o
                0x000000000800d7b0                PROVIDE (__init_array_end = .)
                0x000000000800d7b0                . = ALIGN (0x4)

.fini_array     0x000000000800d7b0        0x4
                0x000000000800d7b0                . = ALIGN (0x4)