../Libraries/coreMQTT/source/core_mqtt.c:532:13:matchEndWildcardsSpecialCases	24	static
../Libraries/coreMQTT/source/core_mqtt.c:573:13:matchWildcards	32	static
../Libraries/coreMQTT/source/core_mqtt.c:677:13:matchTopicFilter	48	static
../Libraries/coreMQTT/source/core_mqtt.c:743:16:sendMessageVector	48	static
../Libraries/coreMQTT/source/core_mqtt.c:842:16:sendBuffer	40	static
../Libraries/coreMQTT/source/core_mqtt.c:904:17:calculateElapsedTime	16	static
../Libraries/coreMQTT/source/core_mqtt.c:912:25:getAckFromPacketType	24	static
../Libraries/coreMQTT/source/core_mqtt.c:945:16:recvExact	56	static
../Libraries/coreMQTT/source/core_mqtt.c:1022:21:discardPacket	56	static
../Libraries/coreMQTT/source/core_mqtt.c:1088:21:discardStoredPacket	48	static
../Libraries/coreMQTT/source/core_mqtt.c:1158:21:receivePacket	32	static
../Libraries/coreMQTT/source/core_mqtt.c:1206:16:getAckTypeToSend	24	static
../Libraries/coreMQTT/source/core_mqtt.c:1245:21:sendPublishAcks	48	static
../Libraries/coreMQTT/source/core_mqtt.c:1320:21:handleKeepAlive	32	static
../Libraries/coreMQTT/source/core_mqtt.c:1370:21:handleIncomingPublish	64	static
../Libraries/coreMQTT/source/core_mqtt.c:1499:21:handlePublishAcks	48	static
../Libraries/coreMQTT/source/core_mqtt.c:1568:21:handleIncomingAck	48	static
../Libraries/coreMQTT/source/core_mqtt.c:1646:21:receiveSingleIteration	56	static
../Libraries/coreMQTT/source/core_mqtt.c:1785:21:validateSubscribeUnsubscribeParams	32	static
../Libraries/coreMQTT/source/core_mqtt.c:1836:15:addEncodedStringToVector	40	static
../Libraries/coreMQTT/source/core_mqtt.c:1878:21:sendSubscribeWithoutCopy	120	static
../Libraries/coreMQTT/source/core_mqtt.c:1978:21:sendUnsubscribeWithoutCopy	120	static
../Libraries/coreMQTT/source/core_mqtt.c:2065:21:sendPublishWithoutCopy	80	static
../Libraries/coreMQTT/source/core_mqtt.c:2125:21:sendConnectWithoutCopy	184	static
../Libraries/coreMQTT/source/core_mqtt.c:2254:21:receiveConnack	56	static
../Libraries/coreMQTT/source/core_mqtt.c:2378:21:handleSessionResumption	32	static
../Libraries/coreMQTT/source/core_mqtt.c:2427:21:validatePublishParams	32	static
../Libraries/coreMQTT/source/core_mqtt.c:2473:14:MQTT_Init	40	static
../Libraries/coreMQTT/source/core_mqtt.c:2532:14:MQTT_InitStatefulQoS	32	static
../Libraries/coreMQTT/source/core_mqtt.c:2589:14:MQTT_CancelCallback	24	static
../Libraries/coreMQTT/source/core_mqtt.c:2621:14:MQTT_Connect	64	static
../Libraries/coreMQTT/source/core_mqtt.c:2703:14:MQTT_Subscribe	48	static
../Libraries/coreMQTT/source/core_mqtt.c:2747:14:MQTT_Publish	56	static
../Libraries/coreMQTT/source/core_mqtt.c:2855:14:MQTT_Ping	40	static
../Libraries/coreMQTT/source/core_mqtt.c:2932:14:MQTT_Unsubscribe	48	static
../Libraries/coreMQTT/source/core_mqtt.c:2977:14:MQTT_Disconnect	40	static
../Libraries/coreMQTT/source/core_mqtt.c:3051:14:MQTT_ProcessLoop	24	static
../Libraries/coreMQTT/source/core_mqtt.c:3078:14:MQTT_ReceiveLoop	24	static
../Libraries/coreMQTT/source/core_mqtt.c:3104:10:MQTT_GetPacketId	24	static
../Libraries/coreMQTT/source/core_mqtt.c:3133:14:MQTT_MatchTopic	32	static
../Libraries/coreMQTT/source/core_mqtt.c:3202:14:MQTT_GetSubAckStatusCodes	32	static
../Libraries/coreMQTT/source/core_mqtt.c:3261:14:MQTT_Status_strerror	24	static
