../Drivers/CMSIS/Include/core_cm4.h:2059:26:ITM_SendChar	16	static,ignoring_inline_asm
../Core/Src/main.c:124:5:main	16	static
../Core/Src/main.c:223:6:SystemClock_Config	96	static
../Core/Src/main.c:284:13:MX_DFSDM1_Init	8	static
../Core/Src/main.c:322:13:MX_I2C2_Init	8	static
../Core/Src/main.c:370:13:MX_QUADSPI_Init	8	static
../Core/Src/main.c:403:13:MX_SPI3_Init	8	static
../Core/Src/main.c:443:13:MX_USART1_UART_Init	8	static
../Core/Src/main.c:478:13:MX_USART3_UART_Init	8	static
../Core/Src/main.c:513:13:MX_USB_OTG_FS_PCD_Init	8	static
../Core/Src/main.c:548:13:MX_GPIO_Init	48	static
../Core/Src/main.c:734:5:_write	32	static
../Core/Src/main.c:745:24:BSP_ACCELERO_Init_INT	16	static
../Core/Src/main.c:765:6:HAL_GPIO_EXTI_Callback	16	static
../Core/Src/main.c:791:12:wifi_start	40	static
../Core/Src/main.c:825:5:wifi_connect	16	static
../Core/Src/main.c:861:6:SPI3_IRQHandler	8	static
../Core/Src/main.c:875:6:sendAccel_func	48	static
../Core/Src/main.c:913:6:readAccel_func	288	static
../Core/Src/main.c:952:6:wifiStartTask_function	16	static
../Core/Src/main.c:972:6:HAL_TIM_PeriodElapsedCallback	16	static
../Core/Src/main.c:989:6:Error_Handler	4	static,ignoring_inline_asm
