../Drivers/CMSIS/Include/core_cm4.h:2059:26:ITM_SendChar	16	static,ignoring_inline_asm
../Core/Src/main.c:199:6:configureTimerForRunTimeStats	8	static
../Core/Src/main.c:203:15:getRunTimeCounterValue	4	static
../Core/Src/main.c:221:5:main	8	static
../Core/Src/main.c:344:6:SystemClock_Config	96	static
../Core/Src/main.c:407:13:MX_DFSDM1_Init	8	static
../Core/Src/main.c:445:13:MX_I2C2_Init	8	static
../Core/Src/main.c:493:13:MX_QUADSPI_Init	8	static
../Core/Src/main.c:526:13:MX_RTC_Init	32	static
../Core/Src/main.c:590:13:MX_SPI3_Init	8	static
../Core/Src/main.c:630:13:MX_TIM7_Init	24	static
../Core/Src/main.c:668:13:MX_USART1_UART_Init	8	static
../Core/Src/main.c:703:13:MX_USART3_UART_Init	8	static
../Core/Src/main.c:738:13:MX_USB_OTG_FS_PCD_Init	8	static
../Core/Src/main.c:773:13:MX_GPIO_Init	48	static
../Core/Src/main.c:951:5:_write	32	static
../Core/Src/main.c:961:24:BSP_ACCELERO_Init_INT	16	static
../Core/Src/main.c:982:6:HAL_UART_RxCpltCallback	16	static
../Core/Src/main.c:1000:6:HAL_GPIO_EXTI_Callback	16	static
../Core/Src/main.c:1027:12:wifi_start	40	static
../Core/Src/main.c:1061:5:wifi_connect	24	static
../Core/Src/main.c:1097:6:SPI3_IRQHandler	8	static
../Core/Src/main.c:1111:6:RTC_set_func	232	dynamic
../Core/Src/main.c:1337:6:readAccel_func	232	static
../Core/Src/main.c:1451:6:printTask_func	32	static
../Core/Src/main.c:1490:6:tarea_UART_func	24	static
../Core/Src/main.c:1516:6:temporizador_func	16	static
../Core/Src/main.c:1537:6:sendMQTT_func	144	static,ignoring_inline_asm
../Core/Src/main.c:1638:6:wifiStartTask_func	16	static
../Core/Src/main.c:1675:6:temp_sub_func	16	static
../Core/Src/main.c:1696:6:HAL_TIM_PeriodElapsedCallback	16	static
../Core/Src/main.c:1713:6:Error_Handler	4	static,ignoring_inline_asm
