../Drivers/CMSIS/Include/core_cm4.h:2059:26:ITM_SendChar	16	static,ignoring_inline_asm
../Core/Src/main.c:189:6:configureTimerForRunTimeStats	8	static
../Core/Src/main.c:193:15:getRunTimeCounterValue	4	static
../Core/Src/main.c:211:5:main	8	static
../Core/Src/main.c:331:6:SystemClock_Config	96	static
../Core/Src/main.c:394:13:MX_DFSDM1_Init	8	static
../Core/Src/main.c:432:13:MX_I2C2_Init	8	static
../Core/Src/main.c:480:13:MX_QUADSPI_Init	8	static
../Core/Src/main.c:513:13:MX_RTC_Init	32	static
../Core/Src/main.c:577:13:MX_SPI3_Init	8	static
../Core/Src/main.c:617:13:MX_TIM7_Init	24	static
../Core/Src/main.c:655:13:MX_USART1_UART_Init	8	static
../Core/Src/main.c:690:13:MX_USART3_UART_Init	8	static
../Core/Src/main.c:725:13:MX_USB_OTG_FS_PCD_Init	8	static
../Core/Src/main.c:760:13:MX_GPIO_Init	48	static
../Core/Src/main.c:938:5:_write	32	static
../Core/Src/main.c:948:24:BSP_ACCELERO_Init_INT	16	static
../Core/Src/main.c:969:6:HAL_UART_RxCpltCallback	16	static
../Core/Src/main.c:987:6:HAL_GPIO_EXTI_Callback	16	static
../Core/Src/main.c:1014:12:wifi_start	40	static
../Core/Src/main.c:1048:5:wifi_connect	16	static
../Core/Src/main.c:1084:6:SPI3_IRQHandler	8	static
../Core/Src/main.c:1098:6:RTC_set_func	136	static
../Core/Src/main.c:1213:6:readAccel_func	216	static
../Core/Src/main.c:1320:6:printTask_func	32	static
../Core/Src/main.c:1359:6:tarea_UART_func	24	static
../Core/Src/main.c:1385:6:temporizador_func	16	static
../Core/Src/main.c:1406:6:sendMQTT_func	152	static,ignoring_inline_asm
../Core/Src/main.c:1484:6:wifiStartTask_func	16	static
../Core/Src/main.c:1521:6:temp_sub_func	16	static
../Core/Src/main.c:1542:6:HAL_TIM_PeriodElapsedCallback	16	static
../Core/Src/main.c:1559:6:Error_Handler	4	static,ignoring_inline_asm
