../Drivers/CMSIS/Include/core_cm4.h:2059:26:ITM_SendChar	16	static,ignoring_inline_asm
../Core/Src/main.c:106:5:main	16	static
../Core/Src/main.c:202:6:SystemClock_Config	96	static
../Core/Src/main.c:263:13:MX_DFSDM1_Init	8	static
../Core/Src/main.c:301:13:MX_I2C2_Init	8	static
../Core/Src/main.c:349:13:MX_QUADSPI_Init	8	static
../Core/Src/main.c:382:13:MX_SPI3_Init	8	static
../Core/Src/main.c:422:13:MX_USART1_UART_Init	8	static
../Core/Src/main.c:457:13:MX_USART3_UART_Init	8	static
../Core/Src/main.c:492:13:MX_USB_OTG_FS_PCD_Init	8	static
../Core/Src/main.c:527:13:MX_GPIO_Init	48	static
../Core/Src/main.c:710:5:_write	32	static
../Core/Src/main.c:721:24:BSP_ACCELERO_Init_INT	16	static
../Core/Src/main.c:741:6:HAL_GPIO_EXTI_Callback	16	static
../Core/Src/main.c:764:6:sendAccel_func	48	static
../Core/Src/main.c:802:6:readAccel_func	288	static
../Core/Src/main.c:842:6:HAL_TIM_PeriodElapsedCallback	16	static
../Core/Src/main.c:859:6:Error_Handler	4	static,ignoring_inline_asm
