../Drivers/CMSIS/Include/core_cm4.h:2059:26:ITM_SendChar	16	static,ignoring_inline_asm
../Core/Src/main.c:196:6:configureTimerForRunTimeStats	8	static
../Core/Src/main.c:200:15:getRunTimeCounterValue	4	static
../Core/Src/main.c:218:5:main	8	static
../Core/Src/main.c:341:6:SystemClock_Config	96	static
../Core/Src/main.c:404:13:MX_DFSDM1_Init	8	static
../Core/Src/main.c:442:13:MX_I2C2_Init	8	static
../Core/Src/main.c:490:13:MX_QUADSPI_Init	8	static
../Core/Src/main.c:523:13:MX_RTC_Init	32	static
../Core/Src/main.c:587:13:MX_SPI3_Init	8	static
../Core/Src/main.c:627:13:MX_TIM7_Init	24	static
../Core/Src/main.c:665:13:MX_USART1_UART_Init	8	static
../Core/Src/main.c:700:13:MX_USART3_UART_Init	8	static
../Core/Src/main.c:735:13:MX_USB_OTG_FS_PCD_Init	8	static
../Core/Src/main.c:770:13:MX_GPIO_Init	48	static
../Core/Src/main.c:948:5:_write	32	static
../Core/Src/main.c:958:24:BSP_ACCELERO_Init_INT	16	static
../Core/Src/main.c:979:6:HAL_UART_RxCpltCallback	16	static
../Core/Src/main.c:997:6:HAL_GPIO_EXTI_Callback	16	static
../Core/Src/main.c:1024:12:wifi_start	40	static
../Core/Src/main.c:1058:5:wifi_connect	16	static
../Core/Src/main.c:1094:6:SPI3_IRQHandler	8	static
../Core/Src/main.c:1108:6:RTC_set_func	136	static
../Core/Src/main.c:1226:6:readAccel_func	216	static
../Core/Src/main.c:1334:6:printTask_func	32	static
../Core/Src/main.c:1373:6:tarea_UART_func	24	static
../Core/Src/main.c:1399:6:temporizador_func	16	static
../Core/Src/main.c:1420:6:sendMQTT_func	144	static,ignoring_inline_asm
../Core/Src/main.c:1521:6:wifiStartTask_func	16	static
../Core/Src/main.c:1558:6:temp_sub_func	16	static
../Core/Src/main.c:1579:6:HAL_TIM_PeriodElapsedCallback	16	static
../Core/Src/main.c:1596:6:Error_Handler	4	static,ignoring_inline_asm
