../Drivers/CMSIS/Include/core_cm4.h:2059:26:ITM_SendChar	16	static,ignoring_inline_asm
../Core/Src/main.c:127:5:main	16	static
../Core/Src/main.c:226:6:SystemClock_Config	96	static
../Core/Src/main.c:287:13:MX_DFSDM1_Init	8	static
../Core/Src/main.c:325:13:MX_I2C2_Init	8	static
../Core/Src/main.c:373:13:MX_QUADSPI_Init	8	static
../Core/Src/main.c:406:13:MX_SPI3_Init	8	static
../Core/Src/main.c:446:13:MX_USART1_UART_Init	8	static
../Core/Src/main.c:481:13:MX_USART3_UART_Init	8	static
../Core/Src/main.c:516:13:MX_USB_OTG_FS_PCD_Init	8	static
../Core/Src/main.c:551:13:MX_GPIO_Init	48	static
../Core/Src/main.c:737:5:_write	32	static
../Core/Src/main.c:748:24:BSP_ACCELERO_Init_INT	16	static
../Core/Src/main.c:768:6:HAL_GPIO_EXTI_Callback	16	static
../Core/Src/main.c:794:12:wifi_start	40	static
../Core/Src/main.c:828:5:wifi_connect	16	static
../Core/Src/main.c:864:6:SPI3_IRQHandler	8	static
../Core/Src/main.c:869:6:MQTTTask	128	static,ignoring_inline_asm
../Core/Src/main.c:904:6:sendAccel_func	40	static
../Core/Src/main.c:942:6:readAccel_func	288	static
../Core/Src/main.c:981:6:wifiStartTask_function	16	static
../Core/Src/main.c:1002:6:HAL_TIM_PeriodElapsedCallback	16	static
../Core/Src/main.c:1019:6:Error_Handler	4	static,ignoring_inline_asm
