../Drivers/CMSIS/Include/core_cm4.h:2059:26:ITM_SendChar	16	static,ignoring_inline_asm
../Core/Src/main.c:188:6:configureTimerForRunTimeStats	8	static
../Core/Src/main.c:192:15:getRunTimeCounterValue	4	static
../Core/Src/main.c:210:5:main	8	static
../Core/Src/main.c:330:6:SystemClock_Config	96	static
../Core/Src/main.c:393:13:MX_DFSDM1_Init	8	static
../Core/Src/main.c:431:13:MX_I2C2_Init	8	static
../Core/Src/main.c:479:13:MX_QUADSPI_Init	8	static
../Core/Src/main.c:512:13:MX_RTC_Init	32	static
../Core/Src/main.c:576:13:MX_SPI3_Init	8	static
../Core/Src/main.c:616:13:MX_TIM7_Init	24	static
../Core/Src/main.c:654:13:MX_USART1_UART_Init	8	static
../Core/Src/main.c:689:13:MX_USART3_UART_Init	8	static
../Core/Src/main.c:724:13:MX_USB_OTG_FS_PCD_Init	8	static
../Core/Src/main.c:759:13:MX_GPIO_Init	48	static
../Core/Src/main.c:937:5:_write	32	static
../Core/Src/main.c:947:24:BSP_ACCELERO_Init_INT	16	static
../Core/Src/main.c:968:6:HAL_UART_RxCpltCallback	16	static
../Core/Src/main.c:986:6:HAL_GPIO_EXTI_Callback	16	static
../Core/Src/main.c:1013:12:wifi_start	40	static
../Core/Src/main.c:1047:5:wifi_connect	16	static
../Core/Src/main.c:1083:6:SPI3_IRQHandler	8	static
../Core/Src/main.c:1097:6:RTC_set_func	136	static
../Core/Src/main.c:1212:6:readAccel_func	216	static
../Core/Src/main.c:1321:6:printTask_func	32	static
../Core/Src/main.c:1360:6:tarea_UART_func	24	static
../Core/Src/main.c:1386:6:temporizador_func	16	static
../Core/Src/main.c:1407:6:sendMQTT_func	48	static
../Core/Src/main.c:1460:6:wifiStartTask_func	16	static
../Core/Src/main.c:1485:6:mqttSubscribe_func	120	static,ignoring_inline_asm
../Core/Src/main.c:1526:6:HAL_TIM_PeriodElapsedCallback	16	static
../Core/Src/main.c:1543:6:Error_Handler	4	static,ignoring_inline_asm
