../Drivers/CMSIS/Include/core_cm4.h:2059:26:ITM_SendChar	16	static,ignoring_inline_asm
../Core/Src/main.c:129:6:configureTimerForRunTimeStats	8	static
../Core/Src/main.c:133:15:getRunTimeCounterValue	4	static
../Core/Src/main.c:151:5:main	8	static
../Core/Src/main.c:259:6:SystemClock_Config	96	static
../Core/Src/main.c:322:13:MX_DFSDM1_Init	8	static
../Core/Src/main.c:360:13:MX_I2C2_Init	8	static
../Core/Src/main.c:408:13:MX_QUADSPI_Init	8	static
../Core/Src/main.c:441:13:MX_RTC_Init	32	static
../Core/Src/main.c:505:13:MX_SPI3_Init	8	static
../Core/Src/main.c:545:13:MX_TIM7_Init	24	static
../Core/Src/main.c:583:13:MX_USART1_UART_Init	8	static
../Core/Src/main.c:618:13:MX_USART3_UART_Init	8	static
../Core/Src/main.c:653:13:MX_USB_OTG_FS_PCD_Init	8	static
../Core/Src/main.c:688:13:MX_GPIO_Init	48	static
../Core/Src/main.c:869:5:_write	32	static
../Core/Src/main.c:879:24:BSP_ACCELERO_Init_INT	16	static
../Core/Src/main.c:900:6:HAL_UART_RxCpltCallback	16	static
../Core/Src/main.c:918:6:HAL_GPIO_EXTI_Callback	16	static
../Core/Src/main.c:936:6:RTC_set_func	136	static
../Core/Src/main.c:1049:6:readAccel_func	216	static
../Core/Src/main.c:1141:6:printTask_func	32	static
../Core/Src/main.c:1180:6:tarea_UART_func	24	static
../Core/Src/main.c:1207:6:HAL_TIM_PeriodElapsedCallback	16	static
../Core/Src/main.c:1224:6:Error_Handler	4	static,ignoring_inline_asm
