../Drivers/CMSIS/Include/core_cm4.h:2059:26:ITM_SendChar	16	static,ignoring_inline_asm
../Core/Src/main.c:179:6:configureTimerForRunTimeStats	8	static
../Core/Src/main.c:183:15:getRunTimeCounterValue	4	static
../Core/Src/main.c:201:5:main	8	static
../Core/Src/main.c:318:6:SystemClock_Config	96	static
../Core/Src/main.c:381:13:MX_DFSDM1_Init	8	static
../Core/Src/main.c:419:13:MX_I2C2_Init	8	static
../Core/Src/main.c:467:13:MX_QUADSPI_Init	8	static
../Core/Src/main.c:500:13:MX_RTC_Init	32	static
../Core/Src/main.c:564:13:MX_SPI3_Init	8	static
../Core/Src/main.c:604:13:MX_TIM7_Init	24	static
../Core/Src/main.c:642:13:MX_USART1_UART_Init	8	static
../Core/Src/main.c:677:13:MX_USART3_UART_Init	8	static
../Core/Src/main.c:712:13:MX_USB_OTG_FS_PCD_Init	8	static
../Core/Src/main.c:747:13:MX_GPIO_Init	48	static
../Core/Src/main.c:925:5:_write	32	static
../Core/Src/main.c:935:24:BSP_ACCELERO_Init_INT	16	static
../Core/Src/main.c:956:6:HAL_UART_RxCpltCallback	16	static
../Core/Src/main.c:974:6:HAL_GPIO_EXTI_Callback	16	static
../Core/Src/main.c:1001:12:wifi_start	40	static
../Core/Src/main.c:1035:5:wifi_connect	16	static
../Core/Src/main.c:1071:6:SPI3_IRQHandler	8	static
../Core/Src/main.c:1086:6:RTC_set_func	136	static
../Core/Src/main.c:1201:6:readAccel_func	216	static
../Core/Src/main.c:1310:6:printTask_func	32	static
../Core/Src/main.c:1349:6:tarea_UART_func	24	static
../Core/Src/main.c:1375:6:temporizador_func	16	static
../Core/Src/main.c:1396:6:sendMQTT_func	152	static,ignoring_inline_asm
../Core/Src/main.c:1472:6:wifiStartTask_func	16	static
../Core/Src/main.c:1494:6:HAL_TIM_PeriodElapsedCallback	16	static
../Core/Src/main.c:1511:6:Error_Handler	4	static,ignoring_inline_asm
