../Drivers/CMSIS/Include/core_cm4.h:2059:26:ITM_SendChar	16	static,ignoring_inline_asm
../Core/Src/main.c:192:6:configureTimerForRunTimeStats	8	static
../Core/Src/main.c:196:15:getRunTimeCounterValue	4	static
../Core/Src/main.c:214:5:main	8	static
../Core/Src/main.c:334:6:SystemClock_Config	96	static
../Core/Src/main.c:397:13:MX_DFSDM1_Init	8	static
../Core/Src/main.c:435:13:MX_I2C2_Init	8	static
../Core/Src/main.c:483:13:MX_QUADSPI_Init	8	static
../Core/Src/main.c:516:13:MX_RTC_Init	32	static
../Core/Src/main.c:580:13:MX_SPI3_Init	8	static
../Core/Src/main.c:620:13:MX_TIM7_Init	24	static
../Core/Src/main.c:658:13:MX_USART1_UART_Init	8	static
../Core/Src/main.c:693:13:MX_USART3_UART_Init	8	static
../Core/Src/main.c:728:13:MX_USB_OTG_FS_PCD_Init	8	static
../Core/Src/main.c:763:13:MX_GPIO_Init	48	static
../Core/Src/main.c:941:5:_write	32	static
../Core/Src/main.c:951:24:BSP_ACCELERO_Init_INT	16	static
../Core/Src/main.c:972:6:HAL_UART_RxCpltCallback	16	static
../Core/Src/main.c:990:6:HAL_GPIO_EXTI_Callback	16	static
../Core/Src/main.c:1017:12:wifi_start	40	static
../Core/Src/main.c:1051:5:wifi_connect	16	static
../Core/Src/main.c:1087:6:SPI3_IRQHandler	8	static
../Core/Src/main.c:1092:6:MQTT_context_Init	16	static,ignoring_inline_asm
../Core/Src/main.c:1113:6:RTC_set_func	136	static
../Core/Src/main.c:1228:6:readAccel_func	216	static
../Core/Src/main.c:1337:6:printTask_func	32	static
../Core/Src/main.c:1376:6:tarea_UART_func	24	static
../Core/Src/main.c:1402:6:temporizador_func	16	static
../Core/Src/main.c:1423:6:sendMQTT_func	48	static
../Core/Src/main.c:1476:6:wifiStartTask_func	16	static
../Core/Src/main.c:1501:6:mqttSubscribe_func	16	static
../Core/Src/main.c:1526:6:HAL_TIM_PeriodElapsedCallback	16	static
../Core/Src/main.c:1543:6:Error_Handler	4	static,ignoring_inline_asm
