../Drivers/CMSIS/Include/core_cm4.h:2059:26:ITM_SendChar	16	static,ignoring_inline_asm
../Core/Src/main.c:153:6:configureTimerForRunTimeStats	8	static
../Core/Src/main.c:157:15:getRunTimeCounterValue	4	static
../Core/Src/main.c:175:5:main	8	static
../Core/Src/main.c:289:6:SystemClock_Config	96	static
../Core/Src/main.c:352:13:MX_DFSDM1_Init	8	static
../Core/Src/main.c:390:13:MX_I2C2_Init	8	static
../Core/Src/main.c:438:13:MX_QUADSPI_Init	8	static
../Core/Src/main.c:471:13:MX_RTC_Init	32	static
../Core/Src/main.c:535:13:MX_SPI3_Init	8	static
../Core/Src/main.c:575:13:MX_TIM7_Init	24	static
../Core/Src/main.c:613:13:MX_USART1_UART_Init	8	static
../Core/Src/main.c:648:13:MX_USART3_UART_Init	8	static
../Core/Src/main.c:683:13:MX_USB_OTG_FS_PCD_Init	8	static
../Core/Src/main.c:718:13:MX_GPIO_Init	48	static
../Core/Src/main.c:893:5:_write	32	static
../Core/Src/main.c:903:24:BSP_ACCELERO_Init_INT	16	static
../Core/Src/main.c:924:6:HAL_UART_RxCpltCallback	16	static
../Core/Src/main.c:942:6:HAL_GPIO_EXTI_Callback	16	static
../Core/Src/main.c:973:6:RTC_set_func	136	static
../Core/Src/main.c:1086:6:readAccel_func	216	static
../Core/Src/main.c:1194:6:printTask_func	32	static
../Core/Src/main.c:1233:6:tarea_UART_func	24	static
../Core/Src/main.c:1259:6:temporizador_func	16	static
../Core/Src/main.c:1280:6:sendMQTT_func	40	static
../Core/Src/main.c:1325:6:HAL_TIM_PeriodElapsedCallback	16	static
../Core/Src/main.c:1342:6:Error_Handler	4	static,ignoring_inline_asm
