../Drivers/CMSIS/Include/core_cm4.h:2059:26:ITM_SendChar	16	static,ignoring_inline_asm
../Core/Src/main.c:140:6:configureTimerForRunTimeStats	8	static
../Core/Src/main.c:144:15:getRunTimeCounterValue	4	static
../Core/Src/main.c:162:5:main	8	static
../Core/Src/main.c:273:6:SystemClock_Config	96	static
../Core/Src/main.c:336:13:MX_DFSDM1_Init	8	static
../Core/Src/main.c:374:13:MX_I2C2_Init	8	static
../Core/Src/main.c:422:13:MX_QUADSPI_Init	8	static
../Core/Src/main.c:455:13:MX_RTC_Init	32	static
../Core/Src/main.c:519:13:MX_SPI3_Init	8	static
../Core/Src/main.c:559:13:MX_TIM7_Init	24	static
../Core/Src/main.c:597:13:MX_USART1_UART_Init	8	static
../Core/Src/main.c:632:13:MX_USART3_UART_Init	8	static
../Core/Src/main.c:667:13:MX_USB_OTG_FS_PCD_Init	8	static
../Core/Src/main.c:702:13:MX_GPIO_Init	48	static
../Core/Src/main.c:877:5:_write	32	static
../Core/Src/main.c:887:24:BSP_ACCELERO_Init_INT	16	static
../Core/Src/main.c:908:6:HAL_UART_RxCpltCallback	16	static
../Core/Src/main.c:926:6:HAL_GPIO_EXTI_Callback	16	static
../Core/Src/main.c:957:6:RTC_set_func	136	static
../Core/Src/main.c:1070:6:readAccel_func	216	static
../Core/Src/main.c:1169:6:printTask_func	32	static
../Core/Src/main.c:1208:6:tarea_UART_func	24	static
../Core/Src/main.c:1234:6:temporizador_func	16	static
../Core/Src/main.c:1256:6:HAL_TIM_PeriodElapsedCallback	16	static
../Core/Src/main.c:1273:6:Error_Handler	4	static,ignoring_inline_asm
