../Drivers/CMSIS/Include/core_cm4.h:2059:26:ITM_SendChar	16	static,ignoring_inline_asm
../Core/Src/main.c:132:6:configureTimerForRunTimeStats	8	static
../Core/Src/main.c:136:15:getRunTimeCounterValue	4	static
../Core/Src/main.c:154:5:main	8	static
../Core/Src/main.c:262:6:SystemClock_Config	96	static
../Core/Src/main.c:325:13:MX_DFSDM1_Init	8	static
../Core/Src/main.c:363:13:MX_I2C2_Init	8	static
../Core/Src/main.c:411:13:MX_QUADSPI_Init	8	static
../Core/Src/main.c:444:13:MX_RTC_Init	32	static
../Core/Src/main.c:508:13:MX_SPI3_Init	8	static
../Core/Src/main.c:548:13:MX_TIM7_Init	24	static
../Core/Src/main.c:586:13:MX_USART1_UART_Init	8	static
../Core/Src/main.c:621:13:MX_USART3_UART_Init	8	static
../Core/Src/main.c:656:13:MX_USB_OTG_FS_PCD_Init	8	static
../Core/Src/main.c:691:13:MX_GPIO_Init	48	static
../Core/Src/main.c:866:5:_write	32	static
../Core/Src/main.c:876:24:BSP_ACCELERO_Init_INT	16	static
../Core/Src/main.c:897:6:HAL_UART_RxCpltCallback	16	static
../Core/Src/main.c:915:6:HAL_GPIO_EXTI_Callback	16	static
../Core/Src/main.c:946:6:RTC_set_func	136	static
../Core/Src/main.c:1059:6:readAccel_func	208	static
../Core/Src/main.c:1151:6:printTask_func	32	static
../Core/Src/main.c:1190:6:tarea_UART_func	24	static
../Core/Src/main.c:1217:6:HAL_TIM_PeriodElapsedCallback	16	static
../Core/Src/main.c:1234:6:Error_Handler	4	static,ignoring_inline_asm
