Archive member included to satisfy reference by file (symbol)

c:/st/stm32cubeide_1.11.0/stm32cubeide/plugins/com.st.stm32cube.ide.mcu.externaltools.gnu-tools-for-stm32.10.3-2021.10.win32_1.0.100.202210260954/tools/bin/../lib/gcc/arm-none-eabi/10.3.1/../../../../arm-none-eabi/lib/thumb/v7e-m+fp/hard\libc_nano.a(lib_a-errno.o)
                              ./Core/Src/syscalls.o (__errno)
c:/st/stm32cubeide_1.11.0/stm32cubeide/plugins/com.st.stm32cube.ide.mcu.externaltools.gnu-tools-for-stm32.10.3-2021.10.win32_1.0.100.202210260954/tools/bin/../lib/gcc/arm-none-eabi/10.3.1/../../../../arm-none-eabi/lib/thumb/v7e-m+fp/hard\libc_nano.a(lib_a-exit.o)
                              c:/st/stm32cubeide_1.11.0/stm32cubeide/plugins/com.st.stm32cube.ide.mcu.externaltools.gnu-tools-for-stm32.10.3-2021.10.win32_1.0.100.202210260954/tools/bin/../lib/gcc/arm-none-eabi/10.3.1/../../../../arm-none-eabi/lib/thumb/v7e-m+fp/hard/crt0.o (exit)
c:/st/stm32cubeide_1.11.0/stm32cubeide/plugins/com.st.stm32cube.ide.mcu.externaltools.gnu-tools-for-stm32.10.3-2021.10.win32_1.0.100.202210260954/tools/bin/../lib/gcc/arm-none-eabi/10.3.1/../../../../arm-none-eabi/lib/thumb/v7e-m+fp/hard\libc_nano.a(lib_a-findfp.o)
                              ./Middlewares/Third_Party/FreeRTOS/Source/tasks.o (__sf_fake_stderr)
c:/st/stm32cubeide_1.11.0/stm32cubeide/plugins/com.st.stm32cube.ide.mcu.externaltools.gnu-tools-for-stm32.10.3-2021.10.win32_1.0.100.202210260954/tools/bin/../lib/gcc/arm-none-eabi/10.3.1/../../../../arm-none-eabi/lib/thumb/v7e-m+fp/hard\libc_nano.a(lib_a-fwalk.o)
                              c:/st/stm32cubeide_1.11.0/stm32cubeide/plugins/com.st.stm32cube.ide.mcu.externaltools.gnu-tools-for-stm32.10.3-2021.10.win32_1.0.100.202210260954/tools/bin/../lib/gcc/arm-none-eabi/10.3.1/../../../../arm-none-eabi/lib/thumb/v7e-m+fp/hard\libc_nano.a(lib_a-findfp.o) (_fwalk)
c:/st/stm32cubeide_1.11.0/stm32cubeide/plugins/com.st.stm32cube.ide.mcu.externaltools.gnu-tools-for-stm32.10.3-2021.10.win32_1.0.100.202210260954/tools/bin/../lib/gcc/arm-none-eabi/10.3.1/../../../../arm-none-eabi/lib/thumb/v7e-m+fp/hard\libc_nano.a(lib_a-impure.o)
                              c:/st/stm32cubeide_1.11.0/stm32cubeide/plugins/com.st.stm32cube.ide.mcu.externaltools.gnu-tools-for-stm32.10.3-2021.10.win32_1.0.100.202210260954/tools/bin/../lib/gcc/arm-none-eabi/10.3.1/../../../../arm-none-eabi/lib/thumb/v7e-m+fp/hard\libc_nano.a(lib_a-exit.o) (_global_impure_ptr)
c:/st/stm32cubeide_1.11.0/stm32cubeide/plugins/com.st.stm32cube.ide.mcu.externaltools.gnu-tools-for-stm32.10.3-2021.10.win32_1.0.100.202210260954/tools/bin/../lib/gcc/arm-none-eabi/10.3.1/../../../../arm-none-eabi/lib/thumb/v7e-m+fp/hard\libc_nano.a(lib_a-init.o)
                              c:/st/stm32cubeide_1.11.0/stm32cubeide/plugins/com.st.stm32cube.ide.mcu.externaltools.gnu-tools-for-stm32.10.3-2021.10.win32_1.0.100.202210260954/tools/bin/../lib/gcc/arm-none-eabi/10.3.1/../../../../arm-none-eabi/lib/thumb/v7e-m+fp/hard/crt0.o (__libc_init_array)
c:/st/stm32cubeide_1.11.0/stm32cubeide/plugins/com.st.stm32cube.ide.mcu.externaltools.gnu-tools-for-stm32.10.3-2021.10.win32_1.0.100.202210260954/tools/bin/../lib/gcc/arm-none-eabi/10.3.1/../../../../arm-none-eabi/lib/thumb/v7e-m+fp/hard\libc_nano.a(lib_a-lock.o)
                              c:/st/stm32cubeide_1.11.0/stm32cubeide/plugins/com.st.stm32cube.ide.mcu.externaltools.gnu-tools-for-stm32.10.3-2021.10.win32_1.0.100.202210260954/tools/bin/../lib/gcc/arm-none-eabi/10.3.1/../../../../arm-none-eabi/lib/thumb/v7e-m+fp/hard\libc_nano.a(lib_a-findfp.o) (__retarget_lock_init_recursive)
c:/st/stm32cubeide_1.11.0/stm32cubeide/plugins/com.st.stm32cube.ide.mcu.externaltools.gnu-tools-for-stm32.10.3-2021.10.win32_1.0.100.202210260954/tools/bin/../lib/gcc/arm-none-eabi/10.3.1/../../../../arm-none-eabi/lib/thumb/v7e-m+fp/hard\libc_nano.a(lib_a-memcmp.o)
                              ./Libraries/WIFI/es_wifi.o (memcmp)
c:/st/stm32cubeide_1.11.0/stm32cubeide/plugins/com.st.stm32cube.ide.mcu.externaltools.gnu-tools-for-stm32.10.3-2021.10.win32_1.0.100.202210260954/tools/bin/../lib/gcc/arm-none-eabi/10.3.1/../../../../arm-none-eabi/lib/thumb/v7e-m+fp/hard\libc_nano.a(lib_a-memcpy-stub.o)
                              ./Libraries/WIFI/es_wifi.o (memcpy)
c:/st/stm32cubeide_1.11.0/stm32cubeide/plugins/com.st.stm32cube.ide.mcu.externaltools.gnu-tools-for-stm32.10.3-2021.10.win32_1.0.100.202210260954/tools/bin/../lib/gcc/arm-none-eabi/10.3.1/../../../../arm-none-eabi/lib/thumb/v7e-m+fp/hard\libc_nano.a(lib_a-memset.o)
                              c:/st/stm32cubeide_1.11.0/stm32cubeide/plugins/com.st.stm32cube.ide.mcu.externaltools.gnu-tools-for-stm32.10.3-2021.10.win32_1.0.100.202210260954/tools/bin/../lib/gcc/arm-none-eabi/10.3.1/../../../../arm-none-eabi/lib/thumb/v7e-m+fp/hard/crt0.o (memset)
[...]
Memory Configuration

Name             Origin             Length             Attributes
RAM              0x0000000020000000 0x0000000000018000 xrw
RAM2             0x0000000010000000 0x0000000000008000 xrw
FLASH            0x0000000008000000 0x0000000000100000 xr
*default*        0x0000000000000000 0xffffffffffffffff

Linker script and memory map

LOAD c:/st/stm32cubeide_1.11.0/stm32cubeide/plugins/com.st.stm32cube.ide.mcu.externaltools.gnu-tools-for-stm32.10.3-2021.10.win32_1.0.100.202210260954/tools/bin/../lib/gcc/arm-none-eabi/10.3.1/thumb/v7e-m+fp/hard/crti.o
LOAD c:/st/stm32cubeide_1.11.0/stm32cubeide/plugins/com.st.stm32cube.ide.mcu.externaltools.gnu-tools-for-stm32.10.3-2021.10.win32_1.0.100.202210260954/tools/bin/../lib/gcc/arm-none-eabi/10.3.1/thumb/v7e-m+fp/hard/crtbegin.o
LOAD c:/st/stm32cubeide_1.11.0/stm32cubeide/plugins/com.st.stm32cube.ide.mcu.externaltools.gnu-tools-for-stm32.10.3-2021.10.win32_1.0.100.202210260954/tools/bin/../lib/gcc/arm-none-eabi/10.3.1/../../../../arm-none-eabi/lib/thumb/v7e-m+fp/hard/crt0.o
LOAD ./Core/Src/freertos.o
LOAD ./Core/Src/main.o
LOAD ./Core/Src/stm32l4xx_hal_msp.o
LOAD ./Core/Src/stm32l4xx_hal_timebase_tim.o
LOAD ./Core/Src/stm32l4xx_it.o
LOAD ./Core/Src/syscalls.o
LOAD ./Core/Src/sysmem.o
LOAD ./Core/Src/system_stm32l4xx.o
LOAD ./Core/Startup/startup_stm32l475vgtx.o
LOAD ./Drivers/STM32L4xx_HAL_Driver/Src/stm32l4xx_hal.o
LOAD ./Drivers/STM32L4xx_HAL_Driver/Src/stm32l4xx_hal_cortex.o
LOAD ./Drivers/STM32L4xx_HAL_Driver/Src/stm32l4xx_hal_dfsdm.o
LOAD ./Drivers/STM32L4xx_HAL_Driver/Src/stm32l4xx_hal_dma.o
LOAD ./Drivers/STM32L4xx_HAL_Driver/Src/stm32l4xx_hal_dma_ex.o
LOAD ./Drivers/STM32L4xx_HAL_Driver/Src/stm32l4xx_hal_exti.o
LOAD ./Drivers/STM32L4xx_HAL_Driver/Src/stm32l4xx_hal_flash.o
LOAD ./Drivers/STM32L4xx_HAL_Driver/Src/stm32l4xx_hal_flash_ex.o
LOAD ./Drivers/STM32L4xx_HAL_Driver/Src/stm32l4xx_hal_flash_ramfunc.o
LOAD ./Drivers/STM32L4xx_HAL_Driver/Src/stm32l4xx_hal_gpio.o
LOAD ./Drivers/STM32L4xx_HAL_Driver/Src/stm32l4xx_hal_i2c.o
LOAD ./Drivers/STM32L4xx_HAL_Driver/Src/stm32l4xx_hal_i2c_ex.o
LOAD ./Drivers/STM32L4xx_HAL_Driver/Src/stm32l4xx_hal_pcd.o
LOAD ./Drivers/STM32L4xx_HAL_Driver/Src/stm32l4xx_hal_pcd_ex.o
LOAD ./Drivers/STM32L4xx_HAL_Driver/Src/stm32l4xx_hal_pwr.o
LOAD ./Drivers/STM32L4xx_HAL_Driver/Src/stm32l4xx_hal_pwr_ex.o
LOAD ./Drivers/STM32L4xx_HAL_Driver/Src/stm32l4xx_hal_qspi.o
LOAD ./Drivers/STM32L4xx_HAL_Driver/Src/stm32l4xx_hal_rcc.o
LOAD ./Drivers/STM32L4xx_HAL_Driver/Src/stm32l4xx_hal_rcc_ex.o
LOAD ./Drivers/STM32L4xx_HAL_Driver/Src/stm32l4xx_hal_spi.o
LOAD ./Drivers/STM32L4xx_HAL_Driver/Src/stm32l4xx_hal_spi_ex.o
LOAD ./Drivers/STM32L4xx_HAL_Driver/Src/stm32l4xx_hal_tim.o
LOAD ./Drivers/STM32L4xx_HAL_Driver/Src/stm32l4xx_hal_tim_ex.o
LOAD ./Drivers/STM32L4xx_HAL_Driver/Src/stm32l4xx_hal_uart.o
LOAD ./Drivers/STM32L4xx_HAL_Driver/Src/stm32l4xx_hal_uart_ex.o
LOAD ./Drivers/STM32L4xx_HAL_Driver/Src/stm32l4xx_ll_usb.o
LOAD ./L4_IOT_Sensors/Drivers/BSP/B-L475E-IOT01/stm32l475e_iot01.o
LOAD ./L4_IOT_Sensors/Drivers/BSP/B-L475E-IOT01/stm32l475e_iot01_accelero.o
LOAD ./L4_IOT_Sensors/Drivers/BSP/Components/lsm6dsl/lsm6dsl.o
LOAD ./Libraries/WIFI/es_wifi.o
LOAD ./Libraries/WIFI/es_wifi_io.o
LOAD ./Libraries/WIFI/wifi.o
LOAD ./Middlewares/Third_Party/FreeRTOS/Source/CMSIS_RTOS_V2/cmsis_os2.o
LOAD ./Middlewares/Third_Party/FreeRTOS/Source/croutine.o
LOAD ./Middlewares/Third_Party/FreeRTOS/Source/event_groups.o
LOAD ./Middlewares/Third_Party/FreeRTOS/Source/list.o
LOAD ./Middlewares/Third_Party/FreeRTOS/Source/queue.o
LOAD ./Middlewares/Third_Party/FreeRTOS/Source/stream_buffer.o
LOAD ./Middlewares/Third_Party/FreeRTOS/Source/tasks.o
LOAD ./Middlewares/Third_Party/FreeRTOS/Source/timers.o
LOAD ./Middlewares/Third_Party/FreeRTOS/Source/portable/GCC/ARM_CM4F/port.o
LOAD ./Middlewares/Third_Party/FreeRTOS/Source/portable/MemMang/heap_4.o
START GROUP
LOAD c:/st/stm32cubeide_1.11.0/stm32cubeide/plugins/com.st.stm32cube.ide.mcu.externaltools.gnu-tools-for-stm32.10.3-2021.10.win32_1.0.100.202210260954/tools/bin/../lib/gcc/arm-none-eabi/10.3.1/../../../../arm-none-eabi/lib/thumb/v7e-m+fp/hard\libc_nano.a
LOAD c:/st/stm32cubeide_1.11.0/stm32cubeide/plugins/com.st.stm32cube.ide.mcu.externaltools.gnu-tools-for-stm32.10.3-2021.10.win32_1.0.100.202210260954/tools/bin/../lib/gcc/arm-none-eabi/10.3.1/../../../../arm-none-eabi/lib/thumb/v7e-m+fp/hard\libm.a
END GROUP
START GROUP
LOAD c:/st/stm32cubeide_1.11.0/stm32cubeide/plugins/com.st.stm32cube.ide.mcu.externaltools.gnu-tools-for-stm32.10.3-2021.10.win32_1.0.100.202210260954/tools/bin/../lib/gcc/arm-none-eabi/10.3.1/thumb/v7e-m+fp/hard\libgcc.a
LOAD c:/st/stm32cubeide_1.11.0/stm32cubeide/plugins/com.st.stm32cube.ide.mcu.externaltools.gnu-tools-for-stm32.10.3-2021.10.win32_1.0.100.202210260954/tools/bin/../lib/gcc/arm-none-eabi/10.3.1/../../../../arm-none-eabi/lib/thumb/v7e-m+fp/hard\libc_nano.a
END GROUP
START GROUP
LOAD c:/st/stm32cubeide_1.11.0/stm32cubeide/plugins/com.st.stm32cube.ide.mcu.externaltools.gnu-tools-for-stm32.10.3-2021.10.win32_1.0.100.202210260954/tools/bin/../lib/gcc/arm-none-eabi/10.3.1/thumb/v7e-m+fp/hard\libgcc.a
LOAD c:/st/stm32cubeide_1.11.0/stm32cubeide/plugins/com.st.stm32cube.ide.mcu.externaltools.gnu-tools-for-stm32.10.3-2021.10.win32_1.0.100.202210260954/tools/bin/../lib/gcc/arm-none-eabi/10.3.1/../../../../arm-none-eabi/lib/thumb/v7e-m+fp/hard\libc_nano.a
LOAD c:/st/stm32cubeide_1.11.0/stm32cubeide/plugins/com.st.stm32cube.ide.mcu.externaltools.gnu-tools-for-stm32.10.3-2021.10.win32_1.0.100.202210260954/tools/bin/../lib/gcc/arm-none-eabi/10.3.1/../../../../arm-none-eabi/lib/thumb/v7e-m+fp/hard\libnosys.a
END GROUP
START GROUP
LOAD c:/st/stm32cubeide_1.11.0/stm32cubeide/plugins/com.st.stm32cube.ide.mcu.externaltools.gnu-tools-for-stm32.10.3-2021.10.win32_1.0.100.202210260954/tools/bin/../lib/gcc/arm-none-eabi/10.3.1/thumb/v7e-m+fp/hard\libgcc.a
LOAD c:/st/stm32cubeide_1.11.0/stm32cubeide/plugins/com.st.stm32cube.ide.mcu.externaltools.gnu-tools-for-stm32.10.3-2021.10.win32_1.0.100.202210260954/tools/bin/../lib/gcc/arm-none-eabi/10.3.1/../../../../arm-none-eabi/lib/thumb/v7e-m+fp/hard\libc_nano.a
LOAD c:/st/stm32cubeide_1.11.0/stm32cubeide/plugins/com.st.stm32cube.ide.mcu.externaltools.gnu-tools-for-stm32.10.3-2021.10.win32_1.0.100.202210260954/tools/bin/../lib/gcc/arm-none-eabi/10.3.1/../../../../arm-none-eabi/lib/thumb/v7e-m+fp/hard\libnosys.a
END GROUP
LOAD c:/st/stm32cubeide_1.11.0/stm32cubeide/plugins/com.st.stm32cube.ide.mcu.externaltools.gnu-tools-for-stm32.10.3-2021.10.win32_1.0.100.202210260954/tools/bin/../lib/gcc/arm-none-eabi/10.3.1/thumb/v7e-m+fp/hard/crtend.o
LOAD c:/st/stm32cubeide_1.11.0/stm32cubeide/plugins/com.st.stm32cube.ide.mcu.externaltools.gnu-tools-for-stm32.10.3-2021.10.win32_1.0.100.202210260954/tools/bin/../lib/gcc/arm-none-eabi/10.3.1/thumb/v7e-m+fp/hard/crtn.o
                0x0000000020018000                _estack = (ORIGIN (RAM) + LENGTH (RAM))
                0x0000000000000200                _Min_Heap_Size = 0x200
                0x0000000000000400                _Min_Stack_Size = 0x400

.isr_vector     0x0000000008000000      0x188
                0x0000000008000000                . = ALIGN (0x4)
 *(.isr_vector)
 .isr_vector    0x0000000008000000      0x188 ./Core/Startup/startup_stm32l475vgtx.o
                0x0000000008000000                g_pfnVectors
                0x0000000008000188                . = ALIGN (0x4)

.text           0x0000000008000190     0xd770
                0x0000000008000190                . = ALIGN (0x4)
 *(.text)
 .text          0x0000000008000190       0x40 c:/st/stm32cubeide_1.11.0/stm32cubeide/plugins/com.st.stm32cube.ide.mcu.externaltools.gnu-tools-for-stm32.10.3-2021.10.win32_1.0.100.202210260954/tools/bin/../lib/gcc/arm-none-eabi/10.3.1/thumb/v7e-m+fp/hard/crtbegin.o
 .text          0x00000000080001d0       0x10 c:/st/stm32cubeide_1.11.0/stm32cubeide/plugins/com.st.stm32cube.ide.mcu.externaltools.gnu-tools-for-stm32.10.3-2021.10.win32_1.0.100.202210260954/tools/bin/../lib/gcc/arm-none-eabi/10.3.1/../../../../arm-none-eabi/lib/thumb/v7e-m+fp/hard\libc_nano.a(lib_a-strlen.o)
                0x00000000080001d0                strlen
 .text          0x00000000080001e0       0xa0 c:/st/stm32cubeide_1.11.0/stm32cubeide/plugins/com.st.stm32cube.ide.mcu.externaltools.gnu-tools-for-stm32.10.3-2021.10.win32_1.0.100.202210260954/tools/bin/../lib/gcc/arm-none-eabi/10.3.1/../../../../arm-none-eabi/lib/thumb/v7e-m+fp/hard\libc_nano.a(lib_a-memchr.o)
                0x00000000080001e0                memchr
 .text          0x0000000008000280       0x30 c:/st/stm32cubeide_1.11.0/stm32cubeide/plugins/com.st.stm32cube.ide.mcu.externaltools.gnu-tools-for-stm32.10.3-2021.10.win32_1.0.100.202210260954/tools/bin/../lib/gcc/arm-none-eabi/10.3.1/thumb/v7e-m+fp/hard\libgcc.a(_aeabi_uldivmod.o)
                0x0000000008000280                __aeabi_uldivmod
 .text          0x00000000080002b0      0x2d0 c:/st/stm32cubeide_1.11.0/stm32cubeide/plugins/com.st.stm32cube.ide.mcu.externaltools.gnu-tools-for-stm32.10.3-2021.10.win32_1.0.100.202210260954/tools/bin/../lib/gcc/arm-none-eabi/10.3.1/thumb/v7e-m+fp/hard\libgcc.a(_udivmoddi4.o)
                0x00000000080002b0                __udivmoddi4
 .text          0x0000000008000580        0x4 c:/st/stm32cubeide_1.11.0/stm32cubeide/plugins/com.st.stm32cube.ide.mcu.externaltools.gnu-tools-for-stm32.10.3-2021.10.win32_1.0.100.202210260954/tools/bin/../lib/gcc/arm-none-eabi/10.3.1/thumb/v7e-m+fp/hard\libgcc.a(_dvmd_tls.o)
                0x0000000008000580                __aeabi_idiv0
                0x0000000008000580                __aeabi_ldiv0
 *(.text*)
 .text.ITM_SendChar
                0x0000000008000584       0x4e ./Core/Src/main.o
 *fill*         0x00000000080005d2        0x2 
 .text.main     0x00000000080005d4       0xbc ./Core/Src/main.o
                0x00000000080005d4                main
 .text.SystemClock_Config
                0x0000000008000690       0xc4 ./Core/Src/main.o
                0x0000000008000690                SystemClock_Config
 .text.MX_DFSDM1_Init
                0x0000000008000754       0x70 ./Core/Src/main.o
 .text.MX_I2C2_Init
                0x00000000080007c4       0x80 ./Core/Src/main.o
 .text.MX_QUADSPI_Init
                0x0000000008000844       0x4c ./Core/Src/main.o
 .text.MX_SPI3_Init
                0x0000000008000890       0x7c ./Core/Src/main.o
 .text.MX_USART1_UART_Init
                0x000000000800090c       0x60 ./Core/Src/main.o
 .text.MX_USART3_UART_Init
                0x000000000800096c       0x60 ./Core/Src/main.o
 .text.MX_USB_OTG_FS_PCD_Init
                0x00000000080009cc       0x5c ./Core/Src/main.o
 .text.MX_GPIO_Init
                0x0000000008000a28      0x370 ./Core/Src/main.o
 .text._write   0x0000000008000d98       0x38 ./Core/Src/main.o
                0x0000000008000d98                _write
 .text.BSP_ACCELERO_Init_INT
                0x0000000008000dd0       0x7e ./Core/Src/main.o
                0x0000000008000dd0                BSP_ACCELERO_Init_INT
 *fill*         0x0000000008000e4e        0x2 
 .text.HAL_GPIO_EXTI_Callback
                0x0000000008000e50       0x50 ./Core/Src/main.o
                0x0000000008000e50                HAL_GPIO_EXTI_Callback
 .text.wifi_start
                0x0000000008000ea0       0x98 ./Core/Src/main.o
 .text.wifi_connect
                0x0000000008000f38       0x8c ./Core/Src/main.o
                0x0000000008000f38                wifi_connect
 .text.SPI3_IRQHandler
                0x0000000008000fc4       0x14 ./Core/Src/main.o
                0x0000000008000fc4                SPI3_IRQHandler
 .text.sendAccel_func
                0x0000000008000fd8       0xac ./Core/Src/main.o
                0x0000000008000fd8                sendAccel_func
 .text.readAccel_func
                0x0000000008001084       0xac ./Core/Src/main.o
                0x0000000008001084                readAccel_func
 .text.wifiStartTask_function
                0x0000000008001130       0x14 ./Core/Src/main.o
                0x0000000008001130                wifiStartTask_function
 .text.HAL_TIM_PeriodElapsedCallback
                0x0000000008001144       0x24 ./Core/Src/main.o
                0x0000000008001144                HAL_TIM_PeriodElapsedCallback
 .text.Error_Handler
                0x0000000008001168        0xa ./Core/Src/main.o
                0x0000000008001168                Error_Handler
 *fill*         0x0000000008001172        0x2 
 .text.HAL_MspInit
                0x0000000008001174       0x50 ./Core/Src/stm32l4xx_hal_msp.o
                0x0000000008001174                HAL_MspInit
 .text.HAL_DFSDM_ChannelMspInit
                0x00000000080011c4       0xc8 ./Core/Src/stm32l4xx_hal_msp.o
                0x00000000080011c4                HAL_DFSDM_ChannelMspInit
 .text.HAL_I2C_MspInit
                0x000000000800128c       0xbc ./Core/Src/stm32l4xx_hal_msp.o
                0x000000000800128c                HAL_I2C_MspInit
 .text.HAL_I2C_MspDeInit
                0x0000000008001348       0x48 ./Core/Src/stm32l4xx_hal_msp.o
                0x0000000008001348                HAL_I2C_MspDeInit
 .text.HAL_QSPI_MspInit
                0x0000000008001390       0x88 ./Core/Src/stm32l4xx_hal_msp.o
                0x0000000008001390                HAL_QSPI_MspInit
 .text.HAL_SPI_MspInit
                0x0000000008001418       0x98 ./Core/Src/stm32l4xx_hal_msp.o
                0x0000000008001418                HAL_SPI_MspInit
 .text.HAL_SPI_MspDeInit
                0x00000000080014b0       0x44 ./Core/Src/stm32l4xx_hal_msp.o
                0x00000000080014b0                HAL_SPI_MspDeInit
 .text.HAL_UART_MspInit
                0x00000000080014f4      0x148 ./Core/Src/stm32l4xx_hal_msp.o
                0x00000000080014f4                HAL_UART_MspInit
 .text.HAL_PCD_MspInit
                0x000000000800163c      0x138 ./Core/Src/stm32l4xx_hal_msp.o
                0x000000000800163c                HAL_PCD_MspInit
 .text.HAL_InitTick
                0x0000000008001774       0xf4 ./Core/Src/stm32l4xx_hal_timebase_tim.o
                0x0000000008001774                HAL_InitTick
 .text.NMI_Handler
                0x0000000008001868        0x6 ./Core/Src/stm32l4xx_it.o
                0x0000000008001868                NMI_Handler
 .text.HardFault_Handler
                0x000000000800186e        0x6 ./Core/Src/stm32l4xx_it.o
                0x000000000800186e                HardFault_Handler
 .text.MemManage_Handler
                0x0000000008001874        0x6 ./Core/Src/stm32l4xx_it.o
                0x0000000008001874                MemManage_Handler
 .text.BusFault_Handler
                0x000000000800187a        0x6 ./Core/Src/stm32l4xx_it.o
                0x000000000800187a                BusFault_Handler
 .text.UsageFault_Handler
                0x0000000008001880        0x6 ./Core/Src/stm32l4xx_it.o
                0x0000000008001880                UsageFault_Handler
 .text.DebugMon_Handler
                0x0000000008001886        0xe ./Core/Src/stm32l4xx_it.o
                0x0000000008001886                DebugMon_Handler
 .text.EXTI1_IRQHandler
                0x0000000008001894        0xe ./Core/Src/stm32l4xx_it.o
                0x0000000008001894                EXTI1_IRQHandler
 .text.EXTI9_5_IRQHandler
                0x00000000080018a2       0x22 ./Core/Src/stm32l4xx_it.o
                0x00000000080018a2                EXTI9_5_IRQHandler
 .text.EXTI15_10_IRQHandler
                0x00000000080018c4       0x30 ./Core/Src/stm32l4xx_it.o
                0x00000000080018c4                EXTI15_10_IRQHandler
 .text.TIM6_DAC_IRQHandler
                0x00000000080018f4       0x14 ./Core/Src/stm32l4xx_it.o
                0x00000000080018f4                TIM6_DAC_IRQHandler
 .text._getpid  0x0000000008001908       0x10 ./Core/Src/syscalls.o
                0x0000000008001908                _getpid
 .text._kill    0x0000000008001918       0x20 ./Core/Src/syscalls.o
                0x0000000008001918                _kill
 .text._exit    0x0000000008001938       0x14 ./Core/Src/syscalls.o
                0x0000000008001938                _exit
 .text._read    0x000000000800194c       0x3a ./Core/Src/syscalls.o
                0x000000000800194c                _read
 .text._close   0x0000000008001986       0x18 ./Core/Src/syscalls.o
                0x0000000008001986                _close
 .text._fstat   0x000000000800199e       0x20 ./Core/Src/syscalls.o
                0x000000000800199e                _fstat
 .text._isatty  0x00000000080019be       0x16 ./Core/Src/syscalls.o
                0x00000000080019be                _isatty
 .text._lseek   0x00000000080019d4       0x1a ./Core/Src/syscalls.o
                0x00000000080019d4                _lseek
 *fill*         0x00000000080019ee        0x2 
 .text._sbrk    0x00000000080019f0       0x6c ./Core/Src/sysmem.o
                0x00000000080019f0                _sbrk
 .text.SystemInit
                0x0000000008001a5c       0x24 ./Core/Src/system_stm32l4xx.o
                0x0000000008001a5c                SystemInit
 .text.Reset_Handler
                0x0000000008001a80       0x50 ./Core/Startup/startup_stm32l475vgtx.o
                0x0000000008001a80                Reset_Handler
 .text.Default_Handler
                0x0000000008001ad0        0x2 ./Core/Startup/startup_stm32l475vgtx.o
                0x0000000008001ad0                RTC_Alarm_IRQHandler
                0x0000000008001ad0                EXTI2_IRQHandler
                0x0000000008001ad0                TIM8_TRG_COM_IRQHandler
                0x0000000008001ad0                TIM8_CC_IRQHandler
                0x0000000008001ad0                TIM1_CC_IRQHandler
                0x0000000008001ad0                TSC_IRQHandler
                0x0000000008001ad0                TAMP_STAMP_IRQHandler
                0x0000000008001ad0                EXTI3_IRQHandler
                0x0000000008001ad0                LPTIM2_IRQHandler
                0x0000000008001ad0                DFSDM1_FLT1_IRQHandler
                0x0000000008001ad0                I2C3_ER_IRQHandler
                0x0000000008001ad0                DFSDM1_FLT2_IRQHandler
                0x0000000008001ad0                EXTI0_IRQHandler
                0x0000000008001ad0                I2C2_EV_IRQHandler
                0x0000000008001ad0                CAN1_RX0_IRQHandler
                0x0000000008001ad0                FPU_IRQHandler
                0x0000000008001ad0                TIM1_UP_TIM16_IRQHandler
                0x0000000008001ad0                ADC1_2_IRQHandler
                0x0000000008001ad0                SPI1_IRQHandler
                0x0000000008001ad0                TIM8_UP_IRQHandler
                0x0000000008001ad0                DMA2_Channel2_IRQHandler
                0x0000000008001ad0                DMA1_Channel4_IRQHandler
                0x0000000008001ad0                SAI2_IRQHandler
                0x0000000008001ad0                DFSDM1_FLT3_IRQHandler
                0x0000000008001ad0                USART3_IRQHandler
                0x0000000008001ad0                DMA1_Channel7_IRQHandler
                0x0000000008001ad0                CAN1_RX1_IRQHandler
                0x0000000008001ad0                UART5_IRQHandler
                0x0000000008001ad0                ADC3_IRQHandler
                0x0000000008001ad0                TIM4_IRQHandler
                0x0000000008001ad0                DMA2_Channel1_IRQHandler
                0x0000000008001ad0                QUADSPI_IRQHandler
                0x0000000008001ad0                I2C1_EV_IRQHandler
                0x0000000008001ad0                DMA1_Channel6_IRQHandler
                0x0000000008001ad0                UART4_IRQHandler
                0x0000000008001ad0                DMA2_Channel4_IRQHandler
                0x0000000008001ad0                TIM3_IRQHandler
                0x0000000008001ad0                RCC_IRQHandler
                0x0000000008001ad0                DMA1_Channel1_IRQHandler
                0x0000000008001ad0                Default_Handler
                0x0000000008001ad0                DMA2_Channel7_IRQHandler
                0x0000000008001ad0                TIM7_IRQHandler
                0x0000000008001ad0                SDMMC1_IRQHandler
                0x0000000008001ad0                TIM5_IRQHandler
                0x0000000008001ad0                I2C3_EV_IRQHandler
                0x0000000008001ad0                RTC_WKUP_IRQHandler
                0x0000000008001ad0                PVD_PVM_IRQHandler
                0x0000000008001ad0                SPI2_IRQHandler
                0x0000000008001ad0                CAN1_TX_IRQHandler
                0x0000000008001ad0                DMA2_Channel5_IRQHandler
                0x0000000008001ad0                DMA1_Channel5_IRQHandler
                0x0000000008001ad0                EXTI4_IRQHandler
                0x0000000008001ad0                RNG_IRQHandler
                0x0000000008001ad0                TIM1_TRG_COM_TIM17_IRQHandler
                0x0000000008001ad0                DMA1_Channel3_IRQHandler
                0x0000000008001ad0                COMP_IRQHandler
                0x0000000008001ad0                WWDG_IRQHandler
                0x0000000008001ad0                LPUART1_IRQHandler
                0x0000000008001ad0                DMA2_Channel6_IRQHandler
                0x0000000008001ad0                TIM2_IRQHandler
                0x0000000008001ad0                USART2_IRQHandler
                0x0000000008001ad0                DFSDM1_FLT0_IRQHandler
                0x0000000008001ad0                I2C2_ER_IRQHandler
                0x0000000008001ad0                DMA1_Channel2_IRQHandler
                0x0000000008001ad0                TIM8_BRK_IRQHandler
                0x0000000008001ad0                CAN1_SCE_IRQHandler
                0x0000000008001ad0                FLASH_IRQHandler
                0x0000000008001ad0                USART1_IRQHandler
                0x0000000008001ad0                OTG_FS_IRQHandler
                0x0000000008001ad0                I2C1_ER_IRQHandler
                0x0000000008001ad0                FMC_IRQHandler
                0x0000000008001ad0                SWPMI1_IRQHandler
                0x0000000008001ad0                LPTIM1_IRQHandler
                0x0000000008001ad0                SAI1_IRQHandler
                0x0000000008001ad0                DMA2_Channel3_IRQHandler
                0x0000000008001ad0                TIM1_BRK_TIM15_IRQHandler
 .text.HAL_Init
                0x0000000008001ad2       0x30 ./Drivers/STM32L4xx_HAL_Driver/Src/stm32l4xx_hal.o
                0x0000000008001ad2                HAL_Init
 *fill*         0x0000000008001b02        0x2 
 .text.HAL_IncTick
                0x0000000008001b04       0x28 ./Drivers/STM32L4xx_HAL_Driver/Src/stm32l4xx_hal.o
                0x0000000008001b04                HAL_IncTick
 .text.HAL_GetTick
                0x0000000008001b2c       0x18 ./Drivers/STM32L4xx_HAL_Driver/Src/stm32l4xx_hal.o
                0x0000000008001b2c                HAL_GetTick
 .text.HAL_Delay
                0x0000000008001b44       0x48 ./Drivers/STM32L4xx_HAL_Driver/Src/stm32l4xx_hal.o
                0x0000000008001b44                HAL_Delay
 .text.__NVIC_SetPriorityGrouping
                0x0000000008001b8c       0x48 ./Drivers/STM32L4xx_HAL_Driver/Src/stm32l4xx_hal_cortex.o
 .text.__NVIC_GetPriorityGrouping
                0x0000000008001bd4       0x1c ./Drivers/STM32L4xx_HAL_Driver/Src/stm32l4xx_hal_cortex.o
 .text.__NVIC_EnableIRQ
                0x0000000008001bf0       0x3c ./Drivers/STM32L4xx_HAL_Driver/Src/stm32l4xx_hal_cortex.o
 .text.__NVIC_DisableIRQ
                0x0000000008001c2c       0x48 ./Drivers/STM32L4xx_HAL_Driver/Src/stm32l4xx_hal_cortex.o
 .text.__NVIC_SetPriority
                0x0000000008001c74       0x54 ./Drivers/STM32L4xx_HAL_Driver/Src/stm32l4xx_hal_cortex.o
 .text.NVIC_EncodePriority
                0x0000000008001cc8       0x66 ./Drivers/STM32L4xx_HAL_Driver/Src/stm32l4xx_hal_cortex.o
 .text.HAL_NVIC_SetPriorityGrouping
                0x0000000008001d2e       0x16 ./Drivers/STM32L4xx_HAL_Driver/Src/stm32l4xx_hal_cortex.o
                0x0000000008001d2e                HAL_NVIC_SetPriorityGrouping
 .text.HAL_NVIC_SetPriority
                0x0000000008001d44       0x38 ./Drivers/STM32L4xx_HAL_Driver/Src/stm32l4xx_hal_cortex.o
                0x0000000008001d44                HAL_NVIC_SetPriority
 .text.HAL_NVIC_EnableIRQ
                0x0000000008001d7c       0x1c ./Drivers/STM32L4xx_HAL_Driver/Src/stm32l4xx_hal_cortex.o
                0x0000000008001d7c                HAL_NVIC_EnableIRQ
 .text.HAL_NVIC_DisableIRQ
                0x0000000008001d98       0x1c ./Drivers/STM32L4xx_HAL_Driver/Src/stm32l4xx_hal_cortex.o
                0x0000000008001d98                HAL_NVIC_DisableIRQ
 .text.HAL_DFSDM_ChannelInit
                0x0000000008001db4      0x180 ./Drivers/STM32L4xx_HAL_Driver/Src/stm32l4xx_hal_dfsdm.o
                0x0000000008001db4                HAL_DFSDM_ChannelInit
 .text.DFSDM_GetChannelFromInstance
                0x0000000008001f34       0x98 ./Drivers/STM32L4xx_HAL_Driver/Src/stm32l4xx_hal_dfsdm.o
 .text.HAL_DMA_Abort_IT
                0x0000000008001fcc       0x82 ./Drivers/STM32L4xx_HAL_Driver/Src/stm32l4xx_hal_dma.o
                0x0000000008001fcc                HAL_DMA_Abort_IT
 *fill*         0x000000000800204e        0x2 
 .text.HAL_GPIO_Init
                0x0000000008002050      0x354 ./Drivers/STM32L4xx_HAL_Driver/Src/stm32l4xx_hal_gpio.o
                0x0000000008002050                HAL_GPIO_Init
 .text.HAL_GPIO_DeInit
                0x00000000080023a4      0x1e8 ./Drivers/STM32L4xx_HAL_Driver/Src/stm32l4xx_hal_gpio.o
                0x00000000080023a4                HAL_GPIO_DeInit
 .text.HAL_GPIO_ReadPin
                0x000000000800258c       0x30 ./Drivers/STM32L4xx_HAL_Driver/Src/stm32l4xx_hal_gpio.o
                0x000000000800258c                HAL_GPIO_ReadPin
 .text.HAL_GPIO_WritePin
                0x00000000080025bc       0x30 ./Drivers/STM32L4xx_HAL_Driver/Src/stm32l4xx_hal_gpio.o
                0x00000000080025bc                HAL_GPIO_WritePin
 .text.HAL_GPIO_EXTI_IRQHandler
                0x00000000080025ec       0x30 ./Drivers/STM32L4xx_HAL_Driver/Src/stm32l4xx_hal_gpio.o
                0x00000000080025ec                HAL_GPIO_EXTI_IRQHandler
 .text.HAL_I2C_Init
                0x000000000800261c      0x11e ./Drivers/STM32L4xx_HAL_Driver/Src/stm32l4xx_hal_i2c.o
                0x000000000800261c                HAL_I2C_Init
 .text.HAL_I2C_DeInit
                0x000000000800273a       0x5e ./Drivers/STM32L4xx_HAL_Driver/Src/stm32l4xx_hal_i2c.o
                0x000000000800273a                HAL_I2C_DeInit
 .text.HAL_I2C_Mem_Write
                0x0000000008002798      0x228 ./Drivers/STM32L4xx_HAL_Driver/Src/stm32l4xx_hal_i2c.o
                0x0000000008002798                HAL_I2C_Mem_Write
 .text.HAL_I2C_Mem_Read
                0x00000000080029c0      0x234 ./Drivers/STM32L4xx_HAL_Driver/Src/stm32l4xx_hal_i2c.o
                0x00000000080029c0                HAL_I2C_Mem_Read
 .text.I2C_RequestMemoryWrite
                0x0000000008002bf4       0xa8 ./Drivers/STM32L4xx_HAL_Driver/Src/stm32l4xx_hal_i2c.o
 .text.I2C_RequestMemoryRead
                0x0000000008002c9c       0xa8 ./Drivers/STM32L4xx_HAL_Driver/Src/stm32l4xx_hal_i2c.o
 .text.I2C_Flush_TXDR
                0x0000000008002d44       0x48 ./Drivers/STM32L4xx_HAL_Driver/Src/stm32l4xx_hal_i2c.o
 .text.I2C_WaitOnFlagUntilTimeout
                0x0000000008002d8c       0x80 ./Drivers/STM32L4xx_HAL_Driver/Src/stm32l4xx_hal_i2c.o
 .text.I2C_WaitOnTXISFlagUntilTimeout
                0x0000000008002e0c       0x80 ./Drivers/STM32L4xx_HAL_Driver/Src/stm32l4xx_hal_i2c.o
 .text.I2C_WaitOnSTOPFlagUntilTimeout
                0x0000000008002e8c       0x78 ./Drivers/STM32L4xx_HAL_Driver/Src/stm32l4xx_hal_i2c.o
 .text.I2C_IsAcknowledgeFailed
                0x0000000008002f04       0xcc ./Drivers/STM32L4xx_HAL_Driver/Src/stm32l4xx_hal_i2c.o
 .text.I2C_TransferConfig
                0x0000000008002fd0       0x5c ./Drivers/STM32L4xx_HAL_Driver/Src/stm32l4xx_hal_i2c.o
 .text.HAL_I2CEx_ConfigAnalogFilter
                0x000000000800302c       0x96 ./Drivers/STM32L4xx_HAL_Driver/Src/stm32l4xx_hal_i2c_ex.o
                0x000000000800302c                HAL_I2CEx_ConfigAnalogFilter
 .text.HAL_I2CEx_ConfigDigitalFilter
                0x00000000080030c2       0x98 ./Drivers/STM32L4xx_HAL_Driver/Src/stm32l4xx_hal_i2c_ex.o
                0x00000000080030c2                HAL_I2CEx_ConfigDigitalFilter
 .text.HAL_PCD_Init
                0x000000000800315a      0x248 ./Drivers/STM32L4xx_HAL_Driver/Src/stm32l4xx_hal_pcd.o
                0x000000000800315a                HAL_PCD_Init
 .text.HAL_PCDEx_ActivateLPM
                0x00000000080033a2       0x48 ./Drivers/STM32L4xx_HAL_Driver/Src/stm32l4xx_hal_pcd_ex.o
                0x00000000080033a2                HAL_PCDEx_ActivateLPM
 *fill*         0x00000000080033ea        0x2 
 .text.HAL_PWR_EnableBkUpAccess
                0x00000000080033ec       0x20 ./Drivers/STM32L4xx_HAL_Driver/Src/stm32l4xx_hal_pwr.o
                0x00000000080033ec                HAL_PWR_EnableBkUpAccess
 .text.HAL_PWREx_GetVoltageRange
                0x000000000800340c       0x1c ./Drivers/STM32L4xx_HAL_Driver/Src/stm32l4xx_hal_pwr_ex.o
                0x000000000800340c                HAL_PWREx_GetVoltageRange
 .text.HAL_PWREx_ControlVoltageScaling
                0x0000000008003428       0xac ./Drivers/STM32L4xx_HAL_Driver/Src/stm32l4xx_hal_pwr_ex.o
                0x0000000008003428                HAL_PWREx_ControlVoltageScaling
 .text.HAL_PWREx_EnableVddUSB
                0x00000000080034d4       0x20 ./Drivers/STM32L4xx_HAL_Driver/Src/stm32l4xx_hal_pwr_ex.o
                0x00000000080034d4                HAL_PWREx_EnableVddUSB
 .text.HAL_QSPI_Init
                0x00000000080034f4       0xec ./Drivers/STM32L4xx_HAL_Driver/Src/stm32l4xx_hal_qspi.o
                0x00000000080034f4                HAL_QSPI_Init
 .text.HAL_QSPI_SetTimeout
                0x00000000080035e0       0x1c ./Drivers/STM32L4xx_HAL_Driver/Src/stm32l4xx_hal_qspi.o
                0x00000000080035e0                HAL_QSPI_SetTimeout
 .text.QSPI_WaitFlagStateUntilTimeout
                0x00000000080035fc       0x6e ./Drivers/STM32L4xx_HAL_Driver/Src/stm32l4xx_hal_qspi.o
 *fill*         0x000000000800366a        0x2 
 .text.HAL_RCC_OscConfig
                0x000000000800366c      0x7d0 ./Drivers/STM32L4xx_HAL_Driver/Src/stm32l4xx_hal_rcc.o
                0x000000000800366c                HAL_RCC_OscConfig
 .text.HAL_RCC_ClockConfig
                0x0000000008003e3c      0x1c4 ./Drivers/STM32L4xx_HAL_Driver/Src/stm32l4xx_hal_rcc.o
                0x0000000008003e3c                HAL_RCC_ClockConfig
 .text.HAL_RCC_GetSysClockFreq
                0x0000000008004000      0x118 ./Drivers/STM32L4xx_HAL_Driver/Src/stm32l4xx_hal_rcc.o
                0x0000000008004000                HAL_RCC_GetSysClockFreq
 .text.HAL_RCC_GetHCLKFreq
                0x0000000008004118       0x18 ./Drivers/STM32L4xx_HAL_Driver/Src/stm32l4xx_hal_rcc.o
                0x0000000008004118                HAL_RCC_GetHCLKFreq
 .text.HAL_RCC_GetPCLK1Freq
                0x0000000008004130       0x2c ./Drivers/STM32L4xx_HAL_Driver/Src/stm32l4xx_hal_rcc.o
                0x0000000008004130                HAL_RCC_GetPCLK1Freq
 .text.HAL_RCC_GetPCLK2Freq
                0x000000000800415c       0x2c ./Drivers/STM32L4xx_HAL_Driver/Src/stm32l4xx_hal_rcc.o
                0x000000000800415c                HAL_RCC_GetPCLK2Freq
 .text.HAL_RCC_GetClockConfig
                0x0000000008004188       0x64 ./Drivers/STM32L4xx_HAL_Driver/Src/stm32l4xx_hal_rcc.o
                0x0000000008004188                HAL_RCC_GetClockConfig
 .text.RCC_SetFlashLatencyFromMSIRange
                0x00000000080041ec       0xc0 ./Drivers/STM32L4xx_HAL_Driver/Src/stm32l4xx_hal_rcc.o
 .text.HAL_RCCEx_PeriphCLKConfig
                0x00000000080042ac      0x5d4 ./Drivers/STM32L4xx_HAL_Driver/Src/stm32l4xx_hal_rcc_ex.o
                0x00000000080042ac                HAL_RCCEx_PeriphCLKConfig
 .text.HAL_RCCEx_EnableMSIPLLMode
                0x0000000008004880       0x20 ./Drivers/STM32L4xx_HAL_Driver/Src/stm32l4xx_hal_rcc_ex.o
                0x0000000008004880                HAL_RCCEx_EnableMSIPLLMode
 .text.RCCEx_PLLSAI1_Config
                0x00000000080048a0      0x1e8 ./Drivers/STM32L4xx_HAL_Driver/Src/stm32l4xx_hal_rcc_ex.o
 .text.RCCEx_PLLSAI2_Config
                0x0000000008004a88      0x1bc ./Drivers/STM32L4xx_HAL_Driver/Src/stm32l4xx_hal_rcc_ex.o
 .text.HAL_SPI_Init
                0x0000000008004c44      0x146 ./Drivers/STM32L4xx_HAL_Driver/Src/stm32l4xx_hal_spi.o
                0x0000000008004c44                HAL_SPI_Init
 .text.HAL_SPI_DeInit
                0x0000000008004d8a       0x50 ./Drivers/STM32L4xx_HAL_Driver/Src/stm32l4xx_hal_spi.o
                0x0000000008004d8a                HAL_SPI_DeInit
 .text.HAL_SPI_Receive
                0x0000000008004dda      0x260 ./Drivers/STM32L4xx_HAL_Driver/Src/stm32l4xx_hal_spi.o
                0x0000000008004dda                HAL_SPI_Receive
 .text.HAL_SPI_TransmitReceive
                0x000000000800503a      0x426 ./Drivers/STM32L4xx_HAL_Driver/Src/stm32l4xx_hal_spi.o
                0x000000000800503a                HAL_SPI_TransmitReceive
 .text.HAL_SPI_Transmit_IT
                0x0000000008005460      0x11c ./Drivers/STM32L4xx_HAL_Driver/Src/stm32l4xx_hal_spi.o
                0x0000000008005460                HAL_SPI_Transmit_IT
 .text.HAL_SPI_Receive_IT
                0x000000000800557c      0x160 ./Drivers/STM32L4xx_HAL_Driver/Src/stm32l4xx_hal_spi.o
                0x000000000800557c                HAL_SPI_Receive_IT
 .text.HAL_SPI_TransmitReceive_IT
                0x00000000080056dc      0x160 ./Drivers/STM32L4xx_HAL_Driver/Src/stm32l4xx_hal_spi.o
                0x00000000080056dc                HAL_SPI_TransmitReceive_IT
 .text.HAL_SPI_IRQHandler
                0x000000000800583c      0x200 ./Drivers/STM32L4xx_HAL_Driver/Src/stm32l4xx_hal_spi.o
                0x000000000800583c                HAL_SPI_IRQHandler
 .text.HAL_SPI_TxRxCpltCallback
                0x0000000008005a3c       0x14 ./Drivers/STM32L4xx_HAL_Driver/Src/stm32l4xx_hal_spi.o
                0x0000000008005a3c                HAL_SPI_TxRxCpltCallback
 .text.HAL_SPI_ErrorCallback
                0x0000000008005a50       0x14 ./Drivers/STM32L4xx_HAL_Driver/Src/stm32l4xx_hal_spi.o
                0x0000000008005a50                HAL_SPI_ErrorCallback
 .text.SPI_DMAAbortOnError
                0x0000000008005a64       0x2a ./Drivers/STM32L4xx_HAL_Driver/Src/stm32l4xx_hal_spi.o
 .text.SPI_2linesRxISR_8BIT
                0x0000000008005a8e       0xbe ./Drivers/STM32L4xx_HAL_Driver/Src/stm32l4xx_hal_spi.o
 .text.SPI_2linesTxISR_8BIT
                0x0000000008005b4c       0x92 ./Drivers/STM32L4xx_HAL_Driver/Src/stm32l4xx_hal_spi.o
 .text.SPI_2linesRxISR_16BIT
                0x0000000008005bde       0x66 ./Drivers/STM32L4xx_HAL_Driver/Src/stm32l4xx_hal_spi.o
 .text.SPI_2linesTxISR_16BIT
                0x0000000008005c44       0x60 ./Drivers/STM32L4xx_HAL_Driver/Src/stm32l4xx_hal_spi.o
 .text.SPI_RxISR_8BIT
                0x0000000008005ca4       0x50 ./Drivers/STM32L4xx_HAL_Driver/Src/stm32l4xx_hal_spi.o
 .text.SPI_RxISR_16BIT
                0x0000000008005cf4       0x4c ./Drivers/STM32L4xx_HAL_Driver/Src/stm32l4xx_hal_spi.o
 .text.SPI_TxISR_8BIT
                0x0000000008005d40       0x46 ./Drivers/STM32L4xx_HAL_Driver/Src/stm32l4xx_hal_spi.o
 .text.SPI_TxISR_16BIT
                0x0000000008005d86       0x44 ./Drivers/STM32L4xx_HAL_Driver/Src/stm32l4xx_hal_spi.o
 *fill*         0x0000000008005dca        0x2 
 .text.SPI_WaitFlagStateUntilTimeout
                0x0000000008005dcc      0x110 ./Drivers/STM32L4xx_HAL_Driver/Src/stm32l4xx_hal_spi.o
 .text.SPI_WaitFifoStateUntilTimeout
                0x0000000008005edc      0x124 ./Drivers/STM32L4xx_HAL_Driver/Src/stm32l4xx_hal_spi.o
 .text.SPI_EndRxTransaction
                0x0000000008006000       0xb0 ./Drivers/STM32L4xx_HAL_Driver/Src/stm32l4xx_hal_spi.o
 .text.SPI_EndRxTxTransaction
                0x00000000080060b0       0x8c ./Drivers/STM32L4xx_HAL_Driver/Src/stm32l4xx_hal_spi.o
 .text.SPI_CloseRxTx_ISR
                0x000000000800613c       0x84 ./Drivers/STM32L4xx_HAL_Driver/Src/stm32l4xx_hal_spi.o
 .text.SPI_CloseRx_ISR
                0x00000000080061c0       0x60 ./Drivers/STM32L4xx_HAL_Driver/Src/stm32l4xx_hal_spi.o
 .text.SPI_CloseTx_ISR
                0x0000000008006220       0x7e ./Drivers/STM32L4xx_HAL_Driver/Src/stm32l4xx_hal_spi.o
 .text.HAL_TIM_Base_Init
                0x000000000800629e       0xae ./Drivers/STM32L4xx_HAL_Driver/Src/stm32l4xx_hal_tim.o
                0x000000000800629e                HAL_TIM_Base_Init
 .text.HAL_TIM_Base_MspInit
                0x000000000800634c       0x14 ./Drivers/STM32L4xx_HAL_Driver/Src/stm32l4xx_hal_tim.o
                0x000000000800634c                HAL_TIM_Base_MspInit
 .text.HAL_TIM_Base_Start_IT
                0x0000000008006360       0xe0 ./Drivers/STM32L4xx_HAL_Driver/Src/stm32l4xx_hal_tim.o
                0x0000000008006360                HAL_TIM_Base_Start_IT
 .text.HAL_TIM_IRQHandler
                0x0000000008006440      0x23e ./Drivers/STM32L4xx_HAL_Driver/Src/stm32l4xx_hal_tim.o
                0x0000000008006440                HAL_TIM_IRQHandler
 .text.HAL_TIM_OC_DelayElapsedCallback
                0x000000000800667e       0x14 ./Drivers/STM32L4xx_HAL_Driver/Src/stm32l4xx_hal_tim.o
                0x000000000800667e                HAL_TIM_OC_DelayElapsedCallback
 .text.HAL_TIM_IC_CaptureCallback
                0x0000000008006692       0x14 ./Drivers/STM32L4xx_HAL_Driver/Src/stm32l4xx_hal_tim.o
                0x0000000008006692                HAL_TIM_IC_CaptureCallback
 .text.HAL_TIM_PWM_PulseFinishedCallback
                0x00000000080066a6       0x14 ./Drivers/STM32L4xx_HAL_Driver/Src/stm32l4xx_hal_tim.o
                0x00000000080066a6                HAL_TIM_PWM_PulseFinishedCallback
 .text.HAL_TIM_TriggerCallback
                0x00000000080066ba       0x14 ./Drivers/STM32L4xx_HAL_Driver/Src/stm32l4xx_hal_tim.o
                0x00000000080066ba                HAL_TIM_TriggerCallback
 *fill*         0x00000000080066ce        0x2 
 .text.TIM_Base_SetConfig
                0x00000000080066d0      0x134 ./Drivers/STM32L4xx_HAL_Driver/Src/stm32l4xx_hal_tim.o
                0x00000000080066d0                TIM_Base_SetConfig
 .text.HAL_TIMEx_CommutCallback
                0x0000000008006804       0x14 ./Drivers/STM32L4xx_HAL_Driver/Src/stm32l4xx_hal_tim_ex.o
                0x0000000008006804                HAL_TIMEx_CommutCallback
 .text.HAL_TIMEx_BreakCallback
                0x0000000008006818       0x14 ./Drivers/STM32L4xx_HAL_Driver/Src/stm32l4xx_hal_tim_ex.o
                0x0000000008006818                HAL_TIMEx_BreakCallback
 .text.HAL_TIMEx_Break2Callback
                0x000000000800682c       0x14 ./Drivers/STM32L4xx_HAL_Driver/Src/stm32l4xx_hal_tim_ex.o
                0x000000000800682c                HAL_TIMEx_Break2Callback
 .text.HAL_UART_Init
                0x0000000008006840       0x9c ./Drivers/STM32L4xx_HAL_Driver/Src/stm32l4xx_hal_uart.o
                0x0000000008006840                HAL_UART_Init
 .text.UART_SetConfig
                0x00000000080068dc      0x574 ./Drivers/STM32L4xx_HAL_Driver/Src/stm32l4xx_hal_uart.o
                0x00000000080068dc                UART_SetConfig
 .text.UART_AdvFeatureConfig
                0x0000000008006e50      0x144 ./Drivers/STM32L4xx_HAL_Driver/Src/stm32l4xx_hal_uart.o
                0x0000000008006e50                UART_AdvFeatureConfig
 .text.UART_CheckIdleState
                0x0000000008006f94       0x92 ./Drivers/STM32L4xx_HAL_Driver/Src/stm32l4xx_hal_uart.o
                0x0000000008006f94                UART_CheckIdleState
 .text.UART_WaitOnFlagUntilTimeout
                0x0000000008007026       0xf8 ./Drivers/STM32L4xx_HAL_Driver/Src/stm32l4xx_hal_uart.o
                0x0000000008007026                UART_WaitOnFlagUntilTimeout
 .text.USB_CoreInit
                0x000000000800711e       0x58 ./Drivers/STM32L4xx_HAL_Driver/Src/stm32l4xx_ll_usb.o
                0x000000000800711e                USB_CoreInit
 .text.USB_DisableGlobalInt
                0x0000000008007176       0x22 ./Drivers/STM32L4xx_HAL_Driver/Src/stm32l4xx_ll_usb.o
                0x0000000008007176                USB_DisableGlobalInt
 .text.USB_SetCurrentMode
                0x0000000008007198       0x54 ./Drivers/STM32L4xx_HAL_Driver/Src/stm32l4xx_ll_usb.o
                0x0000000008007198                USB_SetCurrentMode
 .text.USB_DevInit
                0x00000000080071ec      0x298 ./Drivers/STM32L4xx_HAL_Driver/Src/stm32l4xx_ll_usb.o
                0x00000000080071ec                USB_DevInit
 .text.USB_FlushTxFifo
                0x0000000008007484       0x4c ./Drivers/STM32L4xx_HAL_Driver/Src/stm32l4xx_ll_usb.o
                0x0000000008007484                USB_FlushTxFifo
 .text.USB_FlushRxFifo
                0x00000000080074d0       0x44 ./Drivers/STM32L4xx_HAL_Driver/Src/stm32l4xx_ll_usb.o
                0x00000000080074d0                USB_FlushRxFifo
 .text.USB_SetDevSpeed
                0x0000000008007514       0x32 ./Drivers/STM32L4xx_HAL_Driver/Src/stm32l4xx_ll_usb.o
                0x0000000008007514                USB_SetDevSpeed
 .text.USB_DevDisconnect
                0x0000000008007546       0x42 ./Drivers/STM32L4xx_HAL_Driver/Src/stm32l4xx_ll_usb.o
                0x0000000008007546                USB_DevDisconnect
 .text.USB_CoreReset
                0x0000000008007588       0x68 ./Drivers/STM32L4xx_HAL_Driver/Src/stm32l4xx_ll_usb.o
 .text.I2Cx_MspInit
                0x00000000080075f0       0xb0 ./L4_IOT_Sensors/Drivers/BSP/B-L475E-IOT01/stm32l475e_iot01.o
 .text.I2Cx_Init
                0x00000000080076a0       0x5c ./L4_IOT_Sensors/Drivers/BSP/B-L475E-IOT01/stm32l475e_iot01.o
 .text.I2Cx_ReadMultiple
                0x00000000080076fc       0x5a ./L4_IOT_Sensors/Drivers/BSP/B-L475E-IOT01/stm32l475e_iot01.o
 .text.I2Cx_WriteMultiple
                0x0000000008007756       0x5a ./L4_IOT_Sensors/Drivers/BSP/B-L475E-IOT01/stm32l475e_iot01.o
 .text.I2Cx_Error
                0x00000000080077b0       0x20 ./L4_IOT_Sensors/Drivers/BSP/B-L475E-IOT01/stm32l475e_iot01.o
 .text.SENSOR_IO_Init
                0x00000000080077d0       0x14 ./L4_IOT_Sensors/Drivers/BSP/B-L475E-IOT01/stm32l475e_iot01.o
                0x00000000080077d0                SENSOR_IO_Init
 .text.SENSOR_IO_Write
                0x00000000080077e4       0x34 ./L4_IOT_Sensors/Drivers/BSP/B-L475E-IOT01/stm32l475e_iot01.o
                0x00000000080077e4                SENSOR_IO_Write
 .text.SENSOR_IO_Read
                0x0000000008007818       0x3c ./L4_IOT_Sensors/Drivers/BSP/B-L475E-IOT01/stm32l475e_iot01.o
                0x0000000008007818                SENSOR_IO_Read
 .text.SENSOR_IO_ReadMultiple
                0x0000000008007854       0x3c ./L4_IOT_Sensors/Drivers/BSP/B-L475E-IOT01/stm32l475e_iot01.o
                0x0000000008007854                SENSOR_IO_ReadMultiple
 .text.BSP_ACCELERO_Init
                0x0000000008007890       0x7c ./L4_IOT_Sensors/Drivers/BSP/B-L475E-IOT01/stm32l475e_iot01_accelero.o
                0x0000000008007890                BSP_ACCELERO_Init
 .text.BSP_ACCELERO_AccGetXYZ
                0x000000000800790c       0x30 ./L4_IOT_Sensors/Drivers/BSP/B-L475E-IOT01/stm32l475e_iot01_accelero.o
                0x000000000800790c                BSP_ACCELERO_AccGetXYZ
 .text.LSM6DSL_AccInit
                0x000000000800793c       0x72 ./L4_IOT_Sensors/Drivers/BSP/Components/lsm6dsl/lsm6dsl.o
                0x000000000800793c                LSM6DSL_AccInit
 .text.LSM6DSL_AccDeInit
                0x00000000080079ae       0x32 ./L4_IOT_Sensors/Drivers/BSP/Components/lsm6dsl/lsm6dsl.o
                0x00000000080079ae                LSM6DSL_AccDeInit
 .text.LSM6DSL_AccReadID
                0x00000000080079e0       0x16 ./L4_IOT_Sensors/Drivers/BSP/Components/lsm6dsl/lsm6dsl.o
                0x00000000080079e0                LSM6DSL_AccReadID
 .text.LSM6DSL_AccLowPower
                0x00000000080079f6       0x44 ./L4_IOT_Sensors/Drivers/BSP/Components/lsm6dsl/lsm6dsl.o
                0x00000000080079f6                LSM6DSL_AccLowPower
 *fill*         0x0000000008007a3a        0x2 
 .text.LSM6DSL_AccReadXYZ
                0x0000000008007a3c      0x130 ./L4_IOT_Sensors/Drivers/BSP/Components/lsm6dsl/lsm6dsl.o
                0x0000000008007a3c                LSM6DSL_AccReadXYZ
 .text.Hex2Num  0x0000000008007b6c       0x54 ./Libraries/WIFI/es_wifi.o
 .text.ParseHexNumber
                0x0000000008007bc0       0x80 ./Libraries/WIFI/es_wifi.o
 .text.ParseNumber
                0x0000000008007c40       0x88 ./Libraries/WIFI/es_wifi.o
 .text.ParseMAC
                0x0000000008007cc8       0x56 ./Libraries/WIFI/es_wifi.o
 .text.ParseIP  0x0000000008007d1e       0x56 ./Libraries/WIFI/es_wifi.o
 .text.AT_ParseInfo
                0x0000000008007d74       0xec ./Libraries/WIFI/es_wifi.o
 .text.AT_ParseConnSettings
                0x0000000008007e60      0x160 ./Libraries/WIFI/es_wifi.o
 .text.AT_ParseIsConnected
                0x0000000008007fc0       0x2c ./Libraries/WIFI/es_wifi.o
 .text.AT_ExecuteCommand
                0x0000000008007fec       0xcc ./Libraries/WIFI/es_wifi.o
 .text.ES_WIFI_Init
                0x00000000080080b8       0x5c ./Libraries/WIFI/es_wifi.o
                0x00000000080080b8                ES_WIFI_Init
 .text.ES_WIFI_RegisterBusIO
                0x0000000008008114       0x66 ./Libraries/WIFI/es_wifi.o
                0x0000000008008114                ES_WIFI_RegisterBusIO
 *fill*         0x000000000800817a        0x2 
 .text.ES_WIFI_Connect
                0x000000000800817c       0xf0 ./Libraries/WIFI/es_wifi.o
                0x000000000800817c                ES_WIFI_Connect
 .text.ES_WIFI_IsConnected
                0x000000000800826c       0x58 ./Libraries/WIFI/es_wifi.o
                0x000000000800826c                ES_WIFI_IsConnected
 .text.ES_WIFI_GetNetworkSettings
                0x00000000080082c4       0x54 ./Libraries/WIFI/es_wifi.o
                0x00000000080082c4                ES_WIFI_GetNetworkSettings
 .text.ES_WIFI_GetMACAddress
                0x0000000008008318       0x64 ./Libraries/WIFI/es_wifi.o
                0x0000000008008318                ES_WIFI_GetMACAddress
 .text.SPI_WIFI_MspInit
                0x000000000800837c      0x178 ./Libraries/WIFI/es_wifi_io.o
                0x000000000800837c                SPI_WIFI_MspInit
 .text.SPI_WIFI_Init
                0x00000000080084f4       0xbc ./Libraries/WIFI/es_wifi_io.o
                0x00000000080084f4                SPI_WIFI_Init
 .text.SPI_WIFI_ResetModule
                0x00000000080085b0       0xe0 ./Libraries/WIFI/es_wifi_io.o
                0x00000000080085b0                SPI_WIFI_ResetModule
 .text.SPI_WIFI_DeInit
                0x0000000008008690       0x14 ./Libraries/WIFI/es_wifi_io.o
                0x0000000008008690                SPI_WIFI_DeInit
 .text.wait_cmddata_rdy_high
                0x00000000080086a4       0x44 ./Libraries/WIFI/es_wifi_io.o
 .text.wait_cmddata_rdy_rising_event
                0x00000000080086e8       0x40 ./Libraries/WIFI/es_wifi_io.o
 .text.wait_spi_rx_event
                0x0000000008008728       0x40 ./Libraries/WIFI/es_wifi_io.o
 .text.wait_spi_tx_event
                0x0000000008008768       0x40 ./Libraries/WIFI/es_wifi_io.o
 .text.SPI_WIFI_ReceiveData
                0x00000000080087a8       0xf4 ./Libraries/WIFI/es_wifi_io.o
                0x00000000080087a8                SPI_WIFI_ReceiveData
 .text.SPI_WIFI_SendData
                0x000000000800889c       0xdc ./Libraries/WIFI/es_wifi_io.o
                0x000000000800889c                SPI_WIFI_SendData
 .text.SPI_WIFI_Delay
                0x0000000008008978       0x16 ./Libraries/WIFI/es_wifi_io.o
                0x0000000008008978                SPI_WIFI_Delay
 *fill*         0x000000000800898e        0x2 
 .text.SPI_WIFI_DelayUs
                0x0000000008008990       0xa4 ./Libraries/WIFI/es_wifi_io.o
 .text.HAL_SPI_RxCpltCallback
                0x0000000008008a34       0x28 ./Libraries/WIFI/es_wifi_io.o
                0x0000000008008a34                HAL_SPI_RxCpltCallback
 .text.HAL_SPI_TxCpltCallback
                0x0000000008008a5c       0x28 ./Libraries/WIFI/es_wifi_io.o
                0x0000000008008a5c                HAL_SPI_TxCpltCallback
 .text.SPI_WIFI_ISR
                0x0000000008008a84       0x20 ./Libraries/WIFI/es_wifi_io.o
                0x0000000008008a84                SPI_WIFI_ISR
 .text.WIFI_Init
                0x0000000008008aa4       0x58 ./Libraries/WIFI/wifi.o
                0x0000000008008aa4                WIFI_Init
 .text.WIFI_Connect
                0x0000000008008afc       0x44 ./Libraries/WIFI/wifi.o
                0x0000000008008afc                WIFI_Connect
 .text.WIFI_GetMAC_Address
                0x0000000008008b40       0x2c ./Libraries/WIFI/wifi.o
                0x0000000008008b40                WIFI_GetMAC_Address
 .text.WIFI_GetIP_Address
                0x0000000008008b6c       0x38 ./Libraries/WIFI/wifi.o
                0x0000000008008b6c                WIFI_GetIP_Address
 .text.__NVIC_SetPriority
                0x0000000008008ba4       0x54 ./Middlewares/Third_Party/FreeRTOS/Source/CMSIS_RTOS_V2/cmsis_os2.o
 .text.SysTick_Handler
                0x0000000008008bf8       0x20 ./Middlewares/Third_Party/FreeRTOS/Source/CMSIS_RTOS_V2/cmsis_os2.o
                0x0000000008008bf8                SysTick_Handler
 .text.SVC_Setup
                0x0000000008008c18       0x12 ./Middlewares/Third_Party/FreeRTOS/Source/CMSIS_RTOS_V2/cmsis_os2.o
 *fill*         0x0000000008008c2a        0x2 
 .text.osKernelInitialize
                0x0000000008008c2c       0x48 ./Middlewares/Third_Party/FreeRTOS/Source/CMSIS_RTOS_V2/cmsis_os2.o
                0x0000000008008c2c                osKernelInitialize
 .text.osKernelStart
                0x0000000008008c74       0x4c ./Middlewares/Third_Party/FreeRTOS/Source/CMSIS_RTOS_V2/cmsis_os2.o
                0x0000000008008c74                osKernelStart
 .text.osKernelGetTickCount
                0x0000000008008cc0       0x2a ./Middlewares/Third_Party/FreeRTOS/Source/CMSIS_RTOS_V2/cmsis_os2.o
                0x0000000008008cc0                osKernelGetTickCount
 .text.osThreadNew
                0x0000000008008cea      0x124 ./Middlewares/Third_Party/FreeRTOS/Source/CMSIS_RTOS_V2/cmsis_os2.o
                0x0000000008008cea                osThreadNew
 *fill*         0x0000000008008e0e        0x2 
 .text.osThreadFlagsSet
                0x0000000008008e10       0x9c ./Middlewares/Third_Party/FreeRTOS/Source/CMSIS_RTOS_V2/cmsis_os2.o
                0x0000000008008e10                osThreadFlagsSet
 .text.osThreadFlagsWait
                0x0000000008008eac      0x102 ./Middlewares/Third_Party/FreeRTOS/Source/CMSIS_RTOS_V2/cmsis_os2.o
                0x0000000008008eac                osThreadFlagsWait
 .text.osDelay  0x0000000008008fae       0x36 ./Middlewares/Third_Party/FreeRTOS/Source/CMSIS_RTOS_V2/cmsis_os2.o
                0x0000000008008fae                osDelay
 .text.osMessageQueueNew
                0x0000000008008fe4       0xe6 ./Middlewares/Third_Party/FreeRTOS/Source/CMSIS_RTOS_V2/cmsis_os2.o
                0x0000000008008fe4                osMessageQueueNew
 *fill*         0x00000000080090ca        0x2 
 .text.osMessageQueuePut
                0x00000000080090cc       0xc0 ./Middlewares/Third_Party/FreeRTOS/Source/CMSIS_RTOS_V2/cmsis_os2.o
                0x00000000080090cc                osMessageQueuePut
 .text.osMessageQueueGet
                0x000000000800918c       0xbc ./Middlewares/Third_Party/FreeRTOS/Source/CMSIS_RTOS_V2/cmsis_os2.o
                0x000000000800918c                osMessageQueueGet
 .text.osMessageQueueGetSpace
                0x0000000008009248       0x6a ./Middlewares/Third_Party/FreeRTOS/Source/CMSIS_RTOS_V2/cmsis_os2.o
                0x0000000008009248                osMessageQueueGetSpace
 .text.osMessageQueueReset
                0x00000000080092b2       0x44 ./Middlewares/Third_Party/FreeRTOS/Source/CMSIS_RTOS_V2/cmsis_os2.o
                0x00000000080092b2                osMessageQueueReset
 *fill*         0x00000000080092f6        0x2 
 .text.vApplicationGetIdleTaskMemory
                0x00000000080092f8       0x34 ./Middlewares/Third_Party/FreeRTOS/Source/CMSIS_RTOS_V2/cmsis_os2.o
                0x00000000080092f8                vApplicationGetIdleTaskMemory
 .text.vApplicationGetTimerTaskMemory
                0x000000000800932c       0x34 ./Middlewares/Third_Party/FreeRTOS/Source/CMSIS_RTOS_V2/cmsis_os2.o
                0x000000000800932c                vApplicationGetTimerTaskMemory
 .text.vListInitialise
                0x0000000008009360       0x40 ./Middlewares/Third_Party/FreeRTOS/Source/list.o
                0x0000000008009360                vListInitialise
 .text.vListInitialiseItem
                0x00000000080093a0       0x1a ./Middlewares/Third_Party/FreeRTOS/Source/list.o
                0x00000000080093a0                vListInitialiseItem
 .text.vListInsertEnd
                0x00000000080093ba       0x48 ./Middlewares/Third_Party/FreeRTOS/Source/list.o
                0x00000000080093ba                vListInsertEnd
 .text.vListInsert
                0x0000000008009402       0x72 ./Middlewares/Third_Party/FreeRTOS/Source/list.o
                0x0000000008009402                vListInsert
 .text.uxListRemove
                0x0000000008009474       0x54 ./Middlewares/Third_Party/FreeRTOS/Source/list.o
                0x0000000008009474                uxListRemove
 .text.xQueueGenericReset
                0x00000000080094c8       0xd0 ./Middlewares/Third_Party/FreeRTOS/Source/queue.o
                0x00000000080094c8                xQueueGenericReset
 .text.xQueueGenericCreateStatic
                0x0000000008009598       0xf0 ./Middlewares/Third_Party/FreeRTOS/Source/queue.o
                0x0000000008009598                xQueueGenericCreateStatic
 .text.xQueueGenericCreate
                0x0000000008009688       0x74 ./Middlewares/Third_Party/FreeRTOS/Source/queue.o
                0x0000000008009688                xQueueGenericCreate
 .text.prvInitialiseNewQueue
                0x00000000080096fc       0x46 ./Middlewares/Third_Party/FreeRTOS/Source/queue.o
 *fill*         0x0000000008009742        0x2 
 .text.xQueueGenericSend
                0x0000000008009744      0x1fc ./Middlewares/Third_Party/FreeRTOS/Source/queue.o
                0x0000000008009744                xQueueGenericSend
 .text.xQueueGenericSendFromISR
                0x0000000008009940      0x136 ./Middlewares/Third_Party/FreeRTOS/Source/queue.o
                0x0000000008009940                xQueueGenericSendFromISR
 *fill*         0x0000000008009a76        0x2 
 .text.xQueueReceive
                0x0000000008009a78      0x1c0 ./Middlewares/Third_Party/FreeRTOS/Source/queue.o
                0x0000000008009a78                xQueueReceive
 .text.xQueueReceiveFromISR
                0x0000000008009c38      0x100 ./Middlewares/Third_Party/FreeRTOS/Source/queue.o
                0x0000000008009c38                xQueueReceiveFromISR
 .text.uxQueueSpacesAvailable
                0x0000000008009d38       0x46 ./Middlewares/Third_Party/FreeRTOS/Source/queue.o
                0x0000000008009d38                uxQueueSpacesAvailable
 .text.prvCopyDataToQueue
                0x0000000008009d7e       0xd4 ./Middlewares/Third_Party/FreeRTOS/Source/queue.o
 .text.prvCopyDataFromQueue
                0x0000000008009e52       0x4c ./Middlewares/Third_Party/FreeRTOS/Source/queue.o
 .text.prvUnlockQueue
                0x0000000008009e9e       0xa4 ./Middlewares/Third_Party/FreeRTOS/Source/queue.o
 .text.prvIsQueueEmpty
                0x0000000008009f42       0x2c ./Middlewares/Third_Party/FreeRTOS/Source/queue.o
 .text.prvIsQueueFull
                0x0000000008009f6e       0x30 ./Middlewares/Third_Party/FreeRTOS/Source/queue.o
 *fill*         0x0000000008009f9e        0x2 
 .text.vQueueAddToRegistry
                0x0000000008009fa0       0x54 ./Middlewares/Third_Party/FreeRTOS/Source/queue.o
                0x0000000008009fa0                vQueueAddToRegistry
 .text.vQueueWaitForMessageRestricted
                0x0000000008009ff4       0x68 ./Middlewares/Third_Party/FreeRTOS/Source/queue.o
                0x0000000008009ff4                vQueueWaitForMessageRestricted
 .text.xTaskCreateStatic
                0x000000000800a05c       0xba ./Middlewares/Third_Party/FreeRTOS/Source/tasks.o
                0x000000000800a05c                xTaskCreateStatic
 .text.xTaskCreate
                0x000000000800a116       0x8a ./Middlewares/Third_Party/FreeRTOS/Source/tasks.o
                0x000000000800a116                xTaskCreate
 .text.prvInitialiseNewTask
                0x000000000800a1a0      0x14c ./Middlewares/Third_Party/FreeRTOS/Source/tasks.o
 .text.prvAddNewTaskToReadyList
                0x000000000800a2ec       0xe0 ./Middlewares/Third_Party/FreeRTOS/Source/tasks.o
 .text.vTaskDelay
                0x000000000800a3cc       0x68 ./Middlewares/Third_Party/FreeRTOS/Source/tasks.o
                0x000000000800a3cc                vTaskDelay
 .text.vTaskStartScheduler
                0x000000000800a434       0xe0 ./Middlewares/Third_Party/FreeRTOS/Source/tasks.o
                0x000000000800a434                vTaskStartScheduler
 .text.vTaskSuspendAll
                0x000000000800a514       0x1c ./Middlewares/Third_Party/FreeRTOS/Source/tasks.o
                0x000000000800a514                vTaskSuspendAll
 .text.xTaskResumeAll
                0x000000000800a530      0x13c ./Middlewares/Third_Party/FreeRTOS/Source/tasks.o
                0x000000000800a530                xTaskResumeAll
 .text.xTaskGetTickCount
                0x000000000800a66c       0x20 ./Middlewares/Third_Party/FreeRTOS/Source/tasks.o
                0x000000000800a66c                xTaskGetTickCount
 .text.xTaskGetTickCountFromISR
                0x000000000800a68c       0x24 ./Middlewares/Third_Party/FreeRTOS/Source/tasks.o
                0x000000000800a68c                xTaskGetTickCountFromISR
 .text.xTaskIncrementTick
                0x000000000800a6b0      0x174 ./Middlewares/Third_Party/FreeRTOS/Source/tasks.o
                0x000000000800a6b0                xTaskIncrementTick
 .text.vTaskSwitchContext
                0x000000000800a824       0xc8 ./Middlewares/Third_Party/FreeRTOS/Source/tasks.o
                0x000000000800a824                vTaskSwitchContext
 .text.vTaskPlaceOnEventList
                0x000000000800a8ec       0x48 ./Middlewares/Third_Party/FreeRTOS/Source/tasks.o
                0x000000000800a8ec                vTaskPlaceOnEventList
 .text.vTaskPlaceOnEventListRestricted
                0x000000000800a934       0x58 ./Middlewares/Third_Party/FreeRTOS/Source/tasks.o
                0x000000000800a934                vTaskPlaceOnEventListRestricted
 .text.xTaskRemoveFromEventList
                0x000000000800a98c       0xc8 ./Middlewares/Third_Party/FreeRTOS/Source/tasks.o
                0x000000000800a98c                xTaskRemoveFromEventList
 .text.vTaskInternalSetTimeOutState
                0x000000000800aa54       0x2c ./Middlewares/Third_Party/FreeRTOS/Source/tasks.o
                0x000000000800aa54                vTaskInternalSetTimeOutState
 .text.xTaskCheckForTimeOut
                0x000000000800aa80       0xc4 ./Middlewares/Third_Party/FreeRTOS/Source/tasks.o
                0x000000000800aa80                xTaskCheckForTimeOut
 .text.vTaskMissedYield
                0x000000000800ab44       0x18 ./Middlewares/Third_Party/FreeRTOS/Source/tasks.o
                0x000000000800ab44                vTaskMissedYield
 .text.prvIdleTask
                0x000000000800ab5c       0x30 ./Middlewares/Third_Party/FreeRTOS/Source/tasks.o
 .text.prvInitialiseTaskLists
                0x000000000800ab8c       0x80 ./Middlewares/Third_Party/FreeRTOS/Source/tasks.o
 .text.prvCheckTasksWaitingTermination
                0x000000000800ac0c       0x5c ./Middlewares/Third_Party/FreeRTOS/Source/tasks.o
 .text.prvDeleteTCB
                0x000000000800ac68       0x68 ./Middlewares/Third_Party/FreeRTOS/Source/tasks.o
 .text.prvResetNextTaskUnblockTime
                0x000000000800acd0       0x40 ./Middlewares/Third_Party/FreeRTOS/Source/tasks.o
 .text.xTaskGetSchedulerState
                0x000000000800ad10       0x3c ./Middlewares/Third_Party/FreeRTOS/Source/tasks.o
                0x000000000800ad10                xTaskGetSchedulerState
 .text.xTaskPriorityDisinherit
                0x000000000800ad4c       0xdc ./Middlewares/Third_Party/FreeRTOS/Source/tasks.o
                0x000000000800ad4c                xTaskPriorityDisinherit
 .text.xTaskNotifyWait
                0x000000000800ae28       0xc0 ./Middlewares/Third_Party/FreeRTOS/Source/tasks.o
                0x000000000800ae28                xTaskNotifyWait
 .text.xTaskGenericNotify
                0x000000000800aee8      0x17c ./Middlewares/Third_Party/FreeRTOS/Source/tasks.o
                0x000000000800aee8                xTaskGenericNotify
 .text.xTaskGenericNotifyFromISR
                0x000000000800b064      0x1c8 ./Middlewares/Third_Party/FreeRTOS/Source/tasks.o
                0x000000000800b064                xTaskGenericNotifyFromISR
 .text.prvAddCurrentTaskToDelayedList
                0x000000000800b22c       0xa8 ./Middlewares/Third_Party/FreeRTOS/Source/tasks.o
 .text.xTimerCreateTimerTask
                0x000000000800b2d4       0x90 ./Middlewares/Third_Party/FreeRTOS/Source/timers.o
                0x000000000800b2d4                xTimerCreateTimerTask
 .text.xTimerGenericCommand
                0x000000000800b364       0x9c ./Middlewares/Third_Party/FreeRTOS/Source/timers.o
                0x000000000800b364                xTimerGenericCommand
 .text.prvProcessExpiredTimer
                0x000000000800b400       0x98 ./Middlewares/Third_Party/FreeRTOS/Source/timers.o
 .text.prvTimerTask
                0x000000000800b498       0x24 ./Middlewares/Third_Party/FreeRTOS/Source/timers.o
 .text.prvProcessTimerOrBlockTask
                0x000000000800b4bc       0x9c ./Middlewares/Third_Party/FreeRTOS/Source/timers.o
 .text.prvGetNextExpireTime
                0x000000000800b558       0x48 ./Middlewares/Third_Party/FreeRTOS/Source/timers.o
 .text.prvSampleTimeNow
                0x000000000800b5a0       0x40 ./Middlewares/Third_Party/FreeRTOS/Source/timers.o
 .text.prvInsertTimerInActiveList
                0x000000000800b5e0       0x84 ./Middlewares/Third_Party/FreeRTOS/Source/timers.o
 .text.prvProcessReceivedCommands
                0x000000000800b664      0x1c4 ./Middlewares/Third_Party/FreeRTOS/Source/timers.o
 .text.prvSwitchTimerLists
                0x000000000800b828       0xc8 ./Middlewares/Third_Party/FreeRTOS/Source/timers.o
 .text.prvCheckForValidListAndQueue
                0x000000000800b8f0       0x80 ./Middlewares/Third_Party/FreeRTOS/Source/timers.o
 .text.pxPortInitialiseStack
                0x000000000800b970       0x68 ./Middlewares/Third_Party/FreeRTOS/Source/portable/GCC/ARM_CM4F/port.o
                0x000000000800b970                pxPortInitialiseStack
 .text.prvTaskExitError
                0x000000000800b9d8       0x58 ./Middlewares/Third_Party/FreeRTOS/Source/portable/GCC/ARM_CM4F/port.o
 .text.SVC_Handler
                0x000000000800ba30       0x28 ./Middlewares/Third_Party/FreeRTOS/Source/portable/GCC/ARM_CM4F/port.o
                0x000000000800ba30                SVC_Handler
 .text.prvPortStartFirstTask
                0x000000000800ba58       0x28 ./Middlewares/Third_Party/FreeRTOS/Source/portable/GCC/ARM_CM4F/port.o
 .text.xPortStartScheduler
                0x000000000800ba80      0x144 ./Middlewares/Third_Party/FreeRTOS/Source/portable/GCC/ARM_CM4F/port.o
                0x000000000800ba80                xPortStartScheduler
 .text.vPortEnterCritical
                0x000000000800bbc4       0x60 ./Middlewares/Third_Party/FreeRTOS/Source/portable/GCC/ARM_CM4F/port.o
                0x000000000800bbc4                vPortEnterCritical
 .text.vPortExitCritical
                0x000000000800bc24       0x54 ./Middlewares/Third_Party/FreeRTOS/Source/portable/GCC/ARM_CM4F/port.o
                0x000000000800bc24                vPortExitCritical
 *fill*         0x000000000800bc78        0x8 
 .text.PendSV_Handler
                0x000000000800bc80       0x68 ./Middlewares/Third_Party/FreeRTOS/Source/portable/GCC/ARM_CM4F/port.o
                0x000000000800bc80                PendSV_Handler
 .text.xPortSysTickHandler
                0x000000000800bce8       0x44 ./Middlewares/Third_Party/FreeRTOS/Source/portable/GCC/ARM_CM4F/port.o
                0x000000000800bce8                xPortSysTickHandler
 .text.vPortSetupTimerInterrupt
                0x000000000800bd2c       0x48 ./Middlewares/Third_Party/FreeRTOS/Source/portable/GCC/ARM_CM4F/port.o
                0x000000000800bd2c                vPortSetupTimerInterrupt
 .text.vPortEnableVFP
                0x000000000800bd74       0x14 ./Middlewares/Third_Party/FreeRTOS/Source/portable/GCC/ARM_CM4F/port.o
 .text.vPortValidateInterruptPriority
                0x000000000800bd88       0x80 ./Middlewares/Third_Party/FreeRTOS/Source/portable/GCC/ARM_CM4F/port.o
                0x000000000800bd88                vPortValidateInterruptPriority
 .text.pvPortMalloc
                0x000000000800be08      0x198 ./Middlewares/Third_Party/FreeRTOS/Source/portable/MemMang/heap_4.o
                0x000000000800be08                pvPortMalloc
 .text.vPortFree
                0x000000000800bfa0       0xc4 ./Middlewares/Third_Party/FreeRTOS/Source/portable/MemMang/heap_4.o
                0x000000000800bfa0                vPortFree
 .text.prvHeapInit
                0x000000000800c064       0xc4 ./Middlewares/Third_Party/FreeRTOS/Source/portable/MemMang/heap_4.o
 .text.prvInsertBlockIntoFreeList
                0x000000000800c128       0xb4 ./Middlewares/Third_Party/FreeRTOS/Source/portable/MemMang/heap_4.o
 .text.__errno  0x000000000800c1dc        0xc c:/st/stm32cubeide_1.11.0/stm32cubeide/plugins/com.st.stm32cube.ide.mcu.externaltools.gnu-tools-for-stm32.10.3-2021.10.win32_1.0.100.202210260954/tools/bin/../lib/gcc/arm-none-eabi/10.3.1/../../../../arm-none-eabi/lib/thumb/v7e-m+fp/hard\libc_nano.a(lib_a-errno.o)
                0x000000000800c1dc                __errno
 .text.std      0x000000000800c1e8       0x48 c:/st/stm32cubeide_1.11.0/stm32cubeide/plugins/com.st.stm32cube.ide.mcu.externaltools.gnu-tools-for-stm32.10.3-2021.10.win32_1.0.100.202210260954/tools/bin/../lib/gcc/arm-none-eabi/10.3.1/../../../../arm-none-eabi/lib/thumb/v7e-m+fp/hard\libc_nano.a(lib_a-findfp.o)
 .text._cleanup_r
                0x000000000800c230        0xc c:/st/stm32cubeide_1.11.0/stm32cubeide/plugins/com.st.stm32cube.ide.mcu.externaltools.gnu-tools-for-stm32.10.3-2021.10.win32_1.0.100.202210260954/tools/bin/../lib/gcc/arm-none-eabi/10.3.1/../../../../arm-none-eabi/lib/thumb/v7e-m+fp/hard\libc_nano.a(lib_a-findfp.o)
                0x000000000800c230                _cleanup_r
 .text.__sfmoreglue
                0x000000000800c23c       0x2c c:/st/stm32cubeide_1.11.0/stm32cubeide/plugins/com.st.stm32cube.ide.mcu.externaltools.gnu-tools-for-stm32.10.3-2021.10.win32_1.0.100.202210260954/tools/bin/../lib/gcc/arm-none-eabi/10.3.1/../../../../arm-none-eabi/lib/thumb/v7e-m+fp/hard\libc_nano.a(lib_a-findfp.o)
                0x000000000800c23c                __sfmoreglue
 .text.__sfp_lock_acquire
                0x000000000800c268        0xc c:/st/stm32cubeide_1.11.0/stm32cubeide/plugins/com.st.stm32cube.ide.mcu.externaltools.gnu-tools-for-stm32.10.3-2021.10.win32_1.0.100.202210260954/tools/bin/../lib/gcc/arm-none-eabi/10.3.1/../../../../arm-none-eabi/lib/thumb/v7e-m+fp/hard\libc_nano.a(lib_a-findfp.o)
                0x000000000800c268                __sfp_lock_acquire
 .text.__sfp_lock_release
                0x000000000800c274        0xc c:/st/stm32cubeide_1.11.0/stm32cubeide/plugins/com.st.stm32cube.ide.mcu.externaltools.gnu-tools-for-stm32.10.3-2021.10.win32_1.0.100.202210260954/tools/bin/../lib/gcc/arm-none-eabi/10.3.1/../../../../arm-none-eabi/lib/thumb/v7e-m+fp/hard\libc_nano.a(lib_a-findfp.o)
                0x000000000800c274                __sfp_lock_release
 .text.__sinit_lock_acquire
                0x000000000800c280        0xc c:/st/stm32cubeide_1.11.0/stm32cubeide/plugins/com.st.stm32cube.ide.mcu.externaltools.gnu-tools-for-stm32.10.3-2021.10.win32_1.0.100.202210260954/tools/bin/../lib/gcc/arm-none-eabi/10.3.1/../../../../arm-none-eabi/lib/thumb/v7e-m+fp/hard\libc_nano.a(lib_a-findfp.o)
                0x000000000800c280                __sinit_lock_acquire
 .text.__sinit_lock_release
                0x000000000800c28c        0xc c:/st/stm32cubeide_1.11.0/stm32cubeide/plugins/com.st.stm32cube.ide.mcu.externaltools.gnu-tools-for-stm32.10.3-2021.10.win32_1.0.100.202210260954/tools/bin/../lib/gcc/arm-none-eabi/10.3.1/../../../../arm-none-eabi/lib/thumb/v7e-m+fp/hard\libc_nano.a(lib_a-findfp.o)
                0x000000000800c28c                __sinit_lock_release
 .text.__sinit  0x000000000800c298       0x70 c:/st/stm32cubeide_1.11.0/stm32cubeide/plugins/com.st.stm32cube.ide.mcu.externaltools.gnu-tools-for-stm32.10.3-2021.10.win32_1.0.100.202210260954/tools/bin/../lib/gcc/arm-none-eabi/10.3.1/../../../../arm-none-eabi/lib/thumb/v7e-m+fp/hard\libc_nano.a(lib_a-findfp.o)
                0x000000000800c298                __sinit
 .text.__sfp    0x000000000800c308       0x8c c:/st/stm32cubeide_1.11.0/stm32cubeide/plugins/com.st.stm32cube.ide.mcu.externaltools.gnu-tools-for-stm32.10.3-2021.10.win32_1.0.100.202210260954/tools/bin/../lib/gcc/arm-none-eabi/10.3.1/../../../../arm-none-eabi/lib/thumb/v7e-m+fp/hard\libc_nano.a(lib_a-findfp.o)
                0x000000000800c308                __sfp
 .text._fwalk_reent
                0x000000000800c394       0x3e c:/st/stm32cubeide_1.11.0/stm32cubeide/plugins/com.st.stm32cube.ide.mcu.externaltools.gnu-tools-for-stm32.10.3-2021.10.win32_1.0.100.202210260954/tools/bin/../lib/gcc/arm-none-eabi/10.3.1/../../../../arm-none-eabi/lib/thumb/v7e-m+fp/hard\libc_nano.a(lib_a-fwalk.o)
                0x000000000800c394                _fwalk_reent
 *fill*         0x000000000800c3d2        0x2 
 .text.__libc_init_array
                0x000000000800c3d4       0x48 c:/st/stm32cubeide_1.11.0/stm32cubeide/plugins/com.st.stm32cube.ide.mcu.externaltools.gnu-tools-for-stm32.10.3-2021.10.win32_1.0.100.202210260954/tools/bin/../lib/gcc/arm-none-eabi/10.3.1/../../../../arm-none-eabi/lib/thumb/v7e-m+fp/hard\libc_nano.a(lib_a-init.o)
                0x000000000800c3d4                __libc_init_array
 .text.__retarget_lock_init_recursive
                0x000000000800c41c        0x2 c:/st/stm32cubeide_1.11.0/stm32cubeide/plugins/com.st.stm32cube.ide.mcu.externaltools.gnu-tools-for-stm32.10.3-2021.10.win32_1.0.100.202210260954/tools/bin/../lib/gcc/arm-none-eabi/10.3.1/../../../../arm-none-eabi/lib/thumb/v7e-m+fp/hard\libc_nano.a(lib_a-lock.o)
                0x000000000800c41c                __retarget_lock_init_recursive
 .text.__retarget_lock_acquire_recursive
                0x000000000800c41e        0x2 c:/st/stm32cubeide_1.11.0/stm32cubeide/plugins/com.st.stm32cube.ide.mcu.externaltools.gnu-tools-for-stm32.10.3-2021.10.win32_1.0.100.202210260954/tools/bin/../lib/gcc/arm-none-eabi/10.3.1/../../../../arm-none-eabi/lib/thumb/v7e-m+fp/hard\libc_nano.a(lib_a-lock.o)
                0x000000000800c41e                __retarget_lock_acquire_recursive
 .text.__retarget_lock_release_recursive
                0x000000000800c420        0x2 c:/st/stm32cubeide_1.11.0/stm32cubeide/plugins/com.st.stm32cube.ide.mcu.externaltools.gnu-tools-for-stm32.10.3-2021.10.win32_1.0.100.202210260954/tools/bin/../lib/gcc/arm-none-eabi/10.3.1/../../../../arm-none-eabi/lib/thumb/v7e-m+fp/hard\libc_nano.a(lib_a-lock.o)
                0x000000000800c420                __retarget_lock_release_recursive
 .text.memcpy   0x000000000800c422       0x1c c:/st/stm32cubeide_1.11.0/stm32cubeide/plugins/com.st.stm32cube.ide.mcu.externaltools.gnu-tools-for-stm32.10.3-2021.10.win32_1.0.100.202210260954/tools/bin/../lib/gcc/arm-none-eabi/10.3.1/../../../../arm-none-eabi/lib/thumb/v7e-m+fp/hard\libc_nano.a(lib_a-memcpy-stub.o)
                0x000000000800c422                memcpy
 .text.memset   0x000000000800c43e       0x10 c:/st/stm32cubeide_1.11.0/stm32cubeide/plugins/com.st.stm32cube.ide.mcu.externaltools.gnu-tools-for-stm32.10.3-2021.10.win32_1.0.100.202210260954/tools/bin/../lib/gcc/arm-none-eabi/10.3.1/../../../../arm-none-eabi/lib/thumb/v7e-m+fp/hard\libc_nano.a(lib_a-memset.o)
                0x000000000800c43e                memset
 *fill*         0x000000000800c44e        0x2 
 .text.sbrk_aligned
                0x000000000800c450       0x40 c:/st/stm32cubeide_1.11.0/stm32cubeide/plugins/com.st.stm32cube.ide.mcu.externaltools.gnu-tools-for-stm32.10.3-2021.10.win32_1.0.100.202210260954/tools/bin/../lib/gcc/arm-none-eabi/10.3.1/../../../../arm-none-eabi/lib/thumb/v7e-m+fp/hard\libc_nano.a(lib_a-nano-mallocr.o)
 .text._malloc_r
                0x000000000800c490       0xe8 c:/st/stm32cubeide_1.11.0/stm32cubeide/plugins/com.st.stm32cube.ide.mcu.externaltools.gnu-tools-for-stm32.10.3-2021.10.win32_1.0.100.202210260954/tools/bin/../lib/gcc/arm-none-eabi/10.3.1/../../../../arm-none-eabi/lib/thumb/v7e-m+fp/hard\libc_nano.a(lib_a-nano-mallocr.o)
                0x000000000800c490                _malloc_r
 .text.printf   0x000000000800c578       0x30 c:/st/stm32cubeide_1.11.0/stm32cubeide/plugins/com.st.stm32cube.ide.mcu.externaltools.gnu-tools-for-stm32.10.3-2021.10.win32_1.0.100.202210260954/tools/bin/../lib/gcc/arm-none-eabi/10.3.1/../../../../arm-none-eabi/lib/thumb/v7e-m+fp/hard\libc_nano.a(lib_a-printf.o)
                0x000000000800c578                iprintf
                0x000000000800c578                printf
 .text._puts_r  0x000000000800c5a8       0xdc c:/st/stm32cubeide_1.11.0/stm32cubeide/plugins/com.st.stm32cube.ide.mcu.externaltools.gnu-tools-for-stm32.10.3-2021.10.win32_1.0.100.202210260954/tools/bin/../lib/gcc/arm-none-eabi/10.3.1/../../../../arm-none-eabi/lib/thumb/v7e-m+fp/hard\libc_nano.a(lib_a-puts.o)
                0x000000000800c5a8                _puts_r
 .text.puts     0x000000000800c684       0x10 c:/st/stm32cubeide_1.11.0/stm32cubeide/plugins/com.st.stm32cube.ide.mcu.externaltools.gnu-tools-for-stm32.10.3-2021.10.win32_1.0.100.202210260954/tools/bin/../lib/gcc/arm-none-eabi/10.3.1/../../../../arm-none-eabi/lib/thumb/v7e-m+fp/hard\libc_nano.a(lib_a-puts.o)
                0x000000000800c684                puts
 .text.cleanup_glue
                0x000000000800c694       0x1a c:/st/stm32cubeide_1.11.0/stm32cubeide/plugins/com.st.stm32cube.ide.mcu.externaltools.gnu-tools-for-stm32.10.3-2021.10.win32_1.0.100.202210260954/tools/bin/../lib/gcc/arm-none-eabi/10.3.1/../../../../arm-none-eabi/lib/thumb/v7e-m+fp/hard\libc_nano.a(lib_a-reent.o)
                0x000000000800c694                cleanup_glue
 *fill*         0x000000000800c6ae        0x2 
 .text._reclaim_reent
                0x000000000800c6b0       0xb8 c:/st/stm32cubeide_1.11.0/stm32cubeide/plugins/com.st.stm32cube.ide.mcu.externaltools.gnu-tools-for-stm32.10.3-2021.10.win32_1.0.100.202210260954/tools/bin/../lib/gcc/arm-none-eabi/10.3.1/../../../../arm-none-eabi/lib/thumb/v7e-m+fp/hard\libc_nano.a(lib_a-reent.o)
                0x000000000800c6b0                _reclaim_reent
 .text._sbrk_r  0x000000000800c768       0x20 c:/st/stm32cubeide_1.11.0/stm32cubeide/plugins/com.st.stm32cube.ide.mcu.externaltools.gnu-tools-for-stm32.10.3-2021.10.win32_1.0.100.202210260954/tools/bin/../lib/gcc/arm-none-eabi/10.3.1/../../../../arm-none-eabi/lib/thumb/v7e-m+fp/hard\libc_nano.a(lib_a-sbrkr.o)
                0x000000000800c768                _sbrk_r
 .text.sprintf  0x000000000800c788       0x40 c:/st/stm32cubeide_1.11.0/stm32cubeide/plugins/com.st.stm32cube.ide.mcu.externaltools.gnu-tools-for-stm32.10.3-2021.10.win32_1.0.100.202210260954/tools/bin/../lib/gcc/arm-none-eabi/10.3.1/../../../../arm-none-eabi/lib/thumb/v7e-m+fp/hard\libc_nano.a(lib_a-sprintf.o)
                0x000000000800c788                siprintf
                0x000000000800c788                sprintf
 .text.__sread  0x000000000800c7c8       0x22 c:/st/stm32cubeide_1.11.0/stm32cubeide/plugins/com.st.stm32cube.ide.mcu.externaltools.gnu-tools-for-stm32.10.3-2021.10.win32_1.0.100.202210260954/tools/bin/../lib/gcc/arm-none-eabi/10.3.1/../../../../arm-none-eabi/lib/thumb/v7e-m+fp/hard\libc_nano.a(lib_a-stdio.o)
                0x000000000800c7c8                __sread
 .text.__swrite
                0x000000000800c7ea       0x38 c:/st/stm32cubeide_1.11.0/stm32cubeide/plugins/com.st.stm32cube.ide.mcu.externaltools.gnu-tools-for-stm32.10.3-2021.10.win32_1.0.100.202210260954/tools/bin/../lib/gcc/arm-none-eabi/10.3.1/../../../../arm-none-eabi/lib/thumb/v7e-m+fp/hard\libc_nano.a(lib_a-stdio.o)
                0x000000000800c7ea                __swrite
 .text.__sseek  0x000000000800c822       0x24 c:/st/stm32cubeide_1.11.0/stm32cubeide/plugins/com.st.stm32cube.ide.mcu.externaltools.gnu-tools-for-stm32.10.3-2021.10.win32_1.0.100.202210260954/tools/bin/../lib/gcc/arm-none-eabi/10.3.1/../../../../arm-none-eabi/lib/thumb/v7e-m+fp/hard\libc_nano.a(lib_a-stdio.o)
                0x000000000800c822                __sseek
 .text.__sclose
                0x000000000800c846        0x8 c:/st/stm32cubeide_1.11.0/stm32cubeide/plugins/com.st.stm32cube.ide.mcu.externaltools.gnu-tools-for-stm32.10.3-2021.10.win32_1.0.100.202210260954/tools/bin/../lib/gcc/arm-none-eabi/10.3.1/../../../../arm-none-eabi/lib/thumb/v7e-m+fp/hard\libc_nano.a(lib_a-stdio.o)
                0x000000000800c846                __sclose
 .text.strncpy  0x000000000800c84e       0x26 c:/st/stm32cubeide_1.11.0/stm32cubeide/plugins/com.st.stm32cube.ide.mcu.externaltools.gnu-tools-for-stm32.10.3-2021.10.win32_1.0.100.202210260954/tools/bin/../lib/gcc/arm-none-eabi/10.3.1/../../../../arm-none-eabi/lib/thumb/v7e-m+fp/hard\libc_nano.a(lib_a-strncpy.o)
                0x000000000800c84e                strncpy
 .text.strstr   0x000000000800c874       0x2c c:/st/stm32cubeide_1.11.0/stm32cubeide/plugins/com.st.stm32cube.ide.mcu.externaltools.gnu-tools-for-stm32.10.3-2021.10.win32_1.0.100.202210260954/tools/bin/../lib/gcc/arm-none-eabi/10.3.1/../../../../arm-none-eabi/lib/thumb/v7e-m+fp/hard\libc_nano.a(lib_a-strstr.o)
                0x000000000800c874                strstr
 .text.strtok   0x000000000800c8a0       0x68 c:/st/stm32cubeide_1.11.0/stm32cubeide/plugins/com.st.stm32cube.ide.mcu.externaltools.gnu-tools-for-stm32.10.3-2021.10.win32_1.0.100.202210260954/tools/bin/../lib/gcc/arm-none-eabi/10.3.1/../../../../arm-none-eabi/lib/thumb/v7e-m+fp/hard\libc_nano.a(lib_a-strtok.o)
                0x000000000800c8a0                strtok
 .text.__strtok_r
                0x000000000800c908       0x50 c:/st/stm32cubeide_1.11.0/stm32cubeide/plugins/com.st.stm32cube.ide.mcu.externaltools.gnu-tools-for-stm32.10.3-2021.10.win32_1.0.100.202210260954/tools/bin/../lib/gcc/arm-none-eabi/10.3.1/../../../../arm-none-eabi/lib/thumb/v7e-m+fp/hard\libc_nano.a(lib_a-strtok_r.o)
                0x000000000800c908                __strtok_r
 .text.__swbuf_r
                0x000000000800c958       0xa4 c:/st/stm32cubeide_1.11.0/stm32cubeide/plugins/com.st.stm32cube.ide.mcu.externaltools.gnu-tools-for-stm32.10.3-2021.10.win32_1.0.100.202210260954/tools/bin/../lib/gcc/arm-none-eabi/10.3.1/../../../../arm-none-eabi/lib/thumb/v7e-m+fp/hard\libc_nano.a(lib_a-wbuf.o)
                0x000000000800c958                __swbuf_r
 .text._write_r
                0x000000000800c9fc       0x24 c:/st/stm32cubeide_1.11.0/stm32cubeide/plugins/com.st.stm32cube.ide.mcu.externaltools.gnu-tools-for-stm32.10.3-2021.10.win32_1.0.100.202210260954/tools/bin/../lib/gcc/arm-none-eabi/10.3.1/../../../../arm-none-eabi/lib/thumb/v7e-m+fp/hard\libc_nano.a(lib_a-writer.o)
                0x000000000800c9fc                _write_r
 .text.__swsetup_r
                0x000000000800ca20       0xdc c:/st/stm32cubeide_1.11.0/stm32cubeide/plugins/com.st.stm32cube.ide.mcu.externaltools.gnu-tools-for-stm32.10.3-2021.10.win32_1.0.100.202210260954/tools/bin/../lib/gcc/arm-none-eabi/10.3.1/../../../../arm-none-eabi/lib/thumb/v7e-m+fp/hard\libc_nano.a(lib_a-wsetup.o)
                0x000000000800ca20                __swsetup_r
 .text.__assert_func
                0x000000000800cafc       0x3c c:/st/stm32cubeide_1.11.0/stm32cubeide/plugins/com.st.stm32cube.ide.mcu.externaltools.gnu-tools-for-stm32.10.3-2021.10.win32_1.0.100.202210260954/tools/bin/../lib/gcc/arm-none-eabi/10.3.1/../../../../arm-none-eabi/lib/thumb/v7e-m+fp/hard\libc_nano.a(lib_a-assert.o)
                0x000000000800cafc                __assert_func
 .text._close_r
                0x000000000800cb38       0x20 c:/st/stm32cubeide_1.11.0/stm32cubeide/plugins/com.st.stm32cube.ide.mcu.externaltools.gnu-tools-for-stm32.10.3-2021.10.win32_1.0.100.202210260954/tools/bin/../lib/gcc/arm-none-eabi/10.3.1/../../../../arm-none-eabi/lib/thumb/v7e-m+fp/hard\libc_nano.a(lib_a-closer.o)
                0x000000000800cb38                _close_r
 .text.__sflush_r
                0x000000000800cb58      0x10c c:/st/stm32cubeide_1.11.0/stm32cubeide/plugins/com.st.stm32cube.ide.mcu.externaltools.gnu-tools-for-stm32.10.3-2021.10.win32_1.0.100.202210260954/tools/bin/../lib/gcc/arm-none-eabi/10.3.1/../../../../arm-none-eabi/lib/thumb/v7e-m+fp/hard\libc_nano.a(lib_a-fflush.o)
                0x000000000800cb58                __sflush_r
 .text._fflush_r
                0x000000000800cc64       0x78 c:/st/stm32cubeide_1.11.0/stm32cubeide/plugins/com.st.stm32cube.ide.mcu.externaltools.gnu-tools-for-stm32.10.3-2021.10.win32_1.0.100.202210260954/tools/bin/../lib/gcc/arm-none-eabi/10.3.1/../../../../arm-none-eabi/lib/thumb/v7e-m+fp/hard\libc_nano.a(lib_a-fflush.o)
                0x000000000800cc64                _fflush_r
 .text.fprintf  0x000000000800ccdc       0x24 c:/st/stm32cubeide_1.11.0/stm32cubeide/plugins/com.st.stm32cube.ide.mcu.externaltools.gnu-tools-for-stm32.10.3-2021.10.win32_1.0.100.202210260954/tools/bin/../lib/gcc/arm-none-eabi/10.3.1/../../../../arm-none-eabi/lib/thumb/v7e-m+fp/hard\libc_nano.a(lib_a-fprintf.o)
                0x000000000800ccdc                fiprintf
                0x000000000800ccdc                fprintf
 .text._lseek_r
                0x000000000800cd00       0x24 c:/st/stm32cubeide_1.11.0/stm32cubeide/plugins/com.st.stm32cube.ide.mcu.externaltools.gnu-tools-for-stm32.10.3-2021.10.win32_1.0.100.202210260954/tools/bin/../lib/gcc/arm-none-eabi/10.3.1/../../../../arm-none-eabi/lib/thumb/v7e-m+fp/hard\libc_nano.a(lib_a-lseekr.o)
                0x000000000800cd00                _lseek_r
 .text.__swhatbuf_r
                0x000000000800cd24       0x4a c:/st/stm32cubeide_1.11.0/stm32cubeide/plugins/com.st.stm32cube.ide.mcu.externaltools.gnu-tools-for-stm32.10.3-2021.10.win32_1.0.100.202210260954/tools/bin/../lib/gcc/arm-none-eabi/10.3.1/../../../../arm-none-eabi/lib/thumb/v7e-m+fp/hard\libc_nano.a(lib_a-makebuf.o)
                0x000000000800cd24                __swhatbuf_r
 *fill*         0x000000000800cd6e        0x2 
 .text.__smakebuf_r
                0x000000000800cd70       0x80 c:/st/stm32cubeide_1.11.0/stm32cubeide/plugins/com.st.stm32cube.ide.mcu.externaltools.gnu-tools-for-stm32.10.3-2021.10.win32_1.0.100.202210260954/tools/bin/../lib/gcc/arm-none-eabi/10.3.1/../../../../arm-none-eabi/lib/thumb/v7e-m+fp/hard\libc_nano.a(lib_a-makebuf.o)
                0x000000000800cd70                __smakebuf_r
 .text.malloc   0x000000000800cdf0       0x10 c:/st/stm32cubeide_1.11.0/stm32cubeide/plugins/com.st.stm32cube.ide.mcu.externaltools.gnu-tools-for-stm32.10.3-2021.10.win32_1.0.100.202210260954/tools/bin/../lib/gcc/arm-none-eabi/10.3.1/../../../../arm-none-eabi/lib/thumb/v7e-m+fp/hard\libc_nano.a(lib_a-malloc.o)
                0x000000000800cdf0                malloc
 .text.__malloc_lock
                0x000000000800ce00        0xc c:/st/stm32cubeide_1.11.0/stm32cubeide/plugins/com.st.stm32cube.ide.mcu.externaltools.gnu-tools-for-stm32.10.3-2021.10.win32_1.0.100.202210260954/tools/bin/../lib/gcc/arm-none-eabi/10.3.1/../../../../arm-none-eabi/lib/thumb/v7e-m+fp/hard\libc_nano.a(lib_a-mlock.o)
                0x000000000800ce00                __malloc_lock
 .text.__malloc_unlock
                0x000000000800ce0c        0xc c:/st/stm32cubeide_1.11.0/stm32cubeide/plugins/com.st.stm32cube.ide.mcu.externaltools.gnu-tools-for-stm32.10.3-2021.10.win32_1.0.100.202210260954/tools/bin/../lib/gcc/arm-none-eabi/10.3.1/../../../../arm-none-eabi/lib/thumb/v7e-m+fp/hard\libc_nano.a(lib_a-mlock.o)
                0x000000000800ce0c                __malloc_unlock
 .text._free_r  0x000000000800ce18       0x98 c:/st/stm32cubeide_1.11.0/stm32cubeide/plugins/com.st.stm32cube.ide.mcu.externaltools.gnu-tools-for-stm32.10.3-2021.10.win32_1.0.100.202210260954/tools/bin/../lib/gcc/arm-none-eabi/10.3.1/../../../../arm-none-eabi/lib/thumb/v7e-m+fp/hard\libc_nano.a(lib_a-nano-freer.o)
                0x000000000800ce18                _free_r
 .text.__ssputs_r
                0x000000000800ceb0       0xb6 c:/st/stm32cubeide_1.11.0/stm32cubeide/plugins/com.st.stm32cube.ide.mcu.externaltools.gnu-tools-for-stm32.10.3-2021.10.win32_1.0.100.202210260954/tools/bin/../lib/gcc/arm-none-eabi/10.3.1/../../../../arm-none-eabi/lib/thumb/v7e-m+fp/hard\libc_nano.a(lib_a-nano-svfprintf.o)
                0x000000000800ceb0                __ssputs_r
 *fill*         0x000000000800cf66        0x2 
 .text._svfprintf_r
                0x000000000800cf68      0x200 c:/st/stm32cubeide_1.11.0/stm32cubeide/plugins/com.st.stm32cube.ide.mcu.externaltools.gnu-tools-for-stm32.10.3-2021.10.win32_1.0.100.202210260954/tools/bin/../lib/gcc/arm-none-eabi/10.3.1/../../../../arm-none-eabi/lib/thumb/v7e-m+fp/hard\libc_nano.a(lib_a-nano-svfprintf.o)
                0x000000000800cf68                _svfiprintf_r
                0x000000000800cf68                _svfprintf_r
 .text.__sfputc_r
                0x000000000800d168       0x2e c:/st/stm32cubeide_1.11.0/stm32cubeide/plugins/com.st.stm32cube.ide.mcu.externaltools.gnu-tools-for-stm32.10.3-2021.10.win32_1.0.100.202210260954/tools/bin/../lib/gcc/arm-none-eabi/10.3.1/../../../../arm-none-eabi/lib/thumb/v7e-m+fp/hard\libc_nano.a(lib_a-nano-vfprintf.o)
 .text.__sfputs_r
                0x000000000800d196       0x24 c:/st/stm32cubeide_1.11.0/stm32cubeide/plugins/com.st.stm32cube.ide.mcu.externaltools.gnu-tools-for-stm32.10.3-2021.10.win32_1.0.100.202210260954/tools/bin/../lib/gcc/arm-none-eabi/10.3.1/../../../../arm-none-eabi/lib/thumb/v7e-m+fp/hard\libc_nano.a(lib_a-nano-vfprintf.o)
                0x000000000800d196                __sfputs_r
 *fill*         0x000000000800d1ba        0x2 
 .text._vfprintf_r
                0x000000000800d1bc      0x260 c:/st/stm32cubeide_1.11.0/stm32cubeide/plugins/com.st.stm32cube.ide.mcu.externaltools.gnu-tools-for-stm32.10.3-2021.10.win32_1.0.100.202210260954/tools/bin/../lib/gcc/arm-none-eabi/10.3.1/../../../../arm-none-eabi/lib/thumb/v7e-m+fp/hard\libc_nano.a(lib_a-nano-vfprintf.o)
                0x000000000800d1bc                _vfprintf_r
                0x000000000800d1bc                _vfiprintf_r
 .text._printf_common
                0x000000000800d41c       0xda c:/st/stm32cubeide_1.11.0/stm32cubeide/plugins/com.st.stm32cube.ide.mcu.externaltools.gnu-tools-for-stm32.10.3-2021.10.win32_1.0.100.202210260954/tools/bin/../lib/gcc/arm-none-eabi/10.3.1/../../../../arm-none-eabi/lib/thumb/v7e-m+fp/hard\libc_nano.a(lib_a-nano-vfprintf_i.o)
                0x000000000800d41c                _printf_common
 *fill*         0x000000000800d4f6        0x2 
 .text._printf_i
                0x000000000800d4f8      0x24c c:/st/stm32cubeide_1.11.0/stm32cubeide/plugins/com.st.stm32cube.ide.mcu.externaltools.gnu-tools-for-stm32.10.3-2021.10.win32_1.0.100.202210260954/tools/bin/../lib/gcc/arm-none-eabi/10.3.1/../../../../arm-none-eabi/lib/thumb/v7e-m+fp/hard\libc_nano.a(lib_a-nano-vfprintf_i.o)
                0x000000000800d4f8                _printf_i
 .text._read_r  0x000000000800d744       0x24 c:/st/stm32cubeide_1.11.0/stm32cubeide/plugins/com.st.stm32cube.ide.mcu.externaltools.gnu-tools-for-stm32.10.3-2021.10.win32_1.0.100.202210260954/tools/bin/../lib/gcc/arm-none-eabi/10.3.1/../../../../arm-none-eabi/lib/thumb/v7e-m+fp/hard\libc_nano.a(lib_a-readr.o)
                0x000000000800d744                _read_r
 .text.abort    0x000000000800d768        0xe c:/st/stm32cubeide_1.11.0/stm32cubeide/plugins/com.st.stm32cube.ide.mcu.externaltools.gnu-tools-for-stm32.10.3-2021.10.win32_1.0.100.202210260954/tools/bin/../lib/gcc/arm-none-eabi/10.3.1/../../../../arm-none-eabi/lib/thumb/v7e-m+fp/hard\libc_nano.a(lib_a-abort.o)
                0x000000000800d768                abort
 *fill*         0x000000000800d776        0x2 
 .text._fstat_r
                0x000000000800d778       0x24 c:/st/stm32cubeide_1.11.0/stm32cubeide/plugins/com.st.stm32cube.ide.mcu.externaltools.gnu-tools-for-stm32.10.3-2021.10.win32_1.0.100.202210260954/tools/bin/../lib/gcc/arm-none-eabi/10.3.1/../../../../arm-none-eabi/lib/thumb/v7e-m+fp/hard\libc_nano.a(lib_a-fstatr.o)
                0x000000000800d778                _fstat_r
 .text._isatty_r
                0x000000000800d79c       0x20 c:/st/stm32cubeide_1.11.0/stm32cubeide/plugins/com.st.stm32cube.ide.mcu.externaltools.gnu-tools-for-stm32.10.3-2021.10.win32_1.0.100.202210260954/tools/bin/../lib/gcc/arm-none-eabi/10.3.1/../../../../arm-none-eabi/lib/thumb/v7e-m+fp/hard\libc_nano.a(lib_a-isattyr.o)
                0x000000000800d79c                _isatty_r
 .text.memmove  0x000000000800d7bc       0x34 c:/st/stm32cubeide_1.11.0/stm32cubeide/plugins/com.st.stm32cube.ide.mcu.externaltools.gnu-tools-for-stm32.10.3-2021.10.win32_1.0.100.202210260954/tools/bin/../lib/gcc/arm-none-eabi/10.3.1/../../../../arm-none-eabi/lib/thumb/v7e-m+fp/hard\libc_nano.a(lib_a-memmove.o)
                0x000000000800d7bc                memmove
 .text._realloc_r
                0x000000000800d7f0       0x5e c:/st/stm32cubeide_1.11.0/stm32cubeide/plugins/com.st.stm32cube.ide.mcu.externaltools.gnu-tools-for-stm32.10.3-2021.10.win32_1.0.100.202210260954/tools/bin/../lib/gcc/arm-none-eabi/10.3.1/../../../../arm-none-eabi/lib/thumb/v7e-m+fp/hard\libc_nano.a(lib_a-nano-reallocr.o)
                0x000000000800d7f0                _realloc_r
 .text._raise_r
                0x000000000800d84e       0x50 c:/st/stm32cubeide_1.11.0/stm32cubeide/plugins/com.st.stm32cube.ide.mcu.externaltools.gnu-tools-for-stm32.10.3-2021.10.win32_1.0.100.202210260954/tools/bin/../lib/gcc/arm-none-eabi/10.3.1/../../../../arm-none-eabi/lib/thumb/v7e-m+fp/hard\libc_nano.a(lib_a-signal.o)
                0x000000000800d84e                _raise_r
 *fill*         0x000000000800d89e        0x2 
 .text.raise    0x000000000800d8a0       0x10 c:/st/stm32cubeide_1.11.0/stm32cubeide/plugins/com.st.stm32cube.ide.mcu.externaltools.gnu-tools-for-stm32.10.3-2021.10.win32_1.0.100.202210260954/tools/bin/../lib/gcc/arm-none-eabi/10.3.1/../../../../arm-none-eabi/lib/thumb/v7e-m+fp/hard\libc_nano.a(lib_a-signal.o)
                0x000000000800d8a0                raise
 .text._kill_r  0x000000000800d8b0       0x24 c:/st/stm32cubeide_1.11.0/stm32cubeide/plugins/com.st.stm32cube.ide.mcu.externaltools.gnu-tools-for-stm32.10.3-2021.10.win32_1.0.100.202210260954/tools/bin/../lib/gcc/arm-none-eabi/10.3.1/../../../../arm-none-eabi/lib/thumb/v7e-m+fp/hard\libc_nano.a(lib_a-signalr.o)
                0x000000000800d8b0                _kill_r
 .text._getpid_r
                0x000000000800d8d4        0x4 c:/st/stm32cubeide_1.11.0/stm32cubeide/plugins/com.st.stm32cube.ide.mcu.externaltools.gnu-tools-for-stm32.10.3-2021.10.win32_1.0.100.202210260954/tools/bin/../lib/gcc/arm-none-eabi/10.3.1/../../../../arm-none-eabi/lib/thumb/v7e-m+fp/hard\libc_nano.a(lib_a-signalr.o)
                0x000000000800d8d4                _getpid_r
 .text._malloc_usable_size_r
                0x000000000800d8d8       0x10 c:/st/stm32cubeide_1.11.0/stm32cubeide/plugins/com.st.stm32cube.ide.mcu.externaltools.gnu-tools-for-stm32.10.3-2021.10.win32_1.0.100.202210260954/tools/bin/../lib/gcc/arm-none-eabi/10.3.1/../../../../arm-none-eabi/lib/thumb/v7e-m+fp/hard\libc_nano.a(lib_a-nano-msizer.o)
                0x000000000800d8d8                _malloc_usable_size_r
 *(.glue_7)
 .glue_7        0x000000000800d8e8        0x0 linker stubs
 *(.glue_7t)
 .glue_7t       0x000000000800d8e8        0x0 linker stubs
 *(.eh_frame)
 .eh_frame      0x000000000800d8e8        0x0 c:/st/stm32cubeide_1.11.0/stm32cubeide/plugins/com.st.stm32cube.ide.mcu.externaltools.gnu-tools-for-stm32.10.3-2021.10.win32_1.0.100.202210260954/tools/bin/../lib/gcc/arm-none-eabi/10.3.1/thumb/v7e-m+fp/hard/crtbegin.o
 *(.init)
 .init          0x000000000800d8e8        0x4 c:/st/stm32cubeide_1.11.0/stm32cubeide/plugins/com.st.stm32cube.ide.mcu.externaltools.gnu-tools-for-stm32.10.3-2021.10.win32_1.0.100.202210260954/tools/bin/../lib/gcc/arm-none-eabi/10.3.1/thumb/v7e-m+fp/hard/crti.o
                0x000000000800d8e8                _init
 .init          0x000000000800d8ec        0x8 c:/st/stm32cubeide_1.11.0/stm32cubeide/plugins/com.st.stm32cube.ide.mcu.externaltools.gnu-tools-for-stm32.10.3-2021.10.win32_1.0.100.202210260954/tools/bin/../lib/gcc/arm-none-eabi/10.3.1/thumb/v7e-m+fp/hard/crtn.o
 *(.fini)
 .fini          0x000000000800d8f4        0x4 c:/st/stm32cubeide_1.11.0/stm32cubeide/plugins/com.st.stm32cube.ide.mcu.externaltools.gnu-tools-for-stm32.10.3-2021.10.win32_1.0.100.202210260954/tools/bin/../lib/gcc/arm-none-eabi/10.3.1/thumb/v7e-m+fp/hard/crti.o
                0x000000000800d8f4                _fini